<html>
<body>
<pre>
<h1>礦ision Build Log</h1>
<h2>Tool Versions:</h2>
IDE-Version: μVision V5.30.0.0
Copyright (C) 2020 ARM Ltd and ARM Germany GmbH. All rights reserved.
License Information: CP CP, CP, LIC=LJWQD-8FB75-HR3XN-Y6X1N-BKKDN-G5BAZ
 
Tool Versions:
Toolchain:       MDK-ARM Professional  Version: 5.30.0.0
Toolchain Path:  C:\Keil_v5\ARM\ARMCC\Bin
C Compiler:      Armcc.exe V5.06 update 6 (build 750)
Assembler:       Armasm.exe V5.06 update 6 (build 750)
Linker/Locator:  ArmLink.exe V5.06 update 6 (build 750)
Library Manager: ArmAr.exe V5.06 update 6 (build 750)
Hex Converter:   FromElf.exe V5.06 update 6 (build 750)
CPU DLL:         SARMCM3.DLL V5.30.0.0
Dialog DLL:      DARMCM1.DLL V1.19.3.0
Target DLL:      UL2CM3.DLL V1.163.3.0
Dialog DLL:      TARMCM1.DLL V1.14.2.0
 
<h2>Project:</h2>
C:\Users\24716\Desktop\MM32W0xxxB 蓝牙OTA升级开发包V1.0\2-Sample_Code\MM32W072_OTA_APP\MM32_OTA_APP.uvprojx
Project File Date:  06/02/2020

<h2>Output:</h2>
*** Using Compiler 'V5.06 update 6 (build 750)', folder: 'C:\Keil_v5\ARM\ARMCC\Bin'
Rebuild target 'APP-OTA'
assembling startup_MM32L0xx.s...
compiling HAL_bkp.c...
compiling system_MM32L0xx.c...
compiling HAL_dma.c...
compiling HAL_comp.c...
compiling HAL_exti.c...
compiling MM32W072_it.c...
compiling HAL_can.c...
compiling HAL_adc.c...
compiling BSP_OTA.c...
compiling HAL_flash.c...
compiling HAL_gpio.c...
compiling HAL_aes.c...
compiling HAL_iwdg.c...
compiling HAL_memprotect.c...
Device\MM32L0xx\HAL_lib\src\HAL_memprotect.c(135): warning:  #61-D: integer operation result is out of range
      FLASH->ACR |= (0xcc103<<12)|(1<<11);
Device\MM32L0xx\HAL_lib\src\HAL_memprotect.c(136): warning:  #61-D: integer operation result is out of range
      FLASH->CR |= (0xA5BA<<16);
Device\MM32L0xx\HAL_lib\src\HAL_memprotect.c(136): warning:  #68-D: integer conversion resulted in a change of sign
      FLASH->CR |= (0xA5BA<<16);
Device\MM32L0xx\HAL_lib\src\HAL_memprotect.c: 3 warnings, 0 errors
compiling HAL_misc.c...
compiling HAL_pwr.c...
compiling HAL_i2c.c...
compiling HAL_syscfg.c...
compiling HAL_spi.c...
compiling HAL_rcc.c...
compiling HAL_uart.c...
compiling HAL_wwdg.c...
compiling HAL_tim.c...
compiling app_OTA.c...
Src\app_OTA.c(172): warning:  #223-D: function "OTA_Proc" declared implicitly
              OTA_Proc(attValue, valueLen_w); //rsp followed
Src\app_OTA.c: 1 warning, 0 errors
compiling main_OTA.c...
linking...
Program Size: Code=13548 RO-data=940 RW-data=424 ZI-data=1808  
FromELF: creating hex file...
".\obj\APP-OTA.axf" - 0 Error(s), 4 Warning(s).

<h2>Software Packages used:</h2>

Package Vendor: MindMotion
                http://www.mindmotion.com.cn/Download/MDK_KEIL/MindMotion.MM32L0xx_DFP.1.0.8.pack
                MindMotion.MM32L0xx_DFP.1.0.8
                MindMotion MM32L0xx Series Device Support, Drivers and Examples

<h2>Collection of Component include folders:</h2>
  .\RTE\_APP-OTA
  C:\Users\24716\AppData\Local\Arm\Packs\MindMotion\MM32L0xx_DFP\1.0.8\Device\MM32L0xx\Include

<h2>Collection of Component Files used:</h2>
Build Time Elapsed:  00:00:02
</pre>
</body>
</html>
