<html>
<body>
<pre>
<h1>µVision Build Log</h1>
<h2>Tool Versions:</h2>
IDE-Version: ¦ÌVision V5.31.0.0
Copyright (C) 2020 ARM Ltd and ARM Germany GmbH. All rights reserved.
License Information: CP CP, CP, LIC=LJWQD-8FB75-HR3XN-Y6X1N-BKKDN-G5BAZ
 
Tool Versions:
Toolchain:       MDK-ARM Professional  Version: 5.31.0.0
Toolchain Path:  C:\Keil_v5\ARM\ARMCC\Bin
C Compiler:      Armcc.exe V5.06 update 6 (build 750)
Assembler:       Armasm.exe V5.06 update 6 (build 750)
Linker/Locator:  ArmLink.exe V5.06 update 6 (build 750)
Library Manager: ArmAr.exe V5.06 update 6 (build 750)
Hex Converter:   FromElf.exe V5.06 update 6 (build 750)
CPU DLL:         SARMCM3.DLL V5.31.0.0
Dialog DLL:      DCM.DLL V1.17.3.0
Target DLL:      MM32LINKCM3.dll V1.0.0.0
Dialog DLL:      TCM.DLL V1.46.0.0
 
<h2>Project:</h2>
C:\Users\24716\Desktop\mm32_IAP\AES\mm32_IAP_103_o_boot\Boards_MM32F103xx_o\MB103CET_o_lib\BLINK\IOToggle\KEIL_PRJ\IOToggle.uvprojx
Project File Date:  09/15/2020

<h2>Output:</h2>
*** Using Compiler 'V5.06 update 6 (build 750)', folder: 'C:\Keil_v5\ARM\ARMCC\Bin'
Rebuild target 'MM32'
assembling startup_MM32F103xCxE_o.s...
compiling aes.c...
compiling system_MM32F103xCxE_o.c...
compiling download.c...
compiling main.c...
compiling HAL_gpio.c...
compiling upload.c...
compiling common.c...
compiling HAL_flash.c...
compiling ymodem.c...
compiling HAL_misc.c...
compiling HAL_rcc.c...
compiling HAL_aes.c...
compiling HAL_syscfg.c...
compiling HAL_uart.c...
linking...
Program Size: Code=11598 RO-data=578 RW-data=104 ZI-data=6244  
FromELF: creating hex file...
After Build - User command #1: fromelf --bin "C:\Users\24716\Desktop\mm32_IAP\AES\mm32_IAP_103_o_boot\Boards_MM32F103xx_o\MB103CET_o_lib\BLINK\IOToggle\KEIL_PRJ\obj\DebugInFlash\bootloader.axf" --output "C:\Users\24716\Desktop\mm32_IAP\AES\mm32_IAP_103_o_boot\Boards_MM32F103xx_o\MB103CET_o_lib\BLINK\IOToggle\KEIL_PRJ\obj\DebugInFlash\bootloader.bin"
".\obj\DebugInFlash\bootloader.axf" - 0 Error(s), 0 Warning(s).

<h2>Software Packages used:</h2>

Package Vendor: MindMotion
                http://www.mindmotion.com.cn/Download/MDK_KEIL/MindMotion.MM32F103xCxE_DFP.1.0.4.pack
                MindMotion.MM32F103xCxE_DFP.1.0.4
                MindMotion MM32F103xCxE Series Device Support, Drivers and Examples

<h2>Collection of Component include folders:</h2>

<h2>Collection of Component Files used:</h2>
Build Time Elapsed:  00:00:01
</pre>
</body>
</html>
