Component: ARM Compiler 5.06 update 6 (build 750) Tool: armlink [4d35ed]

==============================================================================

Section Cross References

    main.o(.text) refers to printf6.o(i.__0printf$6) for __2printf
    main.o(.text) refers to hal_flash.o(.text) for FLASH_Unlock
    main.o(.text) refers to hal_uart.o(.text) for UART_SendData
    main.o(.text) refers to hal_rcc.o(.text) for RCC_APB2PeriphClockCmd
    main.o(.text) refers to hal_misc.o(.text) for NVIC_Init
    main.o(.text) refers to hal_gpio.o(.text) for GPIO_Init
    main.o(.text) refers to printf6.o(i.__0sprintf$6) for __2sprintf
    main.o(.text) refers to memseta.o(.text) for __aeabi_memclr
    main.o(.text) refers to main.o(.ARM.__AT_0x0801FFFC) for UpdateFlag
    main.o(.text) refers to main.o(.data) for fac_ms
    main.o(.text) refers to system_mm32f103xcxe_o.o(.data) for SystemCoreClock
    main.o(.text) refers to main.o(.bss) for printBuf
    system_mm32f103xcxe_o.o(.text) refers to system_mm32f103xcxe_o.o(.data) for SystemCoreClock
    startup_mm32f103xcxe_o.o(RESET) refers to startup_mm32f103xcxe_o.o(STACK) for __initial_sp
    startup_mm32f103xcxe_o.o(RESET) refers to startup_mm32f103xcxe_o.o(.text) for Reset_Handler
    startup_mm32f103xcxe_o.o(RESET) refers to main.o(.text) for UART1_IRQHandler
    startup_mm32f103xcxe_o.o(.text) refers to system_mm32f103xcxe_o.o(.text) for SystemInit
    startup_mm32f103xcxe_o.o(.text) refers to entry.o(.ARM.Collect$$$$00000000) for __main
    hal_adc.o(.text) refers to hal_rcc.o(.text) for RCC_APB2PeriphResetCmd
    hal_aes.o(.text) refers to hal_rcc.o(.text) for RCC_AHB2PeriphClockCmd
    hal_bkp.o(.text) refers to hal_rcc.o(.text) for RCC_BackupResetCmd
    hal_can.o(.text) refers to hal_rcc.o(.text) for RCC_APB1PeriphResetCmd
    hal_gpio.o(.text) refers to hal_rcc.o(.text) for RCC_AHB1PeriphClockCmd
    hal_i2c.o(.text) refers to hal_rcc.o(.text) for RCC_APB1PeriphResetCmd
    hal_i2c.o(.text) refers to hal_i2c.o(.data) for I2C_DMA_DIR
    hal_pwr.o(.text) refers to hal_rcc.o(.text) for RCC_APB1PeriphResetCmd
    hal_rcc.o(.text) refers to hal_rcc.o(.data) for APBAHBPrescTable
    hal_spi.o(.text) refers to hal_rcc.o(.text) for RCC_APB2PeriphResetCmd
    hal_tim.o(.text) refers to hal_rcc.o(.text) for RCC_APB2PeriphResetCmd
    hal_uart.o(.text) refers to hal_rcc.o(.text) for RCC_APB2PeriphResetCmd
    hal_wwdg.o(.text) refers to hal_rcc.o(.text) for RCC_APB1PeriphResetCmd
    entry.o(.ARM.Collect$$$$00000000) refers (Special) to entry10a.o(.ARM.Collect$$$$0000000D) for __rt_final_cpp
    entry.o(.ARM.Collect$$$$00000000) refers (Special) to entry11a.o(.ARM.Collect$$$$0000000F) for __rt_final_exit
    entry.o(.ARM.Collect$$$$00000000) refers (Special) to entry7b.o(.ARM.Collect$$$$00000008) for _main_clock
    entry.o(.ARM.Collect$$$$00000000) refers (Special) to entry8b.o(.ARM.Collect$$$$0000000A) for _main_cpp_init
    entry.o(.ARM.Collect$$$$00000000) refers (Special) to entry9a.o(.ARM.Collect$$$$0000000B) for _main_init
    entry.o(.ARM.Collect$$$$00000000) refers (Special) to entry5.o(.ARM.Collect$$$$00000004) for _main_scatterload
    entry.o(.ARM.Collect$$$$00000000) refers (Special) to entry2.o(.ARM.Collect$$$$00000001) for _main_stk
    printfb.o(i.__0fprintf$bare) refers to printfb.o(i._printf_core) for _printf_core
    printfb.o(i.__0fprintf$bare) refers to main.o(.text) for fputc
    printfb.o(i.__0printf$bare) refers to printfb.o(i._printf_core) for _printf_core
    printfb.o(i.__0printf$bare) refers to main.o(.text) for fputc
    printfb.o(i.__0printf$bare) refers to stdout.o(.data) for __stdout
    printfb.o(i.__0snprintf$bare) refers to printfb.o(i._printf_core) for _printf_core
    printfb.o(i.__0snprintf$bare) refers to printfb.o(i._snputc) for _snputc
    printfb.o(i.__0sprintf$bare) refers to printfb.o(i._printf_core) for _printf_core
    printfb.o(i.__0sprintf$bare) refers to printfb.o(i._sputc) for _sputc
    printfb.o(i.__0vfprintf$bare) refers to printfb.o(i._printf_core) for _printf_core
    printfb.o(i.__0vfprintf$bare) refers to main.o(.text) for fputc
    printfb.o(i.__0vprintf$bare) refers to printfb.o(i._printf_core) for _printf_core
    printfb.o(i.__0vprintf$bare) refers to main.o(.text) for fputc
    printfb.o(i.__0vprintf$bare) refers to stdout.o(.data) for __stdout
    printfb.o(i.__0vsnprintf$bare) refers to printfb.o(i._printf_core) for _printf_core
    printfb.o(i.__0vsnprintf$bare) refers to printfb.o(i._snputc) for _snputc
    printfb.o(i.__0vsprintf$bare) refers to printfb.o(i._printf_core) for _printf_core
    printfb.o(i.__0vsprintf$bare) refers to printfb.o(i._sputc) for _sputc
    printf0.o(i.__0fprintf$0) refers to printf0.o(i._printf_core) for _printf_core
    printf0.o(i.__0fprintf$0) refers to main.o(.text) for fputc
    printf0.o(i.__0printf$0) refers to printf0.o(i._printf_core) for _printf_core
    printf0.o(i.__0printf$0) refers to main.o(.text) for fputc
    printf0.o(i.__0printf$0) refers to stdout.o(.data) for __stdout
    printf0.o(i.__0snprintf$0) refers to printf0.o(i._printf_core) for _printf_core
    printf0.o(i.__0snprintf$0) refers to printf0.o(i._snputc) for _snputc
    printf0.o(i.__0sprintf$0) refers to printf0.o(i._printf_core) for _printf_core
    printf0.o(i.__0sprintf$0) refers to printf0.o(i._sputc) for _sputc
    printf0.o(i.__0vfprintf$0) refers to printf0.o(i._printf_core) for _printf_core
    printf0.o(i.__0vfprintf$0) refers to main.o(.text) for fputc
    printf0.o(i.__0vprintf$0) refers to printf0.o(i._printf_core) for _printf_core
    printf0.o(i.__0vprintf$0) refers to main.o(.text) for fputc
    printf0.o(i.__0vprintf$0) refers to stdout.o(.data) for __stdout
    printf0.o(i.__0vsnprintf$0) refers to printf0.o(i._printf_core) for _printf_core
    printf0.o(i.__0vsnprintf$0) refers to printf0.o(i._snputc) for _snputc
    printf0.o(i.__0vsprintf$0) refers to printf0.o(i._printf_core) for _printf_core
    printf0.o(i.__0vsprintf$0) refers to printf0.o(i._sputc) for _sputc
    printf1.o(i.__0fprintf$1) refers to printf1.o(i._printf_core) for _printf_core
    printf1.o(i.__0fprintf$1) refers to main.o(.text) for fputc
    printf1.o(i.__0printf$1) refers to printf1.o(i._printf_core) for _printf_core
    printf1.o(i.__0printf$1) refers to main.o(.text) for fputc
    printf1.o(i.__0printf$1) refers to stdout.o(.data) for __stdout
    printf1.o(i.__0snprintf$1) refers to printf1.o(i._printf_core) for _printf_core
    printf1.o(i.__0snprintf$1) refers to printf1.o(i._snputc) for _snputc
    printf1.o(i.__0sprintf$1) refers to printf1.o(i._printf_core) for _printf_core
    printf1.o(i.__0sprintf$1) refers to printf1.o(i._sputc) for _sputc
    printf1.o(i.__0vfprintf$1) refers to printf1.o(i._printf_core) for _printf_core
    printf1.o(i.__0vfprintf$1) refers to main.o(.text) for fputc
    printf1.o(i.__0vprintf$1) refers to printf1.o(i._printf_core) for _printf_core
    printf1.o(i.__0vprintf$1) refers to main.o(.text) for fputc
    printf1.o(i.__0vprintf$1) refers to stdout.o(.data) for __stdout
    printf1.o(i.__0vsnprintf$1) refers to printf1.o(i._printf_core) for _printf_core
    printf1.o(i.__0vsnprintf$1) refers to printf1.o(i._snputc) for _snputc
    printf1.o(i.__0vsprintf$1) refers to printf1.o(i._printf_core) for _printf_core
    printf1.o(i.__0vsprintf$1) refers to printf1.o(i._sputc) for _sputc
    printf1.o(i._printf_core) refers to uidiv.o(.text) for __aeabi_uidivmod
    printf2.o(i.__0fprintf$2) refers to printf2.o(i._printf_core) for _printf_core
    printf2.o(i.__0fprintf$2) refers to main.o(.text) for fputc
    printf2.o(i.__0printf$2) refers to printf2.o(i._printf_core) for _printf_core
    printf2.o(i.__0printf$2) refers to main.o(.text) for fputc
    printf2.o(i.__0printf$2) refers to stdout.o(.data) for __stdout
    printf2.o(i.__0snprintf$2) refers to printf2.o(i._printf_core) for _printf_core
    printf2.o(i.__0snprintf$2) refers to printf2.o(i._snputc) for _snputc
    printf2.o(i.__0sprintf$2) refers to printf2.o(i._printf_core) for _printf_core
    printf2.o(i.__0sprintf$2) refers to printf2.o(i._sputc) for _sputc
    printf2.o(i.__0vfprintf$2) refers to printf2.o(i._printf_core) for _printf_core
    printf2.o(i.__0vfprintf$2) refers to main.o(.text) for fputc
    printf2.o(i.__0vprintf$2) refers to printf2.o(i._printf_core) for _printf_core
    printf2.o(i.__0vprintf$2) refers to main.o(.text) for fputc
    printf2.o(i.__0vprintf$2) refers to stdout.o(.data) for __stdout
    printf2.o(i.__0vsnprintf$2) refers to printf2.o(i._printf_core) for _printf_core
    printf2.o(i.__0vsnprintf$2) refers to printf2.o(i._snputc) for _snputc
    printf2.o(i.__0vsprintf$2) refers to printf2.o(i._printf_core) for _printf_core
    printf2.o(i.__0vsprintf$2) refers to printf2.o(i._sputc) for _sputc
    printf3.o(i.__0fprintf$3) refers to printf3.o(i._printf_core) for _printf_core
    printf3.o(i.__0fprintf$3) refers to main.o(.text) for fputc
    printf3.o(i.__0printf$3) refers to printf3.o(i._printf_core) for _printf_core
    printf3.o(i.__0printf$3) refers to main.o(.text) for fputc
    printf3.o(i.__0printf$3) refers to stdout.o(.data) for __stdout
    printf3.o(i.__0snprintf$3) refers to printf3.o(i._printf_core) for _printf_core
    printf3.o(i.__0snprintf$3) refers to printf3.o(i._snputc) for _snputc
    printf3.o(i.__0sprintf$3) refers to printf3.o(i._printf_core) for _printf_core
    printf3.o(i.__0sprintf$3) refers to printf3.o(i._sputc) for _sputc
    printf3.o(i.__0vfprintf$3) refers to printf3.o(i._printf_core) for _printf_core
    printf3.o(i.__0vfprintf$3) refers to main.o(.text) for fputc
    printf3.o(i.__0vprintf$3) refers to printf3.o(i._printf_core) for _printf_core
    printf3.o(i.__0vprintf$3) refers to main.o(.text) for fputc
    printf3.o(i.__0vprintf$3) refers to stdout.o(.data) for __stdout
    printf3.o(i.__0vsnprintf$3) refers to printf3.o(i._printf_core) for _printf_core
    printf3.o(i.__0vsnprintf$3) refers to printf3.o(i._snputc) for _snputc
    printf3.o(i.__0vsprintf$3) refers to printf3.o(i._printf_core) for _printf_core
    printf3.o(i.__0vsprintf$3) refers to printf3.o(i._sputc) for _sputc
    printf3.o(i._printf_core) refers to uidiv.o(.text) for __aeabi_uidivmod
    printf4.o(i.__0fprintf$4) refers to printf4.o(i._printf_core) for _printf_core
    printf4.o(i.__0fprintf$4) refers to main.o(.text) for fputc
    printf4.o(i.__0printf$4) refers to printf4.o(i._printf_core) for _printf_core
    printf4.o(i.__0printf$4) refers to main.o(.text) for fputc
    printf4.o(i.__0printf$4) refers to stdout.o(.data) for __stdout
    printf4.o(i.__0snprintf$4) refers to printf4.o(i._printf_core) for _printf_core
    printf4.o(i.__0snprintf$4) refers to printf4.o(i._snputc) for _snputc
    printf4.o(i.__0sprintf$4) refers to printf4.o(i._printf_core) for _printf_core
    printf4.o(i.__0sprintf$4) refers to printf4.o(i._sputc) for _sputc
    printf4.o(i.__0vfprintf$4) refers to printf4.o(i._printf_core) for _printf_core
    printf4.o(i.__0vfprintf$4) refers to main.o(.text) for fputc
    printf4.o(i.__0vprintf$4) refers to printf4.o(i._printf_core) for _printf_core
    printf4.o(i.__0vprintf$4) refers to main.o(.text) for fputc
    printf4.o(i.__0vprintf$4) refers to stdout.o(.data) for __stdout
    printf4.o(i.__0vsnprintf$4) refers to printf4.o(i._printf_core) for _printf_core
    printf4.o(i.__0vsnprintf$4) refers to printf4.o(i._snputc) for _snputc
    printf4.o(i.__0vsprintf$4) refers to printf4.o(i._printf_core) for _printf_core
    printf4.o(i.__0vsprintf$4) refers to printf4.o(i._sputc) for _sputc
    printf4.o(i._printf_core) refers to uldiv.o(.text) for __aeabi_uldivmod
    printf5.o(i.__0fprintf$5) refers to printf5.o(i._printf_core) for _printf_core
    printf5.o(i.__0fprintf$5) refers to main.o(.text) for fputc
    printf5.o(i.__0printf$5) refers to printf5.o(i._printf_core) for _printf_core
    printf5.o(i.__0printf$5) refers to main.o(.text) for fputc
    printf5.o(i.__0printf$5) refers to stdout.o(.data) for __stdout
    printf5.o(i.__0snprintf$5) refers to printf5.o(i._printf_core) for _printf_core
    printf5.o(i.__0snprintf$5) refers to printf5.o(i._snputc) for _snputc
    printf5.o(i.__0sprintf$5) refers to printf5.o(i._printf_core) for _printf_core
    printf5.o(i.__0sprintf$5) refers to printf5.o(i._sputc) for _sputc
    printf5.o(i.__0vfprintf$5) refers to printf5.o(i._printf_core) for _printf_core
    printf5.o(i.__0vfprintf$5) refers to main.o(.text) for fputc
    printf5.o(i.__0vprintf$5) refers to printf5.o(i._printf_core) for _printf_core
    printf5.o(i.__0vprintf$5) refers to main.o(.text) for fputc
    printf5.o(i.__0vprintf$5) refers to stdout.o(.data) for __stdout
    printf5.o(i.__0vsnprintf$5) refers to printf5.o(i._printf_core) for _printf_core
    printf5.o(i.__0vsnprintf$5) refers to printf5.o(i._snputc) for _snputc
    printf5.o(i.__0vsprintf$5) refers to printf5.o(i._printf_core) for _printf_core
    printf5.o(i.__0vsprintf$5) refers to printf5.o(i._sputc) for _sputc
    printf5.o(i._printf_core) refers to uldiv.o(.text) for __aeabi_uldivmod
    printf6.o(i.__0fprintf$6) refers to printf6.o(i._printf_core) for _printf_core
    printf6.o(i.__0fprintf$6) refers to main.o(.text) for fputc
    printf6.o(i.__0printf$6) refers to printf6.o(i._printf_core) for _printf_core
    printf6.o(i.__0printf$6) refers to main.o(.text) for fputc
    printf6.o(i.__0printf$6) refers to stdout.o(.data) for __stdout
    printf6.o(i.__0snprintf$6) refers to printf6.o(i._printf_core) for _printf_core
    printf6.o(i.__0snprintf$6) refers to printf6.o(i._snputc) for _snputc
    printf6.o(i.__0sprintf$6) refers to printf6.o(i._printf_core) for _printf_core
    printf6.o(i.__0sprintf$6) refers to printf6.o(i._sputc) for _sputc
    printf6.o(i.__0vfprintf$6) refers to printf6.o(i._printf_core) for _printf_core
    printf6.o(i.__0vfprintf$6) refers to main.o(.text) for fputc
    printf6.o(i.__0vprintf$6) refers to printf6.o(i._printf_core) for _printf_core
    printf6.o(i.__0vprintf$6) refers to main.o(.text) for fputc
    printf6.o(i.__0vprintf$6) refers to stdout.o(.data) for __stdout
    printf6.o(i.__0vsnprintf$6) refers to printf6.o(i._printf_core) for _printf_core
    printf6.o(i.__0vsnprintf$6) refers to printf6.o(i._snputc) for _snputc
    printf6.o(i.__0vsprintf$6) refers to printf6.o(i._printf_core) for _printf_core
    printf6.o(i.__0vsprintf$6) refers to printf6.o(i._sputc) for _sputc
    printf6.o(i._printf_core) refers to printf6.o(i._printf_pre_padding) for _printf_pre_padding
    printf6.o(i._printf_core) refers to uidiv.o(.text) for __aeabi_uidivmod
    printf6.o(i._printf_core) refers to printf6.o(i._printf_post_padding) for _printf_post_padding
    printf7.o(i.__0fprintf$7) refers to printf7.o(i._printf_core) for _printf_core
    printf7.o(i.__0fprintf$7) refers to main.o(.text) for fputc
    printf7.o(i.__0printf$7) refers to printf7.o(i._printf_core) for _printf_core
    printf7.o(i.__0printf$7) refers to main.o(.text) for fputc
    printf7.o(i.__0printf$7) refers to stdout.o(.data) for __stdout
    printf7.o(i.__0snprintf$7) refers to printf7.o(i._printf_core) for _printf_core
    printf7.o(i.__0snprintf$7) refers to printf7.o(i._snputc) for _snputc
    printf7.o(i.__0sprintf$7) refers to printf7.o(i._printf_core) for _printf_core
    printf7.o(i.__0sprintf$7) refers to printf7.o(i._sputc) for _sputc
    printf7.o(i.__0vfprintf$7) refers to printf7.o(i._printf_core) for _printf_core
    printf7.o(i.__0vfprintf$7) refers to main.o(.text) for fputc
    printf7.o(i.__0vprintf$7) refers to printf7.o(i._printf_core) for _printf_core
    printf7.o(i.__0vprintf$7) refers to main.o(.text) for fputc
    printf7.o(i.__0vprintf$7) refers to stdout.o(.data) for __stdout
    printf7.o(i.__0vsnprintf$7) refers to printf7.o(i._printf_core) for _printf_core
    printf7.o(i.__0vsnprintf$7) refers to printf7.o(i._snputc) for _snputc
    printf7.o(i.__0vsprintf$7) refers to printf7.o(i._printf_core) for _printf_core
    printf7.o(i.__0vsprintf$7) refers to printf7.o(i._sputc) for _sputc
    printf7.o(i._printf_core) refers to printf7.o(i._printf_pre_padding) for _printf_pre_padding
    printf7.o(i._printf_core) refers to uldiv.o(.text) for __aeabi_uldivmod
    printf7.o(i._printf_core) refers to printf7.o(i._printf_post_padding) for _printf_post_padding
    printf8.o(i.__0fprintf$8) refers to printf8.o(i._printf_core) for _printf_core
    printf8.o(i.__0fprintf$8) refers to main.o(.text) for fputc
    printf8.o(i.__0printf$8) refers to printf8.o(i._printf_core) for _printf_core
    printf8.o(i.__0printf$8) refers to main.o(.text) for fputc
    printf8.o(i.__0printf$8) refers to stdout.o(.data) for __stdout
    printf8.o(i.__0snprintf$8) refers to printf8.o(i._printf_core) for _printf_core
    printf8.o(i.__0snprintf$8) refers to printf8.o(i._snputc) for _snputc
    printf8.o(i.__0sprintf$8) refers to printf8.o(i._printf_core) for _printf_core
    printf8.o(i.__0sprintf$8) refers to printf8.o(i._sputc) for _sputc
    printf8.o(i.__0vfprintf$8) refers to printf8.o(i._printf_core) for _printf_core
    printf8.o(i.__0vfprintf$8) refers to main.o(.text) for fputc
    printf8.o(i.__0vprintf$8) refers to printf8.o(i._printf_core) for _printf_core
    printf8.o(i.__0vprintf$8) refers to main.o(.text) for fputc
    printf8.o(i.__0vprintf$8) refers to stdout.o(.data) for __stdout
    printf8.o(i.__0vsnprintf$8) refers to printf8.o(i._printf_core) for _printf_core
    printf8.o(i.__0vsnprintf$8) refers to printf8.o(i._snputc) for _snputc
    printf8.o(i.__0vsprintf$8) refers to printf8.o(i._printf_core) for _printf_core
    printf8.o(i.__0vsprintf$8) refers to printf8.o(i._sputc) for _sputc
    printf8.o(i._printf_core) refers to printf8.o(i._printf_pre_padding) for _printf_pre_padding
    printf8.o(i._printf_core) refers to uldiv.o(.text) for __aeabi_uldivmod
    printf8.o(i._printf_core) refers to printf8.o(i._printf_post_padding) for _printf_post_padding
    printfa.o(i.__0fprintf) refers (Special) to iusefp.o(.text) for __I$use$fp
    printfa.o(i.__0fprintf) refers to printfa.o(i._printf_core) for _printf_core
    printfa.o(i.__0fprintf) refers to main.o(.text) for fputc
    printfa.o(i.__0printf) refers (Special) to iusefp.o(.text) for __I$use$fp
    printfa.o(i.__0printf) refers to printfa.o(i._printf_core) for _printf_core
    printfa.o(i.__0printf) refers to main.o(.text) for fputc
    printfa.o(i.__0printf) refers to stdout.o(.data) for __stdout
    printfa.o(i.__0snprintf) refers (Special) to iusefp.o(.text) for __I$use$fp
    printfa.o(i.__0snprintf) refers to printfa.o(i._printf_core) for _printf_core
    printfa.o(i.__0snprintf) refers to printfa.o(i._snputc) for _snputc
    printfa.o(i.__0sprintf) refers (Special) to iusefp.o(.text) for __I$use$fp
    printfa.o(i.__0sprintf) refers to printfa.o(i._printf_core) for _printf_core
    printfa.o(i.__0sprintf) refers to printfa.o(i._sputc) for _sputc
    printfa.o(i.__0vfprintf) refers (Special) to iusefp.o(.text) for __I$use$fp
    printfa.o(i.__0vfprintf) refers to printfa.o(i._printf_core) for _printf_core
    printfa.o(i.__0vfprintf) refers to main.o(.text) for fputc
    printfa.o(i.__0vprintf) refers (Special) to iusefp.o(.text) for __I$use$fp
    printfa.o(i.__0vprintf) refers to printfa.o(i._printf_core) for _printf_core
    printfa.o(i.__0vprintf) refers to main.o(.text) for fputc
    printfa.o(i.__0vprintf) refers to stdout.o(.data) for __stdout
    printfa.o(i.__0vsnprintf) refers (Special) to iusefp.o(.text) for __I$use$fp
    printfa.o(i.__0vsnprintf) refers to printfa.o(i._printf_core) for _printf_core
    printfa.o(i.__0vsnprintf) refers to printfa.o(i._snputc) for _snputc
    printfa.o(i.__0vsprintf) refers (Special) to iusefp.o(.text) for __I$use$fp
    printfa.o(i.__0vsprintf) refers to printfa.o(i._printf_core) for _printf_core
    printfa.o(i.__0vsprintf) refers to printfa.o(i._sputc) for _sputc
    printfa.o(i._fp_digits) refers (Special) to iusefp.o(.text) for __I$use$fp
    printfa.o(i._fp_digits) refers to dmul.o(.text) for __aeabi_dmul
    printfa.o(i._fp_digits) refers to ddiv.o(.text) for __aeabi_ddiv
    printfa.o(i._fp_digits) refers to cdrcmple.o(.text) for __aeabi_cdrcmple
    printfa.o(i._fp_digits) refers to dadd.o(.text) for __aeabi_dadd
    printfa.o(i._fp_digits) refers to dfixul.o(.text) for __aeabi_d2ulz
    printfa.o(i._fp_digits) refers to uldiv.o(.text) for __aeabi_uldivmod
    printfa.o(i._printf_core) refers (Special) to iusefp.o(.text) for __I$use$fp
    printfa.o(i._printf_core) refers to printfa.o(i._printf_pre_padding) for _printf_pre_padding
    printfa.o(i._printf_core) refers to uldiv.o(.text) for __aeabi_uldivmod
    printfa.o(i._printf_core) refers to printfa.o(i._printf_post_padding) for _printf_post_padding
    printfa.o(i._printf_core) refers to printfa.o(i._fp_digits) for _fp_digits
    printfa.o(i._printf_core) refers to uidiv.o(.text) for __aeabi_uidivmod
    printfa.o(i._printf_post_padding) refers (Special) to iusefp.o(.text) for __I$use$fp
    printfa.o(i._printf_pre_padding) refers (Special) to iusefp.o(.text) for __I$use$fp
    printfa.o(i._snputc) refers (Special) to iusefp.o(.text) for __I$use$fp
    printfa.o(i._sputc) refers (Special) to iusefp.o(.text) for __I$use$fp
    entry2.o(.ARM.Collect$$$$00000001) refers to entry2.o(.ARM.Collect$$$$00002712) for __lit__00000000
    entry2.o(.ARM.Collect$$$$00002712) refers to startup_mm32f103xcxe_o.o(STACK) for __initial_sp
    entry2.o(__vectab_stack_and_reset_area) refers to startup_mm32f103xcxe_o.o(STACK) for __initial_sp
    entry2.o(__vectab_stack_and_reset_area) refers to entry.o(.ARM.Collect$$$$00000000) for __main
    entry5.o(.ARM.Collect$$$$00000004) refers to init.o(.text) for __scatterload
    entry9a.o(.ARM.Collect$$$$0000000B) refers to main.o(.text) for main
    entry9b.o(.ARM.Collect$$$$0000000C) refers to main.o(.text) for main
    uldiv.o(.text) refers to llushr.o(.text) for __aeabi_llsr
    uldiv.o(.text) refers to llshl.o(.text) for __aeabi_llsl
    dadd.o(.text) refers to llshl.o(.text) for __aeabi_llsl
    dadd.o(.text) refers to llsshr.o(.text) for __aeabi_lasr
    dadd.o(.text) refers to depilogue.o(.text) for _double_epilogue
    dmul.o(.text) refers to depilogue.o(.text) for _double_epilogue
    ddiv.o(.text) refers to depilogue.o(.text) for _double_round
    dfixul.o(.text) refers to llushr.o(.text) for __aeabi_llsr
    dfixul.o(.text) refers to llshl.o(.text) for __aeabi_llsl
    init.o(.text) refers to entry5.o(.ARM.Collect$$$$00000004) for __main_after_scatterload
    depilogue.o(.text) refers to llshl.o(.text) for __aeabi_llsl
    depilogue.o(.text) refers to llushr.o(.text) for __aeabi_llsr


==============================================================================

Removing Unused input sections from the image.

    Removing main.o(.rev16_text), (4 bytes).
    Removing main.o(.revsh_text), (4 bytes).
    Removing main.o(.rrx_text), (6 bytes).
    Removing system_mm32f103xcxe_o.o(.rev16_text), (4 bytes).
    Removing system_mm32f103xcxe_o.o(.revsh_text), (4 bytes).
    Removing system_mm32f103xcxe_o.o(.rrx_text), (6 bytes).
    Removing startup_mm32f103xcxe_o.o(HEAP), (512 bytes).
    Removing hal_adc.o(.rev16_text), (4 bytes).
    Removing hal_adc.o(.revsh_text), (4 bytes).
    Removing hal_adc.o(.rrx_text), (6 bytes).
    Removing hal_adc.o(.text), (640 bytes).
    Removing hal_aes.o(.rev16_text), (4 bytes).
    Removing hal_aes.o(.revsh_text), (4 bytes).
    Removing hal_aes.o(.rrx_text), (6 bytes).
    Removing hal_aes.o(.text), (6800 bytes).
    Removing hal_bkp.o(.rev16_text), (4 bytes).
    Removing hal_bkp.o(.revsh_text), (4 bytes).
    Removing hal_bkp.o(.rrx_text), (6 bytes).
    Removing hal_bkp.o(.text), (172 bytes).
    Removing hal_can.o(.rev16_text), (4 bytes).
    Removing hal_can.o(.revsh_text), (4 bytes).
    Removing hal_can.o(.rrx_text), (6 bytes).
    Removing hal_can.o(.text), (1756 bytes).
    Removing hal_comp.o(.rev16_text), (4 bytes).
    Removing hal_comp.o(.revsh_text), (4 bytes).
    Removing hal_comp.o(.rrx_text), (6 bytes).
    Removing hal_comp.o(.text), (204 bytes).
    Removing hal_crc.o(.rev16_text), (4 bytes).
    Removing hal_crc.o(.revsh_text), (4 bytes).
    Removing hal_crc.o(.rrx_text), (6 bytes).
    Removing hal_crc.o(.text), (88 bytes).
    Removing hal_dma.o(.rev16_text), (4 bytes).
    Removing hal_dma.o(.revsh_text), (4 bytes).
    Removing hal_dma.o(.rrx_text), (6 bytes).
    Removing hal_dma.o(.text), (540 bytes).
    Removing hal_exti.o(.rev16_text), (4 bytes).
    Removing hal_exti.o(.revsh_text), (4 bytes).
    Removing hal_exti.o(.rrx_text), (6 bytes).
    Removing hal_exti.o(.text), (284 bytes).
    Removing hal_flash.o(.rev16_text), (4 bytes).
    Removing hal_flash.o(.revsh_text), (4 bytes).
    Removing hal_flash.o(.rrx_text), (6 bytes).
    Removing hal_gpio.o(.rev16_text), (4 bytes).
    Removing hal_gpio.o(.revsh_text), (4 bytes).
    Removing hal_gpio.o(.rrx_text), (6 bytes).
    Removing hal_i2c.o(.rev16_text), (4 bytes).
    Removing hal_i2c.o(.revsh_text), (4 bytes).
    Removing hal_i2c.o(.rrx_text), (6 bytes).
    Removing hal_i2c.o(.text), (1028 bytes).
    Removing hal_i2c.o(.data), (4 bytes).
    Removing hal_iwdg.o(.rev16_text), (4 bytes).
    Removing hal_iwdg.o(.revsh_text), (4 bytes).
    Removing hal_iwdg.o(.rrx_text), (6 bytes).
    Removing hal_iwdg.o(.text), (124 bytes).
    Removing hal_misc.o(.rev16_text), (4 bytes).
    Removing hal_misc.o(.revsh_text), (4 bytes).
    Removing hal_misc.o(.rrx_text), (6 bytes).
    Removing hal_pwr.o(.rev16_text), (4 bytes).
    Removing hal_pwr.o(.revsh_text), (4 bytes).
    Removing hal_pwr.o(.rrx_text), (6 bytes).
    Removing hal_pwr.o(.text), (260 bytes).
    Removing hal_rcc.o(.rev16_text), (4 bytes).
    Removing hal_rcc.o(.revsh_text), (4 bytes).
    Removing hal_rcc.o(.rrx_text), (6 bytes).
    Removing hal_rtc.o(.rev16_text), (4 bytes).
    Removing hal_rtc.o(.revsh_text), (4 bytes).
    Removing hal_rtc.o(.rrx_text), (6 bytes).
    Removing hal_rtc.o(.text), (328 bytes).
    Removing hal_spi.o(.rev16_text), (4 bytes).
    Removing hal_spi.o(.revsh_text), (4 bytes).
    Removing hal_spi.o(.rrx_text), (6 bytes).
    Removing hal_spi.o(.text), (672 bytes).
    Removing hal_syscfg.o(.rev16_text), (4 bytes).
    Removing hal_syscfg.o(.revsh_text), (4 bytes).
    Removing hal_syscfg.o(.rrx_text), (6 bytes).
    Removing hal_syscfg.o(.text), (140 bytes).
    Removing hal_tim.o(.rev16_text), (4 bytes).
    Removing hal_tim.o(.revsh_text), (4 bytes).
    Removing hal_tim.o(.rrx_text), (6 bytes).
    Removing hal_tim.o(.text), (3036 bytes).
    Removing hal_uart.o(.rev16_text), (4 bytes).
    Removing hal_uart.o(.revsh_text), (4 bytes).
    Removing hal_uart.o(.rrx_text), (6 bytes).
    Removing hal_wwdg.o(.rev16_text), (4 bytes).
    Removing hal_wwdg.o(.revsh_text), (4 bytes).
    Removing hal_wwdg.o(.rrx_text), (6 bytes).
    Removing hal_wwdg.o(.text), (124 bytes).
    Removing dadd.o(.text), (334 bytes).
    Removing dmul.o(.text), (228 bytes).
    Removing ddiv.o(.text), (222 bytes).
    Removing dfixul.o(.text), (48 bytes).
    Removing cdrcmple.o(.text), (48 bytes).
    Removing depilogue.o(.text), (186 bytes).

93 unused section(s) (total 18100 bytes) removed from the image.

==============================================================================

Image Symbol Table

    Local Symbols

    Symbol Name                              Value     Ov Type        Size  Object(Section)

    ../clib/microlib/division.c              0x00000000   Number         0  uidiv.o ABSOLUTE
    ../clib/microlib/division.c              0x00000000   Number         0  uldiv.o ABSOLUTE
    ../clib/microlib/init/entry.s            0x00000000   Number         0  entry10b.o ABSOLUTE
    ../clib/microlib/init/entry.s            0x00000000   Number         0  entry10a.o ABSOLUTE
    ../clib/microlib/init/entry.s            0x00000000   Number         0  entry9b.o ABSOLUTE
    ../clib/microlib/init/entry.s            0x00000000   Number         0  entry9a.o ABSOLUTE
    ../clib/microlib/init/entry.s            0x00000000   Number         0  entry2.o ABSOLUTE
    ../clib/microlib/init/entry.s            0x00000000   Number         0  entry8b.o ABSOLUTE
    ../clib/microlib/init/entry.s            0x00000000   Number         0  entry7b.o ABSOLUTE
    ../clib/microlib/init/entry.s            0x00000000   Number         0  entry8a.o ABSOLUTE
    ../clib/microlib/init/entry.s            0x00000000   Number         0  entry7a.o ABSOLUTE
    ../clib/microlib/init/entry.s            0x00000000   Number         0  entry5.o ABSOLUTE
    ../clib/microlib/init/entry.s            0x00000000   Number         0  entry11b.o ABSOLUTE
    ../clib/microlib/init/entry.s            0x00000000   Number         0  entry.o ABSOLUTE
    ../clib/microlib/init/entry.s            0x00000000   Number         0  entry11a.o ABSOLUTE
    ../clib/microlib/longlong.c              0x00000000   Number         0  llsshr.o ABSOLUTE
    ../clib/microlib/longlong.c              0x00000000   Number         0  llshl.o ABSOLUTE
    ../clib/microlib/longlong.c              0x00000000   Number         0  llushr.o ABSOLUTE
    ../clib/microlib/printf/printf.c         0x00000000   Number         0  printf4.o ABSOLUTE
    ../clib/microlib/printf/printf.c         0x00000000   Number         0  printf8.o ABSOLUTE
    ../clib/microlib/printf/printf.c         0x00000000   Number         0  printf5.o ABSOLUTE
    ../clib/microlib/printf/printf.c         0x00000000   Number         0  printf6.o ABSOLUTE
    ../clib/microlib/printf/printf.c         0x00000000   Number         0  printf7.o ABSOLUTE
    ../clib/microlib/printf/printf.c         0x00000000   Number         0  printf0.o ABSOLUTE
    ../clib/microlib/printf/printf.c         0x00000000   Number         0  printf1.o ABSOLUTE
    ../clib/microlib/printf/printf.c         0x00000000   Number         0  printf2.o ABSOLUTE
    ../clib/microlib/printf/printf.c         0x00000000   Number         0  printfb.o ABSOLUTE
    ../clib/microlib/printf/printf.c         0x00000000   Number         0  printf3.o ABSOLUTE
    ../clib/microlib/printf/printf.c         0x00000000   Number         0  printfa.o ABSOLUTE
    ../clib/microlib/printf/stubs.s          0x00000000   Number         0  stubs.o ABSOLUTE
    ../clib/microlib/stdio/streams.c         0x00000000   Number         0  stdout.o ABSOLUTE
    ../clib/microlib/string/memset.c         0x00000000   Number         0  memseta.o ABSOLUTE
    ../clib/microlib/stubs.s                 0x00000000   Number         0  iusefp.o ABSOLUTE
    ../fplib/microlib/fpadd.c                0x00000000   Number         0  dadd.o ABSOLUTE
    ../fplib/microlib/fpdiv.c                0x00000000   Number         0  ddiv.o ABSOLUTE
    ../fplib/microlib/fpepilogue.c           0x00000000   Number         0  depilogue.o ABSOLUTE
    ../fplib/microlib/fpfix.c                0x00000000   Number         0  dfixul.o ABSOLUTE
    ../fplib/microlib/fpmul.c                0x00000000   Number         0  dmul.o ABSOLUTE
    ..\..\..\..\..\Device\MM32F103xCxE_o\HAL_lib\src\HAL_adc.c 0x00000000   Number         0  hal_adc.o ABSOLUTE
    ..\..\..\..\..\Device\MM32F103xCxE_o\HAL_lib\src\HAL_aes.c 0x00000000   Number         0  hal_aes.o ABSOLUTE
    ..\..\..\..\..\Device\MM32F103xCxE_o\HAL_lib\src\HAL_bkp.c 0x00000000   Number         0  hal_bkp.o ABSOLUTE
    ..\..\..\..\..\Device\MM32F103xCxE_o\HAL_lib\src\HAL_can.c 0x00000000   Number         0  hal_can.o ABSOLUTE
    ..\..\..\..\..\Device\MM32F103xCxE_o\HAL_lib\src\HAL_comp.c 0x00000000   Number         0  hal_comp.o ABSOLUTE
    ..\..\..\..\..\Device\MM32F103xCxE_o\HAL_lib\src\HAL_crc.c 0x00000000   Number         0  hal_crc.o ABSOLUTE
    ..\..\..\..\..\Device\MM32F103xCxE_o\HAL_lib\src\HAL_dma.c 0x00000000   Number         0  hal_dma.o ABSOLUTE
    ..\..\..\..\..\Device\MM32F103xCxE_o\HAL_lib\src\HAL_exti.c 0x00000000   Number         0  hal_exti.o ABSOLUTE
    ..\..\..\..\..\Device\MM32F103xCxE_o\HAL_lib\src\HAL_flash.c 0x00000000   Number         0  hal_flash.o ABSOLUTE
    ..\..\..\..\..\Device\MM32F103xCxE_o\HAL_lib\src\HAL_gpio.c 0x00000000   Number         0  hal_gpio.o ABSOLUTE
    ..\..\..\..\..\Device\MM32F103xCxE_o\HAL_lib\src\HAL_i2c.c 0x00000000   Number         0  hal_i2c.o ABSOLUTE
    ..\..\..\..\..\Device\MM32F103xCxE_o\HAL_lib\src\HAL_iwdg.c 0x00000000   Number         0  hal_iwdg.o ABSOLUTE
    ..\..\..\..\..\Device\MM32F103xCxE_o\HAL_lib\src\HAL_misc.c 0x00000000   Number         0  hal_misc.o ABSOLUTE
    ..\..\..\..\..\Device\MM32F103xCxE_o\HAL_lib\src\HAL_pwr.c 0x00000000   Number         0  hal_pwr.o ABSOLUTE
    ..\..\..\..\..\Device\MM32F103xCxE_o\HAL_lib\src\HAL_rcc.c 0x00000000   Number         0  hal_rcc.o ABSOLUTE
    ..\..\..\..\..\Device\MM32F103xCxE_o\HAL_lib\src\HAL_rtc.c 0x00000000   Number         0  hal_rtc.o ABSOLUTE
    ..\..\..\..\..\Device\MM32F103xCxE_o\HAL_lib\src\HAL_spi.c 0x00000000   Number         0  hal_spi.o ABSOLUTE
    ..\..\..\..\..\Device\MM32F103xCxE_o\HAL_lib\src\HAL_syscfg.c 0x00000000   Number         0  hal_syscfg.o ABSOLUTE
    ..\..\..\..\..\Device\MM32F103xCxE_o\HAL_lib\src\HAL_tim.c 0x00000000   Number         0  hal_tim.o ABSOLUTE
    ..\..\..\..\..\Device\MM32F103xCxE_o\HAL_lib\src\HAL_uart.c 0x00000000   Number         0  hal_uart.o ABSOLUTE
    ..\..\..\..\..\Device\MM32F103xCxE_o\HAL_lib\src\HAL_wwdg.c 0x00000000   Number         0  hal_wwdg.o ABSOLUTE
    ..\..\..\..\..\Device\MM32F103xCxE_o\Source\KEIL_StartAsm\startup_MM32F103xCxE_o.s 0x00000000   Number         0  startup_mm32f103xcxe_o.o ABSOLUTE
    ..\..\..\..\..\Device\MM32F103xCxE_o\Source\system_MM32F103xCxE_o.c 0x00000000   Number         0  system_mm32f103xcxe_o.o ABSOLUTE
    ..\USER\main.c                           0x00000000   Number         0  main.o ABSOLUTE
    ..\\..\\..\\..\\..\\Device\\MM32F103xCxE_o\\HAL_lib\\src\\HAL_adc.c 0x00000000   Number         0  hal_adc.o ABSOLUTE
    ..\\..\\..\\..\\..\\Device\\MM32F103xCxE_o\\HAL_lib\\src\\HAL_aes.c 0x00000000   Number         0  hal_aes.o ABSOLUTE
    ..\\..\\..\\..\\..\\Device\\MM32F103xCxE_o\\HAL_lib\\src\\HAL_bkp.c 0x00000000   Number         0  hal_bkp.o ABSOLUTE
    ..\\..\\..\\..\\..\\Device\\MM32F103xCxE_o\\HAL_lib\\src\\HAL_can.c 0x00000000   Number         0  hal_can.o ABSOLUTE
    ..\\..\\..\\..\\..\\Device\\MM32F103xCxE_o\\HAL_lib\\src\\HAL_comp.c 0x00000000   Number         0  hal_comp.o ABSOLUTE
    ..\\..\\..\\..\\..\\Device\\MM32F103xCxE_o\\HAL_lib\\src\\HAL_crc.c 0x00000000   Number         0  hal_crc.o ABSOLUTE
    ..\\..\\..\\..\\..\\Device\\MM32F103xCxE_o\\HAL_lib\\src\\HAL_dma.c 0x00000000   Number         0  hal_dma.o ABSOLUTE
    ..\\..\\..\\..\\..\\Device\\MM32F103xCxE_o\\HAL_lib\\src\\HAL_exti.c 0x00000000   Number         0  hal_exti.o ABSOLUTE
    ..\\..\\..\\..\\..\\Device\\MM32F103xCxE_o\\HAL_lib\\src\\HAL_flash.c 0x00000000   Number         0  hal_flash.o ABSOLUTE
    ..\\..\\..\\..\\..\\Device\\MM32F103xCxE_o\\HAL_lib\\src\\HAL_gpio.c 0x00000000   Number         0  hal_gpio.o ABSOLUTE
    ..\\..\\..\\..\\..\\Device\\MM32F103xCxE_o\\HAL_lib\\src\\HAL_i2c.c 0x00000000   Number         0  hal_i2c.o ABSOLUTE
    ..\\..\\..\\..\\..\\Device\\MM32F103xCxE_o\\HAL_lib\\src\\HAL_iwdg.c 0x00000000   Number         0  hal_iwdg.o ABSOLUTE
    ..\\..\\..\\..\\..\\Device\\MM32F103xCxE_o\\HAL_lib\\src\\HAL_misc.c 0x00000000   Number         0  hal_misc.o ABSOLUTE
    ..\\..\\..\\..\\..\\Device\\MM32F103xCxE_o\\HAL_lib\\src\\HAL_pwr.c 0x00000000   Number         0  hal_pwr.o ABSOLUTE
    ..\\..\\..\\..\\..\\Device\\MM32F103xCxE_o\\HAL_lib\\src\\HAL_rcc.c 0x00000000   Number         0  hal_rcc.o ABSOLUTE
    ..\\..\\..\\..\\..\\Device\\MM32F103xCxE_o\\HAL_lib\\src\\HAL_rtc.c 0x00000000   Number         0  hal_rtc.o ABSOLUTE
    ..\\..\\..\\..\\..\\Device\\MM32F103xCxE_o\\HAL_lib\\src\\HAL_spi.c 0x00000000   Number         0  hal_spi.o ABSOLUTE
    ..\\..\\..\\..\\..\\Device\\MM32F103xCxE_o\\HAL_lib\\src\\HAL_syscfg.c 0x00000000   Number         0  hal_syscfg.o ABSOLUTE
    ..\\..\\..\\..\\..\\Device\\MM32F103xCxE_o\\HAL_lib\\src\\HAL_tim.c 0x00000000   Number         0  hal_tim.o ABSOLUTE
    ..\\..\\..\\..\\..\\Device\\MM32F103xCxE_o\\HAL_lib\\src\\HAL_uart.c 0x00000000   Number         0  hal_uart.o ABSOLUTE
    ..\\..\\..\\..\\..\\Device\\MM32F103xCxE_o\\HAL_lib\\src\\HAL_wwdg.c 0x00000000   Number         0  hal_wwdg.o ABSOLUTE
    ..\\..\\..\\..\\..\\Device\\MM32F103xCxE_o\\Source\\system_MM32F103xCxE_o.c 0x00000000   Number         0  system_mm32f103xcxe_o.o ABSOLUTE
    ..\\USER\\main.c                         0x00000000   Number         0  main.o ABSOLUTE
    cdrcmple.s                               0x00000000   Number         0  cdrcmple.o ABSOLUTE
    dc.s                                     0x00000000   Number         0  dc.o ABSOLUTE
    handlers.s                               0x00000000   Number         0  handlers.o ABSOLUTE
    init.s                                   0x00000000   Number         0  init.o ABSOLUTE
    RESET                                    0x08003000   Section      436  startup_mm32f103xcxe_o.o(RESET)
    .ARM.Collect$$$$00000000                 0x080031b4   Section        0  entry.o(.ARM.Collect$$$$00000000)
    .ARM.Collect$$$$00000001                 0x080031b4   Section        4  entry2.o(.ARM.Collect$$$$00000001)
    .ARM.Collect$$$$00000004                 0x080031b8   Section        4  entry5.o(.ARM.Collect$$$$00000004)
    .ARM.Collect$$$$00000008                 0x080031bc   Section        0  entry7b.o(.ARM.Collect$$$$00000008)
    .ARM.Collect$$$$0000000A                 0x080031bc   Section        0  entry8b.o(.ARM.Collect$$$$0000000A)
    .ARM.Collect$$$$0000000B                 0x080031bc   Section        8  entry9a.o(.ARM.Collect$$$$0000000B)
    .ARM.Collect$$$$0000000D                 0x080031c4   Section        0  entry10a.o(.ARM.Collect$$$$0000000D)
    .ARM.Collect$$$$0000000F                 0x080031c4   Section        0  entry11a.o(.ARM.Collect$$$$0000000F)
    .ARM.Collect$$$$00002712                 0x080031c4   Section        4  entry2.o(.ARM.Collect$$$$00002712)
    __lit__00000000                          0x080031c4   Data           4  entry2.o(.ARM.Collect$$$$00002712)
    .text                                    0x080031c8   Section        0  main.o(.text)
    .text                                    0x08003758   Section        0  system_mm32f103xcxe_o.o(.text)
    .text                                    0x08003974   Section       36  startup_mm32f103xcxe_o.o(.text)
    .text                                    0x08003998   Section        0  hal_flash.o(.text)
    delay                                    0x08003999   Thumb Code    26  hal_flash.o(.text)
    .text                                    0x08003ebc   Section        0  hal_gpio.o(.text)
    .text                                    0x08004114   Section        0  hal_misc.o(.text)
    .text                                    0x080041fc   Section        0  hal_rcc.o(.text)
    .text                                    0x08004834   Section        0  hal_uart.o(.text)
    .text                                    0x08004b38   Section        0  memseta.o(.text)
    .text                                    0x08004b5c   Section        0  uidiv.o(.text)
    .text                                    0x08004b88   Section       36  init.o(.text)
    i.__0printf$6                            0x08004bac   Section        0  printf6.o(i.__0printf$6)
    i.__0sprintf$6                           0x08004bcc   Section        0  printf6.o(i.__0sprintf$6)
    i.__scatterload_copy                     0x08004bf4   Section       14  handlers.o(i.__scatterload_copy)
    i.__scatterload_null                     0x08004c02   Section        2  handlers.o(i.__scatterload_null)
    i.__scatterload_zeroinit                 0x08004c04   Section       14  handlers.o(i.__scatterload_zeroinit)
    i._printf_core                           0x08004c14   Section        0  printf6.o(i._printf_core)
    _printf_core                             0x08004c15   Thumb Code   748  printf6.o(i._printf_core)
    i._printf_post_padding                   0x08004f04   Section        0  printf6.o(i._printf_post_padding)
    _printf_post_padding                     0x08004f05   Thumb Code    36  printf6.o(i._printf_post_padding)
    i._printf_pre_padding                    0x08004f28   Section        0  printf6.o(i._printf_pre_padding)
    _printf_pre_padding                      0x08004f29   Thumb Code    46  printf6.o(i._printf_pre_padding)
    i._sputc                                 0x08004f56   Section        0  printf6.o(i._sputc)
    _sputc                                   0x08004f57   Thumb Code    10  printf6.o(i._sputc)
    .ARM.__AT_0x0801FFFC                     0x0801fffc   Section        1  main.o(.ARM.__AT_0x0801FFFC)
    .data                                    0x20000000   Section       14  main.o(.data)
    fac_us                                   0x2000000a   Data           1  main.o(.data)
    fac_ms                                   0x2000000c   Data           2  main.o(.data)
    .data                                    0x20000010   Section       20  system_mm32f103xcxe_o.o(.data)
    .data                                    0x20000024   Section       20  hal_rcc.o(.data)
    .data                                    0x20000038   Section        4  stdout.o(.data)
    .bss                                     0x2000003c   Section      300  main.o(.bss)
    STACK                                    0x20000168   Section     1024  startup_mm32f103xcxe_o.o(STACK)

    Global Symbols

    Symbol Name                              Value     Ov Type        Size  Object(Section)

    BuildAttributes$$THM_ISAv4$P$D$K$B$S$PE$A:L22UL41UL21$X:L11$S22US41US21$IEEE1$IW$USESV6$~STKCKD$USESV7$~SHL$OSPACE$ROPI$EBA8$MICROLIB$REQ8$PRES8$EABIv2 0x00000000   Number         0  anon$$obj.o ABSOLUTE
    __ARM_use_no_argv                        0x00000000   Number         0  main.o ABSOLUTE
    _printf_a                                0x00000000   Number         0  stubs.o ABSOLUTE
    _printf_c                                0x00000000   Number         0  stubs.o ABSOLUTE
    _printf_charcount                        0x00000000   Number         0  stubs.o ABSOLUTE
    _printf_d                                0x00000000   Number         0  stubs.o ABSOLUTE
    _printf_e                                0x00000000   Number         0  stubs.o ABSOLUTE
    _printf_f                                0x00000000   Number         0  stubs.o ABSOLUTE
    _printf_flags                            0x00000000   Number         0  stubs.o ABSOLUTE
    _printf_fp_dec                           0x00000000   Number         0  stubs.o ABSOLUTE
    _printf_fp_hex                           0x00000000   Number         0  stubs.o ABSOLUTE
    _printf_g                                0x00000000   Number         0  stubs.o ABSOLUTE
    _printf_i                                0x00000000   Number         0  stubs.o ABSOLUTE
    _printf_int_dec                          0x00000000   Number         0  stubs.o ABSOLUTE
    _printf_l                                0x00000000   Number         0  stubs.o ABSOLUTE
    _printf_lc                               0x00000000   Number         0  stubs.o ABSOLUTE
    _printf_ll                               0x00000000   Number         0  stubs.o ABSOLUTE
    _printf_lld                              0x00000000   Number         0  stubs.o ABSOLUTE
    _printf_lli                              0x00000000   Number         0  stubs.o ABSOLUTE
    _printf_llo                              0x00000000   Number         0  stubs.o ABSOLUTE
    _printf_llu                              0x00000000   Number         0  stubs.o ABSOLUTE
    _printf_llx                              0x00000000   Number         0  stubs.o ABSOLUTE
    _printf_longlong_dec                     0x00000000   Number         0  stubs.o ABSOLUTE
    _printf_longlong_hex                     0x00000000   Number         0  stubs.o ABSOLUTE
    _printf_longlong_oct                     0x00000000   Number         0  stubs.o ABSOLUTE
    _printf_ls                               0x00000000   Number         0  stubs.o ABSOLUTE
    _printf_mbtowc                           0x00000000   Number         0  stubs.o ABSOLUTE
    _printf_n                                0x00000000   Number         0  stubs.o ABSOLUTE
    _printf_o                                0x00000000   Number         0  stubs.o ABSOLUTE
    _printf_p                                0x00000000   Number         0  stubs.o ABSOLUTE
    _printf_percent                          0x00000000   Number         0  stubs.o ABSOLUTE
    _printf_pre_padding                      0x00000000   Number         0  stubs.o ABSOLUTE
    _printf_return_value                     0x00000000   Number         0  stubs.o ABSOLUTE
    _printf_s                                0x00000000   Number         0  stubs.o ABSOLUTE
    _printf_sizespec                         0x00000000   Number         0  stubs.o ABSOLUTE
    _printf_str                              0x00000000   Number         0  stubs.o ABSOLUTE
    _printf_truncate_signed                  0x00000000   Number         0  stubs.o ABSOLUTE
    _printf_truncate_unsigned                0x00000000   Number         0  stubs.o ABSOLUTE
    _printf_u                                0x00000000   Number         0  stubs.o ABSOLUTE
    _printf_wc                               0x00000000   Number         0  stubs.o ABSOLUTE
    _printf_wctomb                           0x00000000   Number         0  stubs.o ABSOLUTE
    _printf_widthprec                        0x00000000   Number         0  stubs.o ABSOLUTE
    _printf_x                                0x00000000   Number         0  stubs.o ABSOLUTE
    __cpp_initialize__aeabi_                  - Undefined Weak Reference
    __cxa_finalize                            - Undefined Weak Reference
    __decompress                              - Undefined Weak Reference
    _clock_init                               - Undefined Weak Reference
    _microlib_exit                            - Undefined Weak Reference
    __Vectors_Size                           0x000001b4   Number         0  startup_mm32f103xcxe_o.o ABSOLUTE
    __Vectors                                0x08003000   Data           4  startup_mm32f103xcxe_o.o(RESET)
    __Vectors_End                            0x080031b4   Data           0  startup_mm32f103xcxe_o.o(RESET)
    __main                                   0x080031b5   Thumb Code     0  entry.o(.ARM.Collect$$$$00000000)
    _main_stk                                0x080031b5   Thumb Code     0  entry2.o(.ARM.Collect$$$$00000001)
    _main_scatterload                        0x080031b9   Thumb Code     0  entry5.o(.ARM.Collect$$$$00000004)
    __main_after_scatterload                 0x080031bd   Thumb Code     0  entry5.o(.ARM.Collect$$$$00000004)
    _main_clock                              0x080031bd   Thumb Code     0  entry7b.o(.ARM.Collect$$$$00000008)
    _main_cpp_init                           0x080031bd   Thumb Code     0  entry8b.o(.ARM.Collect$$$$0000000A)
    _main_init                               0x080031bd   Thumb Code     0  entry9a.o(.ARM.Collect$$$$0000000B)
    __rt_final_cpp                           0x080031c5   Thumb Code     0  entry10a.o(.ARM.Collect$$$$0000000D)
    __rt_final_exit                          0x080031c5   Thumb Code     0  entry11a.o(.ARM.Collect$$$$0000000F)
    ClearBootFlag                            0x080031c9   Thumb Code    46  main.o(.text)
    RestartForBoot                           0x080031f7   Thumb Code    92  main.o(.text)
    fputc                                    0x08003253   Thumb Code    24  main.o(.text)
    delay_ms                                 0x0800326b   Thumb Code    72  main.o(.text)
    UartSendByte                             0x080032b3   Thumb Code    32  main.o(.text)
    UartSendGroup                            0x080032d3   Thumb Code    28  main.o(.text)
    uart_nvic_init                           0x080032ef   Thumb Code   206  main.o(.text)
    LED_Init                                 0x080033bd   Thumb Code   124  main.o(.text)
    delay_init                               0x08003439   Thumb Code    50  main.o(.text)
    main                                     0x0800346b   Thumb Code   166  main.o(.text)
    UART_Send_Message                        0x08003511   Thumb Code    42  main.o(.text)
    IAP_Updata                               0x0800353b   Thumb Code   334  main.o(.text)
    UART1_IRQHandler                         0x08003689   Thumb Code   194  main.o(.text)
    AutoCalPllFactor                         0x08003759   Thumb Code   102  system_mm32f103xcxe_o.o(.text)
    SetSysClockToXX_Define                   0x080037bf   Thumb Code   318  system_mm32f103xcxe_o.o(.text)
    SystemInit                               0x080038fd   Thumb Code    74  system_mm32f103xcxe_o.o(.text)
    Reset_Handler                            0x08003975   Thumb Code     8  startup_mm32f103xcxe_o.o(.text)
    NMI_Handler                              0x0800397d   Thumb Code     2  startup_mm32f103xcxe_o.o(.text)
    HardFault_Handler                        0x0800397f   Thumb Code     2  startup_mm32f103xcxe_o.o(.text)
    MemManage_Handler                        0x08003981   Thumb Code     2  startup_mm32f103xcxe_o.o(.text)
    BusFault_Handler                         0x08003983   Thumb Code     2  startup_mm32f103xcxe_o.o(.text)
    UsageFault_Handler                       0x08003985   Thumb Code     2  startup_mm32f103xcxe_o.o(.text)
    SVC_Handler                              0x08003987   Thumb Code     2  startup_mm32f103xcxe_o.o(.text)
    DebugMon_Handler                         0x08003989   Thumb Code     2  startup_mm32f103xcxe_o.o(.text)
    PendSV_Handler                           0x0800398b   Thumb Code     2  startup_mm32f103xcxe_o.o(.text)
    SysTick_Handler                          0x0800398d   Thumb Code     2  startup_mm32f103xcxe_o.o(.text)
    ADC1_IRQHandler                          0x0800398f   Thumb Code     0  startup_mm32f103xcxe_o.o(.text)
    AES_IRQHandler                           0x0800398f   Thumb Code     0  startup_mm32f103xcxe_o.o(.text)
    CAN1_RX_IRQHandler                       0x0800398f   Thumb Code     0  startup_mm32f103xcxe_o.o(.text)
    COMP1_2_IRQHandler                       0x0800398f   Thumb Code     0  startup_mm32f103xcxe_o.o(.text)
    DMA1_Channel1_IRQHandler                 0x0800398f   Thumb Code     0  startup_mm32f103xcxe_o.o(.text)
    DMA1_Channel2_IRQHandler                 0x0800398f   Thumb Code     0  startup_mm32f103xcxe_o.o(.text)
    DMA1_Channel3_IRQHandler                 0x0800398f   Thumb Code     0  startup_mm32f103xcxe_o.o(.text)
    DMA1_Channel4_IRQHandler                 0x0800398f   Thumb Code     0  startup_mm32f103xcxe_o.o(.text)
    DMA1_Channel5_IRQHandler                 0x0800398f   Thumb Code     0  startup_mm32f103xcxe_o.o(.text)
    DMA1_Channel6_IRQHandler                 0x0800398f   Thumb Code     0  startup_mm32f103xcxe_o.o(.text)
    DMA1_Channel7_IRQHandler                 0x0800398f   Thumb Code     0  startup_mm32f103xcxe_o.o(.text)
    DMA2_Channel1_IRQHandler                 0x0800398f   Thumb Code     0  startup_mm32f103xcxe_o.o(.text)
    DMA2_Channel2_IRQHandler                 0x0800398f   Thumb Code     0  startup_mm32f103xcxe_o.o(.text)
    DMA2_Channel3_IRQHandler                 0x0800398f   Thumb Code     0  startup_mm32f103xcxe_o.o(.text)
    DMA2_Channel4_IRQHandler                 0x0800398f   Thumb Code     0  startup_mm32f103xcxe_o.o(.text)
    DMA2_Channel5_IRQHandler                 0x0800398f   Thumb Code     0  startup_mm32f103xcxe_o.o(.text)
    ETHERNET_MAC_IRQHandler                  0x0800398f   Thumb Code     0  startup_mm32f103xcxe_o.o(.text)
    EXTI0_IRQHandler                         0x0800398f   Thumb Code     0  startup_mm32f103xcxe_o.o(.text)
    EXTI15_10_IRQHandler                     0x0800398f   Thumb Code     0  startup_mm32f103xcxe_o.o(.text)
    EXTI1_IRQHandler                         0x0800398f   Thumb Code     0  startup_mm32f103xcxe_o.o(.text)
    EXTI2_IRQHandler                         0x0800398f   Thumb Code     0  startup_mm32f103xcxe_o.o(.text)
    EXTI3_IRQHandler                         0x0800398f   Thumb Code     0  startup_mm32f103xcxe_o.o(.text)
    EXTI4_IRQHandler                         0x0800398f   Thumb Code     0  startup_mm32f103xcxe_o.o(.text)
    EXTI9_5_IRQHandler                       0x0800398f   Thumb Code     0  startup_mm32f103xcxe_o.o(.text)
    FLASH_IRQHandler                         0x0800398f   Thumb Code     0  startup_mm32f103xcxe_o.o(.text)
    I2C1_IRQHandler                          0x0800398f   Thumb Code     0  startup_mm32f103xcxe_o.o(.text)
    I2C2_IRQHandler                          0x0800398f   Thumb Code     0  startup_mm32f103xcxe_o.o(.text)
    PVD_IRQHandler                           0x0800398f   Thumb Code     0  startup_mm32f103xcxe_o.o(.text)
    RCC_CRS_IRQHandler                       0x0800398f   Thumb Code     0  startup_mm32f103xcxe_o.o(.text)
    RTCAlarm_IRQHandler                      0x0800398f   Thumb Code     0  startup_mm32f103xcxe_o.o(.text)
    RTC_IRQHandler                           0x0800398f   Thumb Code     0  startup_mm32f103xcxe_o.o(.text)
    SDIO_IRQHandler                          0x0800398f   Thumb Code     0  startup_mm32f103xcxe_o.o(.text)
    SPI1_IRQHandler                          0x0800398f   Thumb Code     0  startup_mm32f103xcxe_o.o(.text)
    SPI2_IRQHandler                          0x0800398f   Thumb Code     0  startup_mm32f103xcxe_o.o(.text)
    SPI3_IRQHandler                          0x0800398f   Thumb Code     0  startup_mm32f103xcxe_o.o(.text)
    TAMPER_IRQHandler                        0x0800398f   Thumb Code     0  startup_mm32f103xcxe_o.o(.text)
    TIM1_BRK_IRQHandler                      0x0800398f   Thumb Code     0  startup_mm32f103xcxe_o.o(.text)
    TIM1_CC_IRQHandler                       0x0800398f   Thumb Code     0  startup_mm32f103xcxe_o.o(.text)
    TIM1_TRG_COM_IRQHandler                  0x0800398f   Thumb Code     0  startup_mm32f103xcxe_o.o(.text)
    TIM1_UP_IRQHandler                       0x0800398f   Thumb Code     0  startup_mm32f103xcxe_o.o(.text)
    TIM2_IRQHandler                          0x0800398f   Thumb Code     0  startup_mm32f103xcxe_o.o(.text)
    TIM3_IRQHandler                          0x0800398f   Thumb Code     0  startup_mm32f103xcxe_o.o(.text)
    TIM4_IRQHandler                          0x0800398f   Thumb Code     0  startup_mm32f103xcxe_o.o(.text)
    TIM5_IRQHandler                          0x0800398f   Thumb Code     0  startup_mm32f103xcxe_o.o(.text)
    TIM6_IRQHandler                          0x0800398f   Thumb Code     0  startup_mm32f103xcxe_o.o(.text)
    TIM7_IRQHandler                          0x0800398f   Thumb Code     0  startup_mm32f103xcxe_o.o(.text)
    TIM8_BRK_IRQHandler                      0x0800398f   Thumb Code     0  startup_mm32f103xcxe_o.o(.text)
    TIM8_CC_IRQHandler                       0x0800398f   Thumb Code     0  startup_mm32f103xcxe_o.o(.text)
    TIM8_TRG_COM_IRQHandler                  0x0800398f   Thumb Code     0  startup_mm32f103xcxe_o.o(.text)
    TIM8_UP_IRQHandler                       0x0800398f   Thumb Code     0  startup_mm32f103xcxe_o.o(.text)
    TRNG_IRQHandler                          0x0800398f   Thumb Code     0  startup_mm32f103xcxe_o.o(.text)
    UART2_IRQHandler                         0x0800398f   Thumb Code     0  startup_mm32f103xcxe_o.o(.text)
    UART3_IRQHandler                         0x0800398f   Thumb Code     0  startup_mm32f103xcxe_o.o(.text)
    UART4_IRQHandler                         0x0800398f   Thumb Code     0  startup_mm32f103xcxe_o.o(.text)
    UART5_IRQHandler                         0x0800398f   Thumb Code     0  startup_mm32f103xcxe_o.o(.text)
    UART6_IRQHandler                         0x0800398f   Thumb Code     0  startup_mm32f103xcxe_o.o(.text)
    UART7_IRQHandler                         0x0800398f   Thumb Code     0  startup_mm32f103xcxe_o.o(.text)
    UART8_IRQHandler                         0x0800398f   Thumb Code     0  startup_mm32f103xcxe_o.o(.text)
    USB_OTG_FS_IRQHandler                    0x0800398f   Thumb Code     0  startup_mm32f103xcxe_o.o(.text)
    USB_WKUP_IRQHandler                      0x0800398f   Thumb Code     0  startup_mm32f103xcxe_o.o(.text)
    WWDG_IRQHandler                          0x0800398f   Thumb Code     0  startup_mm32f103xcxe_o.o(.text)
    FLASH_SetLatency                         0x080039b3   Thumb Code    18  hal_flash.o(.text)
    FLASH_HalfCycleAccessCmd                 0x080039c5   Thumb Code    22  hal_flash.o(.text)
    FLASH_PrefetchBufferCmd                  0x080039db   Thumb Code    22  hal_flash.o(.text)
    FLASH_Unlock                             0x080039f1   Thumb Code    12  hal_flash.o(.text)
    FLASH_Lock                               0x080039fd   Thumb Code    14  hal_flash.o(.text)
    FLASH_GetStatus                          0x08003a0b   Thumb Code    48  hal_flash.o(.text)
    FLASH_WaitForLastOperation               0x08003a3b   Thumb Code    42  hal_flash.o(.text)
    FLASH_ErasePage                          0x08003a65   Thumb Code    76  hal_flash.o(.text)
    FLASH_EraseAllPages                      0x08003ab1   Thumb Code    78  hal_flash.o(.text)
    FLASH_EraseOptionBytes                   0x08003aff   Thumb Code   146  hal_flash.o(.text)
    FLASH_ProgramWord                        0x08003b91   Thumb Code   100  hal_flash.o(.text)
    FLASH_ProgramHalfWord                    0x08003bf5   Thumb Code    64  hal_flash.o(.text)
    FLASH_ProgramOptionByteData              0x08003c35   Thumb Code    72  hal_flash.o(.text)
    FLASH_EnableWriteProtection              0x08003c7d   Thumb Code   182  hal_flash.o(.text)
    FLASH_ReadOutProtection                  0x08003d33   Thumb Code   176  hal_flash.o(.text)
    FLASH_UserOptionByteConfig               0x08003de3   Thumb Code    94  hal_flash.o(.text)
    FLASH_GetUserOptionByte                  0x08003e41   Thumb Code     8  hal_flash.o(.text)
    FLASH_GetWriteProtectionOptionByte       0x08003e49   Thumb Code     6  hal_flash.o(.text)
    FLASH_GetPrefetchBufferStatus            0x08003e4f   Thumb Code    20  hal_flash.o(.text)
    FLASH_ITConfig                           0x08003e63   Thumb Code    26  hal_flash.o(.text)
    FLASH_GetFlagStatus                      0x08003e7d   Thumb Code    42  hal_flash.o(.text)
    FLASH_ClearFlag                          0x08003ea7   Thumb Code     6  hal_flash.o(.text)
    GPIO_DeInit                              0x08003ebd   Thumb Code   140  hal_gpio.o(.text)
    GPIO_Init                                0x08003f49   Thumb Code   278  hal_gpio.o(.text)
    GPIO_StructInit                          0x0800405f   Thumb Code    16  hal_gpio.o(.text)
    GPIO_ReadInputDataBit                    0x0800406f   Thumb Code    18  hal_gpio.o(.text)
    GPIO_ReadInputData                       0x08004081   Thumb Code     8  hal_gpio.o(.text)
    GPIO_ReadOutputDataBit                   0x08004089   Thumb Code    18  hal_gpio.o(.text)
    GPIO_ReadOutputData                      0x0800409b   Thumb Code     8  hal_gpio.o(.text)
    GPIO_SetBits                             0x080040a3   Thumb Code     4  hal_gpio.o(.text)
    GPIO_ResetBits                           0x080040a7   Thumb Code     4  hal_gpio.o(.text)
    GPIO_WriteBit                            0x080040ab   Thumb Code    10  hal_gpio.o(.text)
    GPIO_Write                               0x080040b5   Thumb Code     4  hal_gpio.o(.text)
    GPIO_PinLockConfig                       0x080040b9   Thumb Code    18  hal_gpio.o(.text)
    GPIO_PinAFConfig                         0x080040cb   Thumb Code    66  hal_gpio.o(.text)
    NVIC_PriorityGroupConfig                 0x08004115   Thumb Code    10  hal_misc.o(.text)
    NVIC_Init                                0x0800411f   Thumb Code   114  hal_misc.o(.text)
    NVIC_SetVectorTable                      0x08004191   Thumb Code    14  hal_misc.o(.text)
    NVIC_SystemLPConfig                      0x0800419f   Thumb Code    34  hal_misc.o(.text)
    SysTick_CLKSourceConfig                  0x080041c1   Thumb Code    40  hal_misc.o(.text)
    RCC_DeInit                               0x080041fd   Thumb Code    62  hal_rcc.o(.text)
    RCC_HSEConfig                            0x0800423b   Thumb Code    70  hal_rcc.o(.text)
    RCC_GetFlagStatus                        0x08004281   Thumb Code    56  hal_rcc.o(.text)
    RCC_WaitForHSEStartUp                    0x080042b9   Thumb Code    54  hal_rcc.o(.text)
    RCC_AdjustHSICalibrationValue            0x080042ef   Thumb Code    20  hal_rcc.o(.text)
    RCC_HSICmd                               0x08004303   Thumb Code    32  hal_rcc.o(.text)
    RCC_PLLDMDNConfig                        0x08004323   Thumb Code    28  hal_rcc.o(.text)
    RCC_PLLConfig                            0x0800433f   Thumb Code   290  hal_rcc.o(.text)
    RCC_PLLCmd                               0x08004461   Thumb Code    30  hal_rcc.o(.text)
    RCC_SYSCLKConfig                         0x0800447f   Thumb Code    18  hal_rcc.o(.text)
    RCC_GetSYSCLKSource                      0x08004491   Thumb Code    10  hal_rcc.o(.text)
    RCC_HCLKConfig                           0x0800449b   Thumb Code    18  hal_rcc.o(.text)
    RCC_PCLK1Config                          0x080044ad   Thumb Code    18  hal_rcc.o(.text)
    RCC_PCLK2Config                          0x080044bf   Thumb Code    20  hal_rcc.o(.text)
    RCC_ITConfig                             0x080044d3   Thumb Code    30  hal_rcc.o(.text)
    RCC_USBCLKConfig                         0x080044f1   Thumb Code    12  hal_rcc.o(.text)
    RCC_QSPICLKConfig                        0x080044fd   Thumb Code    12  hal_rcc.o(.text)
    RCC_ADCCLKConfig                         0x08004509   Thumb Code    18  hal_rcc.o(.text)
    RCC_LSEConfig                            0x0800451b   Thumb Code    66  hal_rcc.o(.text)
    RCC_LSICmd                               0x0800455d   Thumb Code    30  hal_rcc.o(.text)
    RCC_RTCCLKConfig                         0x0800457b   Thumb Code    12  hal_rcc.o(.text)
    RCC_RTCCLKCmd                            0x08004587   Thumb Code    30  hal_rcc.o(.text)
    RCC_GetClocksFreq                        0x080045a5   Thumb Code   238  hal_rcc.o(.text)
    RCC_AHB3PeriphClockCmd                   0x08004693   Thumb Code    26  hal_rcc.o(.text)
    RCC_AHB2PeriphClockCmd                   0x080046ad   Thumb Code    26  hal_rcc.o(.text)
    RCC_AHB1PeriphClockCmd                   0x080046c7   Thumb Code    26  hal_rcc.o(.text)
    RCC_APB2PeriphClockCmd                   0x080046e1   Thumb Code    26  hal_rcc.o(.text)
    RCC_APB1PeriphClockCmd                   0x080046fb   Thumb Code    26  hal_rcc.o(.text)
    RCC_AHB3PeriphResetCmd                   0x08004715   Thumb Code    26  hal_rcc.o(.text)
    RCC_AHB2PeriphResetCmd                   0x0800472f   Thumb Code    26  hal_rcc.o(.text)
    RCC_AHB1PeriphResetCmd                   0x08004749   Thumb Code    26  hal_rcc.o(.text)
    RCC_APB2PeriphResetCmd                   0x08004763   Thumb Code    26  hal_rcc.o(.text)
    RCC_APB1PeriphResetCmd                   0x0800477d   Thumb Code    26  hal_rcc.o(.text)
    RCC_BackupResetCmd                       0x08004797   Thumb Code    32  hal_rcc.o(.text)
    RCC_ClockSecuritySystemCmd               0x080047b7   Thumb Code    32  hal_rcc.o(.text)
    RCC_MCOConfig                            0x080047d7   Thumb Code    24  hal_rcc.o(.text)
    RCC_ClearFlag                            0x080047ef   Thumb Code    14  hal_rcc.o(.text)
    RCC_GetITStatus                          0x080047fd   Thumb Code    20  hal_rcc.o(.text)
    RCC_ClearITPendingBit                    0x08004811   Thumb Code    14  hal_rcc.o(.text)
    UART_DeInit                              0x08004835   Thumb Code   222  hal_uart.o(.text)
    UART_Init                                0x08004913   Thumb Code   110  hal_uart.o(.text)
    UART_StructInit                          0x08004981   Thumb Code    26  hal_uart.o(.text)
    UART_Cmd                                 0x0800499b   Thumb Code    24  hal_uart.o(.text)
    UART_ITConfig                            0x080049b3   Thumb Code    18  hal_uart.o(.text)
    UART_DMACmd                              0x080049c5   Thumb Code    18  hal_uart.o(.text)
    UART_SendData                            0x080049d7   Thumb Code     6  hal_uart.o(.text)
    UART_ReceiveData                         0x080049dd   Thumb Code     8  hal_uart.o(.text)
    UART_GetFlagStatus                       0x080049e5   Thumb Code    18  hal_uart.o(.text)
    UART_ClearFlag                           0x080049f7   Thumb Code    12  hal_uart.o(.text)
    UART_GetITStatus                         0x08004a03   Thumb Code    18  hal_uart.o(.text)
    UART_ClearITPendingBit                   0x08004a15   Thumb Code     4  hal_uart.o(.text)
    UART_WakeUpConfig                        0x08004a19   Thumb Code    18  hal_uart.o(.text)
    UART_ReceiverWakeUpCmd                   0x08004a2b   Thumb Code    24  hal_uart.o(.text)
    UART_SetRXAddress                        0x08004a43   Thumb Code    16  hal_uart.o(.text)
    UART_SetRXMASK                           0x08004a53   Thumb Code    16  hal_uart.o(.text)
    UART_Enable9bit                          0x08004a63   Thumb Code    24  hal_uart.o(.text)
    UART_Set9bitLevel                        0x08004a7b   Thumb Code    24  hal_uart.o(.text)
    UART_Set9bitPolarity                     0x08004a93   Thumb Code    28  hal_uart.o(.text)
    UART_Set9bitAutomaticToggle              0x08004aaf   Thumb Code    24  hal_uart.o(.text)
    UART_HalfDuplexCmd                       0x08004ac7   Thumb Code    24  hal_uart.o(.text)
    UART_SetGuardTime                        0x08004adf   Thumb Code    20  hal_uart.o(.text)
    UART_SmartCardCmd                        0x08004af3   Thumb Code    24  hal_uart.o(.text)
    UART_SmartCardNACKCmd                    0x08004b0b   Thumb Code    24  hal_uart.o(.text)
    UART_SendBreak                           0x08004b23   Thumb Code    10  hal_uart.o(.text)
    __aeabi_memset                           0x08004b39   Thumb Code    14  memseta.o(.text)
    __aeabi_memset4                          0x08004b39   Thumb Code     0  memseta.o(.text)
    __aeabi_memset8                          0x08004b39   Thumb Code     0  memseta.o(.text)
    __aeabi_memclr                           0x08004b47   Thumb Code     4  memseta.o(.text)
    __aeabi_memclr4                          0x08004b47   Thumb Code     0  memseta.o(.text)
    __aeabi_memclr8                          0x08004b47   Thumb Code     0  memseta.o(.text)
    _memset$wrapper                          0x08004b4b   Thumb Code    18  memseta.o(.text)
    __aeabi_uidiv                            0x08004b5d   Thumb Code     0  uidiv.o(.text)
    __aeabi_uidivmod                         0x08004b5d   Thumb Code    44  uidiv.o(.text)
    __scatterload                            0x08004b89   Thumb Code    28  init.o(.text)
    __scatterload_rt2                        0x08004b89   Thumb Code     0  init.o(.text)
    __0printf$6                              0x08004bad   Thumb Code    22  printf6.o(i.__0printf$6)
    __1printf$6                              0x08004bad   Thumb Code     0  printf6.o(i.__0printf$6)
    __2printf                                0x08004bad   Thumb Code     0  printf6.o(i.__0printf$6)
    __0sprintf$6                             0x08004bcd   Thumb Code    34  printf6.o(i.__0sprintf$6)
    __1sprintf$6                             0x08004bcd   Thumb Code     0  printf6.o(i.__0sprintf$6)
    __2sprintf                               0x08004bcd   Thumb Code     0  printf6.o(i.__0sprintf$6)
    __scatterload_copy                       0x08004bf5   Thumb Code    14  handlers.o(i.__scatterload_copy)
    __scatterload_null                       0x08004c03   Thumb Code     2  handlers.o(i.__scatterload_null)
    __scatterload_zeroinit                   0x08004c05   Thumb Code    14  handlers.o(i.__scatterload_zeroinit)
    Region$$Table$$Base                      0x08004f60   Number         0  anon$$obj.o(Region$$Table)
    Region$$Table$$Limit                     0x08004f80   Number         0  anon$$obj.o(Region$$Table)
    UpdateFlag                               0x0801fffc   Data           1  main.o(.ARM.__AT_0x0801FFFC)
    uart_flag                                0x20000000   Data           1  main.o(.data)
    updata_cmd                               0x20000001   Data           6  main.o(.data)
    upadte_flag                              0x20000007   Data           1  main.o(.data)
    UART_RX_STA                              0x20000008   Data           2  main.o(.data)
    AHBPrescTable                            0x20000010   Data          16  system_mm32f103xcxe_o.o(.data)
    SystemCoreClock                          0x20000020   Data           4  system_mm32f103xcxe_o.o(.data)
    APBAHBPrescTable                         0x20000024   Data          16  hal_rcc.o(.data)
    ADCPrescTable                            0x20000034   Data           4  hal_rcc.o(.data)
    __stdout                                 0x20000038   Data           4  stdout.o(.data)
    UART_RX_BUF                              0x2000003c   Data         200  main.o(.bss)
    printBuf                                 0x20000104   Data         100  main.o(.bss)
    __initial_sp                             0x20000568   Data           0  startup_mm32f103xcxe_o.o(STACK)



==============================================================================

Memory Map of the image

  Image Entry point : 0x080031b5

  Load Region LR_IROM1 (Base: 0x08003000, Size: 0x00001fbc, Max: 0x0001d000, ABSOLUTE)

    Execution Region ER_IROM1 (Exec base: 0x08003000, Load base: 0x08003000, Size: 0x00001f80, Max: 0x0001d000, ABSOLUTE)

    Exec Addr    Load Addr    Size         Type   Attr      Idx    E Section Name        Object

    0x08003000   0x08003000   0x000001b4   Data   RO          165    RESET               startup_mm32f103xcxe_o.o
    0x080031b4   0x080031b4   0x00000000   Code   RO          683  * .ARM.Collect$$$$00000000  mc_w.l(entry.o)
    0x080031b4   0x080031b4   0x00000004   Code   RO          949    .ARM.Collect$$$$00000001  mc_w.l(entry2.o)
    0x080031b8   0x080031b8   0x00000004   Code   RO          952    .ARM.Collect$$$$00000004  mc_w.l(entry5.o)
    0x080031bc   0x080031bc   0x00000000   Code   RO          954    .ARM.Collect$$$$00000008  mc_w.l(entry7b.o)
    0x080031bc   0x080031bc   0x00000000   Code   RO          956    .ARM.Collect$$$$0000000A  mc_w.l(entry8b.o)
    0x080031bc   0x080031bc   0x00000008   Code   RO          957    .ARM.Collect$$$$0000000B  mc_w.l(entry9a.o)
    0x080031c4   0x080031c4   0x00000000   Code   RO          959    .ARM.Collect$$$$0000000D  mc_w.l(entry10a.o)
    0x080031c4   0x080031c4   0x00000000   Code   RO          961    .ARM.Collect$$$$0000000F  mc_w.l(entry11a.o)
    0x080031c4   0x080031c4   0x00000004   Code   RO          950    .ARM.Collect$$$$00002712  mc_w.l(entry2.o)
    0x080031c8   0x080031c8   0x00000590   Code   RO            4    .text               main.o
    0x08003758   0x08003758   0x0000021c   Code   RO          129    .text               system_mm32f103xcxe_o.o
    0x08003974   0x08003974   0x00000024   Code   RO          166    .text               startup_mm32f103xcxe_o.o
    0x08003998   0x08003998   0x00000524   Code   RO          368    .text               hal_flash.o
    0x08003ebc   0x08003ebc   0x00000258   Code   RO          392    .text               hal_gpio.o
    0x08004114   0x08004114   0x000000e8   Code   RO          467    .text               hal_misc.o
    0x080041fc   0x080041fc   0x00000638   Code   RO          515    .text               hal_rcc.o
    0x08004834   0x08004834   0x00000304   Code   RO          638    .text               hal_uart.o
    0x08004b38   0x08004b38   0x00000024   Code   RO          686    .text               mc_w.l(memseta.o)
    0x08004b5c   0x08004b5c   0x0000002c   Code   RO          964    .text               mc_w.l(uidiv.o)
    0x08004b88   0x08004b88   0x00000024   Code   RO          979    .text               mc_w.l(init.o)
    0x08004bac   0x08004bac   0x00000020   Code   RO          843    i.__0printf$6       mc_w.l(printf6.o)
    0x08004bcc   0x08004bcc   0x00000028   Code   RO          845    i.__0sprintf$6      mc_w.l(printf6.o)
    0x08004bf4   0x08004bf4   0x0000000e   Code   RO          991    i.__scatterload_copy  mc_w.l(handlers.o)
    0x08004c02   0x08004c02   0x00000002   Code   RO          992    i.__scatterload_null  mc_w.l(handlers.o)
    0x08004c04   0x08004c04   0x0000000e   Code   RO          993    i.__scatterload_zeroinit  mc_w.l(handlers.o)
    0x08004c12   0x08004c12   0x00000002   PAD
    0x08004c14   0x08004c14   0x000002f0   Code   RO          850    i._printf_core      mc_w.l(printf6.o)
    0x08004f04   0x08004f04   0x00000024   Code   RO          851    i._printf_post_padding  mc_w.l(printf6.o)
    0x08004f28   0x08004f28   0x0000002e   Code   RO          852    i._printf_pre_padding  mc_w.l(printf6.o)
    0x08004f56   0x08004f56   0x0000000a   Code   RO          854    i._sputc            mc_w.l(printf6.o)
    0x08004f60   0x08004f60   0x00000020   Data   RO          989    Region$$Table       anon$$obj.o


    Execution Region RW_IRAM1 (Exec base: 0x20000000, Load base: 0x08004f80, Size: 0x00000568, Max: 0x00005000, ABSOLUTE)

    Exec Addr    Load Addr    Size         Type   Attr      Idx    E Section Name        Object

    0x20000000   0x08004f80   0x0000000e   Data   RW            7    .data               main.o
    0x2000000e   0x08004f8e   0x00000002   PAD
    0x20000010   0x08004f90   0x00000014   Data   RW          130    .data               system_mm32f103xcxe_o.o
    0x20000024   0x08004fa4   0x00000014   Data   RW          516    .data               hal_rcc.o
    0x20000038   0x08004fb8   0x00000004   Data   RW          963    .data               mc_w.l(stdout.o)
    0x2000003c        -       0x0000012c   Zero   RW            6    .bss                main.o
    0x20000168        -       0x00000400   Zero   RW          163    STACK               startup_mm32f103xcxe_o.o



  Load Region LR$$.ARM.__AT_0x0801FFFC (Base: 0x0801fffc, Size: 0x00000000, Max: 0x00000004, ABSOLUTE)

    Execution Region ER$$.ARM.__AT_0x0801FFFC (Exec base: 0x0801fffc, Load base: 0x0801fffc, Size: 0x00000004, Max: 0x00000004, ABSOLUTE, UNINIT)

    Exec Addr    Load Addr    Size         Type   Attr      Idx    E Section Name        Object

    0x0801fffc        -       0x00000001   Zero   RW            5    .ARM.__AT_0x0801FFFC  main.o


==============================================================================

Image component sizes


      Code (inc. data)   RO Data    RW Data    ZI Data      Debug   Object Name

      1316         32          0          0          0       7285   hal_flash.o
       600          8          0          0          0       4457   hal_gpio.o
       232         20          0          0          0       1981   hal_misc.o
      1592         46          0         20          0      11033   hal_rcc.o
       772         12          0          0          0       6853   hal_uart.o
      1424        228          0         14        301     181593   main.o
        36          8        436          0       1024        932   startup_mm32f103xcxe_o.o
       540         46          0         20          0       2685   system_mm32f103xcxe_o.o

    ----------------------------------------------------------------------
      6512        400        468         56       1328     216819   Object Totals
         0          0         32          0          0          0   (incl. Generated)
         0          0          0          2          3          0   (incl. Padding)

    ----------------------------------------------------------------------

      Code (inc. data)   RO Data    RW Data    ZI Data      Debug   Library Member Name

         0          0          0          0          0          0   entry.o
         0          0          0          0          0          0   entry10a.o
         0          0          0          0          0          0   entry11a.o
         8          4          0          0          0          0   entry2.o
         4          0          0          0          0          0   entry5.o
         0          0          0          0          0          0   entry7b.o
         0          0          0          0          0          0   entry8b.o
         8          4          0          0          0          0   entry9a.o
        30          0          0          0          0          0   handlers.o
        36          8          0          0          0         68   init.o
        36          0          0          0          0        108   memseta.o
       916         20          0          0          0        504   printf6.o
         0          0          0          4          0          0   stdout.o
        44          0          0          0          0         80   uidiv.o

    ----------------------------------------------------------------------
      1084         36          0          4          0        760   Library Totals
         2          0          0          0          0          0   (incl. Padding)

    ----------------------------------------------------------------------

      Code (inc. data)   RO Data    RW Data    ZI Data      Debug   Library Name

      1082         36          0          4          0        760   mc_w.l

    ----------------------------------------------------------------------
      1084         36          0          4          0        760   Library Totals

    ----------------------------------------------------------------------

==============================================================================


      Code (inc. data)   RO Data    RW Data    ZI Data      Debug   

      7596        436        468         60       1328     216639   Grand Totals
      7596        436        468         60       1328     216639   ELF Image Totals
      7596        436        468         60          0          0   ROM Totals

==============================================================================

    Total RO  Size (Code + RO Data)                 8064 (   7.88kB)
    Total RW  Size (RW Data + ZI Data)              1388 (   1.36kB)
    Total ROM Size (Code + RO Data + RW Data)       8124 (   7.93kB)

==============================================================================

