Archive member included to satisfy reference by file (symbol)

c:/software/arm_gcc/set/9 2019-q4-major/bin/../lib/gcc/arm-none-eabi/9.2.1/../../../../arm-none-eabi/lib/thumb/v7-m/nofp\libg.a(lib_a-exit.o)
                              c:/software/arm_gcc/set/9 2019-q4-major/bin/../lib/gcc/arm-none-eabi/9.2.1/../../../../arm-none-eabi/lib/thumb/v7-m/nofp/crt0.o (exit)
c:/software/arm_gcc/set/9 2019-q4-major/bin/../lib/gcc/arm-none-eabi/9.2.1/../../../../arm-none-eabi/lib/thumb/v7-m/nofp\libg.a(lib_a-impure.o)
                              c:/software/arm_gcc/set/9 2019-q4-major/bin/../lib/gcc/arm-none-eabi/9.2.1/../../../../arm-none-eabi/lib/thumb/v7-m/nofp\libg.a(lib_a-exit.o) (_global_impure_ptr)
c:/software/arm_gcc/set/9 2019-q4-major/bin/../lib/gcc/arm-none-eabi/9.2.1/../../../../arm-none-eabi/lib/thumb/v7-m/nofp\libg.a(lib_a-init.o)
                              c:/software/arm_gcc/set/9 2019-q4-major/bin/../lib/gcc/arm-none-eabi/9.2.1/../../../../arm-none-eabi/lib/thumb/v7-m/nofp/crt0.o (__libc_init_array)
c:/software/arm_gcc/set/9 2019-q4-major/bin/../lib/gcc/arm-none-eabi/9.2.1/../../../../arm-none-eabi/lib/thumb/v7-m/nofp\libg.a(lib_a-memset.o)
                              c:/software/arm_gcc/set/9 2019-q4-major/bin/../lib/gcc/arm-none-eabi/9.2.1/../../../../arm-none-eabi/lib/thumb/v7-m/nofp/crt0.o (memset)
c:/software/arm_gcc/set/9 2019-q4-major/bin/../lib/gcc/arm-none-eabi/9.2.1/../../../../arm-none-eabi/lib/thumb/v7-m/nofp\libg.a(lib_a-__call_atexit.o)
                              c:/software/arm_gcc/set/9 2019-q4-major/bin/../lib/gcc/arm-none-eabi/9.2.1/../../../../arm-none-eabi/lib/thumb/v7-m/nofp\libg.a(lib_a-exit.o) (__call_exitprocs)
c:/software/arm_gcc/set/9 2019-q4-major/bin/../lib/gcc/arm-none-eabi/9.2.1/../../../../arm-none-eabi/lib/thumb/v7-m/nofp\libg.a(lib_a-atexit.o)
                              c:/software/arm_gcc/set/9 2019-q4-major/bin/../lib/gcc/arm-none-eabi/9.2.1/../../../../arm-none-eabi/lib/thumb/v7-m/nofp\libg.a(lib_a-__call_atexit.o) (atexit)
c:/software/arm_gcc/set/9 2019-q4-major/bin/../lib/gcc/arm-none-eabi/9.2.1/../../../../arm-none-eabi/lib/thumb/v7-m/nofp\libg.a(lib_a-fini.o)
                              c:/software/arm_gcc/set/9 2019-q4-major/bin/../lib/gcc/arm-none-eabi/9.2.1/../../../../arm-none-eabi/lib/thumb/v7-m/nofp\libg.a(lib_a-__call_atexit.o) (__libc_fini_array)
c:/software/arm_gcc/set/9 2019-q4-major/bin/../lib/gcc/arm-none-eabi/9.2.1/../../../../arm-none-eabi/lib/thumb/v7-m/nofp\libg.a(lib_a-lock.o)
                              c:/software/arm_gcc/set/9 2019-q4-major/bin/../lib/gcc/arm-none-eabi/9.2.1/../../../../arm-none-eabi/lib/thumb/v7-m/nofp\libg.a(lib_a-__call_atexit.o) (__retarget_lock_acquire_recursive)
c:/software/arm_gcc/set/9 2019-q4-major/bin/../lib/gcc/arm-none-eabi/9.2.1/../../../../arm-none-eabi/lib/thumb/v7-m/nofp\libg.a(lib_a-__atexit.o)
                              c:/software/arm_gcc/set/9 2019-q4-major/bin/../lib/gcc/arm-none-eabi/9.2.1/../../../../arm-none-eabi/lib/thumb/v7-m/nofp\libg.a(lib_a-atexit.o) (__register_exitproc)

Allocating common symbols
Common symbol       size              file

__lock___atexit_recursive_mutex
                    0x1               c:/software/arm_gcc/set/9 2019-q4-major/bin/../lib/gcc/arm-none-eabi/9.2.1/../../../../arm-none-eabi/lib/thumb/v7-m/nofp\libg.a(lib_a-lock.o)
__lock___arc4random_mutex
                    0x1               c:/software/arm_gcc/set/9 2019-q4-major/bin/../lib/gcc/arm-none-eabi/9.2.1/../../../../arm-none-eabi/lib/thumb/v7-m/nofp\libg.a(lib_a-lock.o)
__lock___env_recursive_mutex
                    0x1               c:/software/arm_gcc/set/9 2019-q4-major/bin/../lib/gcc/arm-none-eabi/9.2.1/../../../../arm-none-eabi/lib/thumb/v7-m/nofp\libg.a(lib_a-lock.o)
__lock___sinit_recursive_mutex
                    0x1               c:/software/arm_gcc/set/9 2019-q4-major/bin/../lib/gcc/arm-none-eabi/9.2.1/../../../../arm-none-eabi/lib/thumb/v7-m/nofp\libg.a(lib_a-lock.o)
__lock___malloc_recursive_mutex
                    0x1               c:/software/arm_gcc/set/9 2019-q4-major/bin/../lib/gcc/arm-none-eabi/9.2.1/../../../../arm-none-eabi/lib/thumb/v7-m/nofp\libg.a(lib_a-lock.o)
__lock___at_quick_exit_mutex
                    0x1               c:/software/arm_gcc/set/9 2019-q4-major/bin/../lib/gcc/arm-none-eabi/9.2.1/../../../../arm-none-eabi/lib/thumb/v7-m/nofp\libg.a(lib_a-lock.o)
__lock___dd_hash_mutex
                    0x1               c:/software/arm_gcc/set/9 2019-q4-major/bin/../lib/gcc/arm-none-eabi/9.2.1/../../../../arm-none-eabi/lib/thumb/v7-m/nofp\libg.a(lib_a-lock.o)
__lock___tz_mutex   0x1               c:/software/arm_gcc/set/9 2019-q4-major/bin/../lib/gcc/arm-none-eabi/9.2.1/../../../../arm-none-eabi/lib/thumb/v7-m/nofp\libg.a(lib_a-lock.o)
__lock___sfp_recursive_mutex
                    0x1               c:/software/arm_gcc/set/9 2019-q4-major/bin/../lib/gcc/arm-none-eabi/9.2.1/../../../../arm-none-eabi/lib/thumb/v7-m/nofp\libg.a(lib_a-lock.o)

[...]
Memory Configuration

Name             Origin             Length             Attributes
FLASH            0x08000000         0x00080000         xr
RAM              0x20000000         0x00020000         xrw
*default*        0x00000000         0xffffffff

Linker script and memory map

LOAD c:/software/arm_gcc/set/9 2019-q4-major/bin/../lib/gcc/arm-none-eabi/9.2.1/thumb/v7-m/nofp/crti.o
LOAD c:/software/arm_gcc/set/9 2019-q4-major/bin/../lib/gcc/arm-none-eabi/9.2.1/thumb/v7-m/nofp/crtbegin.o
LOAD c:/software/arm_gcc/set/9 2019-q4-major/bin/../lib/gcc/arm-none-eabi/9.2.1/../../../../arm-none-eabi/lib/thumb/v7-m/nofp/crt0.o
LOAD 1_SampleCode_HAL\APP\main.o
LOAD 3_Device\MM32F103xCxE_o\HAL_lib\src\HAL_adc.o
LOAD 3_Device\MM32F103xCxE_o\HAL_lib\src\HAL_aes.o
LOAD 3_Device\MM32F103xCxE_o\HAL_lib\src\HAL_bkp.o
LOAD 3_Device\MM32F103xCxE_o\HAL_lib\src\HAL_can.o
LOAD 3_Device\MM32F103xCxE_o\HAL_lib\src\HAL_comp.o
LOAD 3_Device\MM32F103xCxE_o\HAL_lib\src\HAL_crc.o
LOAD 3_Device\MM32F103xCxE_o\HAL_lib\src\HAL_dma.o
LOAD 3_Device\MM32F103xCxE_o\HAL_lib\src\HAL_exti.o
LOAD 3_Device\MM32F103xCxE_o\HAL_lib\src\HAL_flash.o
LOAD 3_Device\MM32F103xCxE_o\HAL_lib\src\HAL_gpio.o
LOAD 3_Device\MM32F103xCxE_o\HAL_lib\src\HAL_i2c.o
LOAD 3_Device\MM32F103xCxE_o\HAL_lib\src\HAL_iwdg.o
LOAD 3_Device\MM32F103xCxE_o\HAL_lib\src\HAL_misc.o
LOAD 3_Device\MM32F103xCxE_o\HAL_lib\src\HAL_pwr.o
LOAD 3_Device\MM32F103xCxE_o\HAL_lib\src\HAL_rcc.o
LOAD 3_Device\MM32F103xCxE_o\HAL_lib\src\HAL_rtc.o
LOAD 3_Device\MM32F103xCxE_o\HAL_lib\src\HAL_spi.o
LOAD 3_Device\MM32F103xCxE_o\HAL_lib\src\HAL_syscfg.o
LOAD 3_Device\MM32F103xCxE_o\HAL_lib\src\HAL_tim.o
LOAD 3_Device\MM32F103xCxE_o\HAL_lib\src\HAL_uart.o
LOAD 3_Device\MM32F103xCxE_o\HAL_lib\src\HAL_wwdg.o
LOAD 3_Device\MM32F103xCxE_o\Source\GCC_StartAsm\startup_MM32x103_md.o
LOAD 3_Device\MM32F103xCxE_o\Source\system_MM32F103xCxE_o.o
START GROUP
LOAD c:/software/arm_gcc/set/9 2019-q4-major/bin/../lib/gcc/arm-none-eabi/9.2.1/thumb/v7-m/nofp\libgcc.a
LOAD c:/software/arm_gcc/set/9 2019-q4-major/bin/../lib/gcc/arm-none-eabi/9.2.1/../../../../arm-none-eabi/lib/thumb/v7-m/nofp\libg.a
LOAD c:/software/arm_gcc/set/9 2019-q4-major/bin/../lib/gcc/arm-none-eabi/9.2.1/../../../../arm-none-eabi/lib/thumb/v7-m/nofp\libc.a
END GROUP
LOAD c:/software/arm_gcc/set/9 2019-q4-major/bin/../lib/gcc/arm-none-eabi/9.2.1/thumb/v7-m/nofp/crtend.o
LOAD c:/software/arm_gcc/set/9 2019-q4-major/bin/../lib/gcc/arm-none-eabi/9.2.1/thumb/v7-m/nofp/crtn.o
                0x20020000                _estack = 0x20020000
                0x00000400                _Min_Heap_Size = 0x400
                0x00000200                _Min_Stack_Size = 0x200

.isr_vector     0x08000000      0x1b8
                0x08000000                . = ALIGN (0x4)
 *(.isr_vector)
 .isr_vector    0x08000000      0x1b8 3_Device\MM32F103xCxE_o\Source\GCC_StartAsm\startup_MM32x103_md.o
                0x08000000                g_pfnVectors
                0x080001b8                . = ALIGN (0x4)

.eh_frame       0x080001b8        0x0
 .eh_frame      0x080001b8        0x0 c:/software/arm_gcc/set/9 2019-q4-major/bin/../lib/gcc/arm-none-eabi/9.2.1/thumb/v7-m/nofp/crtbegin.o

.text           0x080001b8      0x580
                0x080001b8                . = ALIGN (0x4)
 *(.text)
 .text          0x080001b8       0x40 c:/software/arm_gcc/set/9 2019-q4-major/bin/../lib/gcc/arm-none-eabi/9.2.1/thumb/v7-m/nofp/crtbegin.o
 *(.text*)
 .text.main     0x080001f8       0x88 1_SampleCode_HAL\APP\main.o
                0x080001f8                main
 .text.LED_Init
                0x08000280       0x68 1_SampleCode_HAL\APP\main.o
                0x08000280                LED_Init
 .text.delay_init
                0x080002e8       0x4c 1_SampleCode_HAL\APP\main.o
                0x080002e8                delay_init
 .text.delay_ms
                0x08000334       0x6c 1_SampleCode_HAL\APP\main.o
                0x08000334                delay_ms
 .text.GPIO_Init
                0x080003a0      0x178 3_Device\MM32F103xCxE_o\HAL_lib\src\HAL_gpio.o
                0x080003a0                GPIO_Init
 .text.GPIO_ReadOutputDataBit
                0x08000518       0x32 3_Device\MM32F103xCxE_o\HAL_lib\src\HAL_gpio.o
                0x08000518                GPIO_ReadOutputDataBit
 .text.GPIO_SetBits
                0x0800054a       0x1c 3_Device\MM32F103xCxE_o\HAL_lib\src\HAL_gpio.o
                0x0800054a                GPIO_SetBits
 .text.GPIO_ResetBits
                0x08000566       0x1c 3_Device\MM32F103xCxE_o\HAL_lib\src\HAL_gpio.o
                0x08000566                GPIO_ResetBits
 *fill*         0x08000582        0x2 
 .text.SysTick_CLKSourceConfig
                0x08000584       0x38 3_Device\MM32F103xCxE_o\HAL_lib\src\HAL_misc.o
                0x08000584                SysTick_CLKSourceConfig
 .text.RCC_AHB1PeriphClockCmd
                0x080005bc       0x3c 3_Device\MM32F103xCxE_o\HAL_lib\src\HAL_rcc.o
                0x080005bc                RCC_AHB1PeriphClockCmd
 .text.Reset_Handler
                0x080005f8       0x40 3_Device\MM32F103xCxE_o\Source\GCC_StartAsm\startup_MM32x103_md.o
                0x080005f8                Reset_Handler
 .text.Default_Handler
                0x08000638        0x2 3_Device\MM32F103xCxE_o\Source\GCC_StartAsm\startup_MM32x103_md.o
                0x08000638                EXTI2_IRQHandler
                0x08000638                TIM8_TRG_COM_IRQHandler
                0x08000638                TIM8_CC_IRQHandler
                0x08000638                DebugMon_Handler
                0x08000638                UART8_IRQHandler
                0x08000638                TIM1_CC_IRQHandler
                0x08000638                HardFault_Handler
                0x08000638                CAN1_RX_IRQHandler
                0x08000638                TIM6_IRQHandler
                0x08000638                SysTick_Handler
                0x08000638                PVD_IRQHandler
                0x08000638                SDIO_IRQHandler
                0x08000638                PendSV_Handler
                0x08000638                NMI_Handler
                0x08000638                EXTI3_IRQHandler
                0x08000638                I2C1_IRQHandler
                0x08000638                UART1_IRQHandler
                0x08000638                USB_OTG_FS_IRQHandler
                0x08000638                EXTI0_IRQHandler
                0x08000638                RCC_CRS_IRQHandler
                0x08000638                UsageFault_Handler
                0x08000638                SPI1_IRQHandler
                0x08000638                ETHERNET_MAC_IRQHandler
                0x08000638                TAMPER_IRQHandler
                0x08000638                TIM8_UP_IRQHandler
                0x08000638                DMA2_Channel2_IRQHandler
                0x08000638                DMA1_Channel4_IRQHandler
                0x08000638                ADC1_IRQHandler
                0x08000638                I2C2_IRQHandler
                0x08000638                RTC_IRQHandler
                0x08000638                DMA1_Channel7_IRQHandler
                0x08000638                UART5_IRQHandler
                0x08000638                TIM4_IRQHandler
                0x08000638                DMA2_Channel1_IRQHandler
                0x08000638                UART2_IRQHandler
                0x08000638                DMA1_Channel6_IRQHandler
                0x08000638                UART4_IRQHandler
                0x08000638                DMA2_Channel4_IRQHandler
                0x08000638                TIM3_IRQHandler
                0x08000638                TIM1_TRG_COM_IRQHandler
                0x08000638                DMA1_Channel1_IRQHandler
                0x08000638                Default_Handler
                0x08000638                EXTI15_10_IRQHandler
                0x08000638                TIM7_IRQHandler
                0x08000638                TIM5_IRQHandler
                0x08000638                EXTI9_5_IRQHandler
                0x08000638                SPI2_IRQHandler
                0x08000638                MemManage_Handler
                0x08000638                SVC_Handler
                0x08000638                DMA2_Channel5_IRQHandler
                0x08000638                DMA1_Channel5_IRQHandler
                0x08000638                EXTI4_IRQHandler
                0x08000638                COMP1_2_IRQHandler
                0x08000638                DMA1_Channel3_IRQHandler
                0x08000638                TIM1_UP_IRQHandler
                0x08000638                WWDG_IRQHandler
                0x08000638                TIM2_IRQHandler
                0x08000638                TIM1_BRK_IRQHandler
                0x08000638                EXTI1_IRQHandler
                0x08000638                AES_IRQHandler
                0x08000638                RTCAlarm_IRQHandler
                0x08000638                UART7_IRQHandler
                0x08000638                UART6_IRQHandler
                0x08000638                DMA1_Channel2_IRQHandler
                0x08000638                TIM8_BRK_IRQHandler
                0x08000638                FLASH_IRQHandler
                0x08000638                BusFault_Handler
                0x08000638                SPI3_IRQHandler
                0x08000638                UART3_IRQHandler
                0x08000638                TRNG_IRQHandler
                0x08000638                USBWakeUp_IRQHandler
                0x08000638                DMA2_Channel3_IRQHandler
 *fill*         0x0800063a        0x2 
 .text.startup.register_fini
                0x0800063c       0x14 c:/software/arm_gcc/set/9 2019-q4-major/bin/../lib/gcc/arm-none-eabi/9.2.1/../../../../arm-none-eabi/lib/thumb/v7-m/nofp\libg.a(lib_a-__call_atexit.o)
 .text.atexit   0x08000650        0xc c:/software/arm_gcc/set/9 2019-q4-major/bin/../lib/gcc/arm-none-eabi/9.2.1/../../../../arm-none-eabi/lib/thumb/v7-m/nofp\libg.a(lib_a-atexit.o)
                0x08000650                atexit
 .text.__libc_fini_array
                0x0800065c       0x2c c:/software/arm_gcc/set/9 2019-q4-major/bin/../lib/gcc/arm-none-eabi/9.2.1/../../../../arm-none-eabi/lib/thumb/v7-m/nofp\libg.a(lib_a-fini.o)
                0x0800065c                __libc_fini_array
 .text.__retarget_lock_acquire_recursive
                0x08000688        0x4 c:/software/arm_gcc/set/9 2019-q4-major/bin/../lib/gcc/arm-none-eabi/9.2.1/../../../../arm-none-eabi/lib/thumb/v7-m/nofp\libg.a(lib_a-lock.o)
                0x08000688                __retarget_lock_acquire_recursive
 .text.__retarget_lock_release_recursive
                0x0800068c        0x4 c:/software/arm_gcc/set/9 2019-q4-major/bin/../lib/gcc/arm-none-eabi/9.2.1/../../../../arm-none-eabi/lib/thumb/v7-m/nofp\libg.a(lib_a-lock.o)
                0x0800068c                __retarget_lock_release_recursive
 .text.__register_exitproc
                0x08000690       0x8c c:/software/arm_gcc/set/9 2019-q4-major/bin/../lib/gcc/arm-none-eabi/9.2.1/../../../../arm-none-eabi/lib/thumb/v7-m/nofp\libg.a(lib_a-__atexit.o)
                0x08000690                __register_exitproc
 *(.rodata)
 *(.rodata*)
 .rodata._global_impure_ptr
                0x0800071c        0x4 c:/software/arm_gcc/set/9 2019-q4-major/bin/../lib/gcc/arm-none-eabi/9.2.1/../../../../arm-none-eabi/lib/thumb/v7-m/nofp\libg.a(lib_a-impure.o)
                0x0800071c                _global_impure_ptr
 *(.glue_7)
 .glue_7        0x08000720        0x0 linker stubs
 *(.glue_7t)
 .glue_7t       0x08000720        0x0 linker stubs
 *(.init)
 .init          0x08000720        0x4 c:/software/arm_gcc/set/9 2019-q4-major/bin/../lib/gcc/arm-none-eabi/9.2.1/thumb/v7-m/nofp/crti.o
                0x08000720                _init
 .init          0x08000724        0x8 c:/software/arm_gcc/set/9 2019-q4-major/bin/../lib/gcc/arm-none-eabi/9.2.1/thumb/v7-m/nofp/crtn.o
 *(.fini)
 .fini          0x0800072c        0x4 c:/software/arm_gcc/set/9 2019-q4-major/bin/../lib/gcc/arm-none-eabi/9.2.1/thumb/v7-m/nofp/crti.o
                0x0800072c                _fini
 .fini          0x08000730        0x8 c:/software/arm_gcc/set/9 2019-q4-major/bin/../lib/gcc/arm-none-eabi/9.2.1/thumb/v7-m/nofp/crtn.o
                0x08000738                . = ALIGN (0x4)
                0x08000738                _etext = .

.vfp11_veneer   0x08000738        0x0
 .vfp11_veneer  0x08000738        0x0 linker stubs

.v4_bx          0x08000738        0x0
 .v4_bx         0x08000738        0x0 linker stubs

.iplt           0x08000738        0x0
 .iplt          0x08000738        0x0 c:/software/arm_gcc/set/9 2019-q4-major/bin/../lib/gcc/arm-none-eabi/9.2.1/thumb/v7-m/nofp/crtbegin.o

.rel.dyn        0x08000738        0x0
 .rel.iplt      0x08000738        0x0 c:/software/arm_gcc/set/9 2019-q4-major/bin/../lib/gcc/arm-none-eabi/9.2.1/thumb/v7-m/nofp/crtbegin.o

.ARM.extab
 *(.ARM.extab* .gnu.linkonce.armextab.*)

.ARM            0x08000738        0x0
                0x08000738                __exidx_start = .
 *(.ARM.exidx*)
                0x08000738                __exidx_end = .

.ARM.attributes
                0x08000738       0x29
 *(.ARM.attributes)
 .ARM.attributes
                0x08000738       0x1d c:/software/arm_gcc/set/9 2019-q4-major/bin/../lib/gcc/arm-none-eabi/9.2.1/thumb/v7-m/nofp/crti.o
 .ARM.attributes
                0x08000755       0x2d c:/software/arm_gcc/set/9 2019-q4-major/bin/../lib/gcc/arm-none-eabi/9.2.1/thumb/v7-m/nofp/crtbegin.o
 .ARM.attributes
                0x08000782       0x2d 1_SampleCode_HAL\APP\main.o
 .ARM.attributes
                0x080007af       0x2d 3_Device\MM32F103xCxE_o\HAL_lib\src\HAL_gpio.o
 .ARM.attributes
                0x080007dc       0x2d 3_Device\MM32F103xCxE_o\HAL_lib\src\HAL_misc.o
 .ARM.attributes
                0x08000809       0x2d 3_Device\MM32F103xCxE_o\HAL_lib\src\HAL_rcc.o
 .ARM.attributes
                0x08000836       0x21 3_Device\MM32F103xCxE_o\Source\GCC_StartAsm\startup_MM32x103_md.o
 .ARM.attributes
                0x08000857       0x2d 3_Device\MM32F103xCxE_o\Source\system_MM32F103xCxE_o.o
 .ARM.attributes
                0x08000884       0x2d c:/software/arm_gcc/set/9 2019-q4-major/bin/../lib/gcc/arm-none-eabi/9.2.1/../../../../arm-none-eabi/lib/thumb/v7-m/nofp\libg.a(lib_a-impure.o)
 .ARM.attributes
                0x080008b1       0x2d c:/software/arm_gcc/set/9 2019-q4-major/bin/../lib/gcc/arm-none-eabi/9.2.1/../../../../arm-none-eabi/lib/thumb/v7-m/nofp\libg.a(lib_a-__call_atexit.o)
 .ARM.attributes
                0x080008de       0x2d c:/software/arm_gcc/set/9 2019-q4-major/bin/../lib/gcc/arm-none-eabi/9.2.1/../../../../arm-none-eabi/lib/thumb/v7-m/nofp\libg.a(lib_a-atexit.o)
 .ARM.attributes
                0x0800090b       0x2d c:/software/arm_gcc/set/9 2019-q4-major/bin/../lib/gcc/arm-none-eabi/9.2.1/../../../../arm-none-eabi/lib/thumb/v7-m/nofp\libg.a(lib_a-fini.o)
 .ARM.attributes
                0x08000938       0x2d c:/software/arm_gcc/set/9 2019-q4-major/bin/../lib/gcc/arm-none-eabi/9.2.1/../../../../arm-none-eabi/lib/thumb/v7-m/nofp\libg.a(lib_a-lock.o)
 .ARM.attributes
                0x08000965       0x2d c:/software/arm_gcc/set/9 2019-q4-major/bin/../lib/gcc/arm-none-eabi/9.2.1/../../../../arm-none-eabi/lib/thumb/v7-m/nofp\libg.a(lib_a-__atexit.o)
 .ARM.attributes
                0x08000992       0x1d c:/software/arm_gcc/set/9 2019-q4-major/bin/../lib/gcc/arm-none-eabi/9.2.1/thumb/v7-m/nofp/crtn.o

.preinit_array  0x08000738        0x0
                0x08000738                PROVIDE (__preinit_array_start = .)
 *(.preinit_array*)
                0x08000738                PROVIDE (__preinit_array_end = .)

.init_array     0x08000738        0x8
                0x08000738                PROVIDE (__init_array_start = .)
 *(SORT_BY_NAME(.init_array.*))
 .init_array.00000
                0x08000738        0x4 c:/software/arm_gcc/set/9 2019-q4-major/bin/../lib/gcc/arm-none-eabi/9.2.1/../../../../arm-none-eabi/lib/thumb/v7-m/nofp\libg.a(lib_a-__call_atexit.o)
 *(.init_array*)
 .init_array    0x0800073c        0x4 c:/software/arm_gcc/set/9 2019-q4-major/bin/../lib/gcc/arm-none-eabi/9.2.1/thumb/v7-m/nofp/crtbegin.o
                0x08000740                PROVIDE (__init_array_end = .)

.fini_array     0x08000740        0x4
                0x08000740                PROVIDE (__fini_array_start = .)
 *(.fini_array*)
 .fini_array    0x08000740        0x4 c:/software/arm_gcc/set/9 2019-q4-major/bin/../lib/gcc/arm-none-eabi/9.2.1/thumb/v7-m/nofp/crtbegin.o
 *(SORT_BY_NAME(.fini_array.*))
                0x08000744                PROVIDE (__fini_array_end = .)
                0x08000744                _sidata = .

.data           0x20000000      0x434 load address 0x08000744
                0x20000000                . = ALIGN (0x4)
                0x20000000                _sdata = .
 *(.data)
 *(.data*)
 .data.SystemCoreClock
                0x20000000        0x4 3_Device\MM32F103xCxE_o\Source\system_MM32F103xCxE_o.o
                0x20000000                SystemCoreClock
 *fill*         0x20000004        0x4 
 .data.impure_data
                0x20000008      0x428 c:/software/arm_gcc/set/9 2019-q4-major/bin/../lib/gcc/arm-none-eabi/9.2.1/../../../../arm-none-eabi/lib/thumb/v7-m/nofp\libg.a(lib_a-impure.o)
 .data.__atexit_recursive_mutex
                0x20000430        0x4 c:/software/arm_gcc/set/9 2019-q4-major/bin/../lib/gcc/arm-none-eabi/9.2.1/../../../../arm-none-eabi/lib/thumb/v7-m/nofp\libg.a(lib_a-__call_atexit.o)
                0x20000430                __atexit_recursive_mutex
                0x20000434                . = ALIGN (0x4)
                0x20000434                _edata = .

.igot.plt       0x20000434        0x0 load address 0x08000b78
 .igot.plt      0x20000434        0x0 c:/software/arm_gcc/set/9 2019-q4-major/bin/../lib/gcc/arm-none-eabi/9.2.1/thumb/v7-m/nofp/crtbegin.o
                0x20000434                . = ALIGN (0x4)

.bss            0x20000434       0x44 load address 0x08000b78
                0x20000434                _sbss = .
                0x20000434                __bss_start__ = _sbss
 *(.bss)
 .bss           0x20000434       0x1c c:/software/arm_gcc/set/9 2019-q4-major/bin/../lib/gcc/arm-none-eabi/9.2.1/thumb/v7-m/nofp/crtbegin.o
 *(.bss*)
 .bss.fac_us    0x20000450        0x1 1_SampleCode_HAL\APP\main.o
 *fill*         0x20000451        0x1 
 .bss.fac_ms    0x20000452        0x2 1_SampleCode_HAL\APP\main.o
 *(COMMON)
 COMMON         0x20000454       0x21 c:/software/arm_gcc/set/9 2019-q4-major/bin/../lib/gcc/arm-none-eabi/9.2.1/../../../../arm-none-eabi/lib/thumb/v7-m/nofp\libg.a(lib_a-lock.o)
                0x20000454                __lock___atexit_recursive_mutex
                0x20000458                __lock___arc4random_mutex
                0x2000045c                __lock___env_recursive_mutex
                0x20000460                __lock___sinit_recursive_mutex
                0x20000464                __lock___malloc_recursive_mutex
                0x20000468                __lock___at_quick_exit_mutex
                0x2000046c                __lock___dd_hash_mutex
                0x20000470                __lock___tz_mutex
                0x20000474                __lock___sfp_recursive_mutex
                0x20000478                . = ALIGN (0x4)
 *fill*         0x20000475        0x3 
                0x20000478                _ebss = .
                0x20000478                __bss_end__ = _ebss
                [!provide]                PROVIDE (end = _ebss)
                [!provide]                PROVIDE (_end = _ebss)

._user_heap_stack
                0x20000478      0x600 load address 0x08000bbc
                0x20000478                . = ALIGN (0x4)
                0x20000878                . = (. + _Min_Heap_Size)
 *fill*         0x20000478      0x400 
                0x20000a78                . = (. + _Min_Stack_Size)
 *fill*         0x20000878      0x200 
                0x20000a78                . = ALIGN (0x4)

/DISCARD/
 libc.a(*)
 libm.a(*)
 libgcc.a(*)
OUTPUT(mm32F103xx_o_GCC_Pro.elf elf32-littlearm)

.debug_info     0x00000000     0x2945
 .debug_info    0x00000000      0xc2f 1_SampleCode_HAL\APP\main.o
 .debug_info    0x00000c2f      0x5fd 3_Device\MM32F103xCxE_o\HAL_lib\src\HAL_gpio.o
 .debug_info    0x0000122c      0x594 3_Device\MM32F103xCxE_o\HAL_lib\src\HAL_misc.o
 .debug_info    0x000017c0      0xb1c 3_Device\MM32F103xCxE_o\HAL_lib\src\HAL_rcc.o
 .debug_info    0x000022dc       0x22 3_Device\MM32F103xCxE_o\Source\GCC_StartAsm\startup_MM32x103_md.o
 .debug_info    0x000022fe      0x647 3_Device\MM32F103xCxE_o\Source\system_MM32F103xCxE_o.o

.debug_abbrev   0x00000000      0xa27
 .debug_abbrev  0x00000000      0x28b 1_SampleCode_HAL\APP\main.o
 .debug_abbrev  0x0000028b      0x1e2 3_Device\MM32F103xCxE_o\HAL_lib\src\HAL_gpio.o
 .debug_abbrev  0x0000046d      0x199 3_Device\MM32F103xCxE_o\HAL_lib\src\HAL_misc.o
 .debug_abbrev  0x00000606      0x258 3_Device\MM32F103xCxE_o\HAL_lib\src\HAL_rcc.o
 .debug_abbrev  0x0000085e       0x12 3_Device\MM32F103xCxE_o\Source\GCC_StartAsm\startup_MM32x103_md.o
 .debug_abbrev  0x00000870      0x1b7 3_Device\MM32F103xCxE_o\Source\system_MM32F103xCxE_o.o

.debug_aranges  0x00000000      0x2a0
 .debug_aranges
                0x00000000       0x38 1_SampleCode_HAL\APP\main.o
 .debug_aranges
                0x00000038       0x80 3_Device\MM32F103xCxE_o\HAL_lib\src\HAL_gpio.o
 .debug_aranges
                0x000000b8       0x40 3_Device\MM32F103xCxE_o\HAL_lib\src\HAL_misc.o
 .debug_aranges
                0x000000f8      0x150 3_Device\MM32F103xCxE_o\HAL_lib\src\HAL_rcc.o
 .debug_aranges
                0x00000248       0x28 3_Device\MM32F103xCxE_o\Source\GCC_StartAsm\startup_MM32x103_md.o
 .debug_aranges
                0x00000270       0x30 3_Device\MM32F103xCxE_o\Source\system_MM32F103xCxE_o.o

.debug_ranges   0x00000000      0x248
 .debug_ranges  0x00000000       0x28 1_SampleCode_HAL\APP\main.o
 .debug_ranges  0x00000028       0x70 3_Device\MM32F103xCxE_o\HAL_lib\src\HAL_gpio.o
 .debug_ranges  0x00000098       0x30 3_Device\MM32F103xCxE_o\HAL_lib\src\HAL_misc.o
 .debug_ranges  0x000000c8      0x140 3_Device\MM32F103xCxE_o\HAL_lib\src\HAL_rcc.o
 .debug_ranges  0x00000208       0x20 3_Device\MM32F103xCxE_o\Source\GCC_StartAsm\startup_MM32x103_md.o
 .debug_ranges  0x00000228       0x20 3_Device\MM32F103xCxE_o\Source\system_MM32F103xCxE_o.o

.debug_macro    0x00000000     0x9d36
 .debug_macro   0x00000000      0x2e8 1_SampleCode_HAL\APP\main.o
 .debug_macro   0x000002e8      0xa84 1_SampleCode_HAL\APP\main.o
 .debug_macro   0x00000d6c       0x64 1_SampleCode_HAL\APP\main.o
 .debug_macro   0x00000dd0       0x3a 1_SampleCode_HAL\APP\main.o
 .debug_macro   0x00000e0a       0x22 1_SampleCode_HAL\APP\main.o
 .debug_macro   0x00000e2c       0x8e 1_SampleCode_HAL\APP\main.o
 .debug_macro   0x00000eba       0x51 1_SampleCode_HAL\APP\main.o
 .debug_macro   0x00000f0b       0xef 1_SampleCode_HAL\APP\main.o
 .debug_macro   0x00000ffa       0x6a 1_SampleCode_HAL\APP\main.o
 .debug_macro   0x00001064      0x1df 1_SampleCode_HAL\APP\main.o
 .debug_macro   0x00001243       0x2d 1_SampleCode_HAL\APP\main.o
 .debug_macro   0x00001270      0xa8b 1_SampleCode_HAL\APP\main.o
 .debug_macro   0x00001cfb     0x46e4 1_SampleCode_HAL\APP\main.o
 .debug_macro   0x000063df      0x278 1_SampleCode_HAL\APP\main.o
 .debug_macro   0x00006657       0x83 1_SampleCode_HAL\APP\main.o
 .debug_macro   0x000066da      0x149 1_SampleCode_HAL\APP\main.o
 .debug_macro   0x00006823      0x3a6 1_SampleCode_HAL\APP\main.o
 .debug_macro   0x00006bc9       0x94 1_SampleCode_HAL\APP\main.o
 .debug_macro   0x00006c5d      0x33a 1_SampleCode_HAL\APP\main.o
 .debug_macro   0x00006f97      0x1ca 1_SampleCode_HAL\APP\main.o
 .debug_macro   0x00007161      0x1f9 1_SampleCode_HAL\APP\main.o
 .debug_macro   0x0000735a       0x70 1_SampleCode_HAL\APP\main.o
 .debug_macro   0x000073ca       0x94 1_SampleCode_HAL\APP\main.o
 .debug_macro   0x0000745e      0x41b 1_SampleCode_HAL\APP\main.o
 .debug_macro   0x00007879       0x58 1_SampleCode_HAL\APP\main.o
 .debug_macro   0x000078d1      0x2b7 1_SampleCode_HAL\APP\main.o
 .debug_macro   0x00007b88      0x73b 1_SampleCode_HAL\APP\main.o
 .debug_macro   0x000082c3      0x16c 1_SampleCode_HAL\APP\main.o
 .debug_macro   0x0000842f       0x34 1_SampleCode_HAL\APP\main.o
 .debug_macro   0x00008463       0x7c 1_SampleCode_HAL\APP\main.o
 .debug_macro   0x000084df       0xdc 1_SampleCode_HAL\APP\main.o
 .debug_macro   0x000085bb       0xcf 1_SampleCode_HAL\APP\main.o
 .debug_macro   0x0000868a       0x5e 1_SampleCode_HAL\APP\main.o
 .debug_macro   0x000086e8       0x18 1_SampleCode_HAL\APP\main.o
 .debug_macro   0x00008700       0x35 1_SampleCode_HAL\APP\main.o
 .debug_macro   0x00008735       0x34 1_SampleCode_HAL\APP\main.o
 .debug_macro   0x00008769       0x16 1_SampleCode_HAL\APP\main.o
 .debug_macro   0x0000877f       0x97 1_SampleCode_HAL\APP\main.o
 .debug_macro   0x00008816      0x339 1_SampleCode_HAL\APP\main.o
 .debug_macro   0x00008b4f       0xfd 1_SampleCode_HAL\APP\main.o
 .debug_macro   0x00008c4c       0x10 1_SampleCode_HAL\APP\main.o
 .debug_macro   0x00008c5c       0x58 1_SampleCode_HAL\APP\main.o
 .debug_macro   0x00008cb4       0x1f 1_SampleCode_HAL\APP\main.o
 .debug_macro   0x00008cd3       0x43 1_SampleCode_HAL\APP\main.o
 .debug_macro   0x00008d16       0x20 1_SampleCode_HAL\APP\main.o
 .debug_macro   0x00008d36      0x18e 1_SampleCode_HAL\APP\main.o
 .debug_macro   0x00008ec4       0x10 1_SampleCode_HAL\APP\main.o
 .debug_macro   0x00008ed4       0x1c 1_SampleCode_HAL\APP\main.o
 .debug_macro   0x00008ef0       0x52 1_SampleCode_HAL\APP\main.o
 .debug_macro   0x00008f42       0x40 1_SampleCode_HAL\APP\main.o
 .debug_macro   0x00008f82       0x10 1_SampleCode_HAL\APP\main.o
 .debug_macro   0x00008f92       0x40 1_SampleCode_HAL\APP\main.o
 .debug_macro   0x00008fd2       0xd7 1_SampleCode_HAL\APP\main.o
 .debug_macro   0x000090a9       0x1c 1_SampleCode_HAL\APP\main.o
 .debug_macro   0x000090c5       0x3d 1_SampleCode_HAL\APP\main.o
 .debug_macro   0x00009102       0x16 1_SampleCode_HAL\APP\main.o
 .debug_macro   0x00009118      0x16f 1_SampleCode_HAL\APP\main.o
 .debug_macro   0x00009287       0xec 3_Device\MM32F103xCxE_o\HAL_lib\src\HAL_gpio.o
 .debug_macro   0x00009373      0x1c4 3_Device\MM32F103xCxE_o\HAL_lib\src\HAL_gpio.o
 .debug_macro   0x00009537       0xbf 3_Device\MM32F103xCxE_o\HAL_lib\src\HAL_misc.o
 .debug_macro   0x000095f6       0x76 3_Device\MM32F103xCxE_o\HAL_lib\src\HAL_misc.o
 .debug_macro   0x0000966c      0x1c9 3_Device\MM32F103xCxE_o\HAL_lib\src\HAL_rcc.o
 .debug_macro   0x00009835      0x415 3_Device\MM32F103xCxE_o\HAL_lib\src\HAL_rcc.o
 .debug_macro   0x00009c4a       0xec 3_Device\MM32F103xCxE_o\Source\system_MM32F103xCxE_o.o

.debug_line     0x00000000     0x1f86
 .debug_line    0x00000000      0x639 1_SampleCode_HAL\APP\main.o
 .debug_line    0x00000639      0x5fc 3_Device\MM32F103xCxE_o\HAL_lib\src\HAL_gpio.o
 .debug_line    0x00000c35      0x435 3_Device\MM32F103xCxE_o\HAL_lib\src\HAL_misc.o
 .debug_line    0x0000106a      0xa39 3_Device\MM32F103xCxE_o\HAL_lib\src\HAL_rcc.o
 .debug_line    0x00001aa3       0x9f 3_Device\MM32F103xCxE_o\Source\GCC_StartAsm\startup_MM32x103_md.o
 .debug_line    0x00001b42      0x444 3_Device\MM32F103xCxE_o\Source\system_MM32F103xCxE_o.o

.debug_str      0x00000000    0x3923b
 .debug_str     0x00000000    0x37e3d 1_SampleCode_HAL\APP\main.o
                              0x3807b (size before relaxing)
 .debug_str     0x00037e3d      0x2ae 3_Device\MM32F103xCxE_o\HAL_lib\src\HAL_gpio.o
                              0x233a3 (size before relaxing)
 .debug_str     0x000380eb      0x266 3_Device\MM32F103xCxE_o\HAL_lib\src\HAL_misc.o
                              0x204fd (size before relaxing)
 .debug_str     0x00038351      0xca4 3_Device\MM32F103xCxE_o\HAL_lib\src\HAL_rcc.o
                              0x22b83 (size before relaxing)
 .debug_str     0x00038ff5       0x53 3_Device\MM32F103xCxE_o\Source\GCC_StartAsm\startup_MM32x103_md.o
                                 0x83 (size before relaxing)
 .debug_str     0x00039048      0x1f3 3_Device\MM32F103xCxE_o\Source\system_MM32F103xCxE_o.o
                              0x200e1 (size before relaxing)

.comment        0x00000000       0x79
 .comment       0x00000000       0x79 1_SampleCode_HAL\APP\main.o
                                 0x7a (size before relaxing)
 .comment       0x00000079       0x7a 3_Device\MM32F103xCxE_o\HAL_lib\src\HAL_gpio.o
 .comment       0x00000079       0x7a 3_Device\MM32F103xCxE_o\HAL_lib\src\HAL_misc.o
 .comment       0x00000079       0x7a 3_Device\MM32F103xCxE_o\HAL_lib\src\HAL_rcc.o
 .comment       0x00000079       0x7a 3_Device\MM32F103xCxE_o\Source\system_MM32F103xCxE_o.o

.debug_frame    0x00000000      0xb98
 .debug_frame   0x00000000       0x94 1_SampleCode_HAL\APP\main.o
 .debug_frame   0x00000094      0x214 3_Device\MM32F103xCxE_o\HAL_lib\src\HAL_gpio.o
 .debug_frame   0x000002a8       0xd8 3_Device\MM32F103xCxE_o\HAL_lib\src\HAL_misc.o
 .debug_frame   0x00000380      0x608 3_Device\MM32F103xCxE_o\HAL_lib\src\HAL_rcc.o
 .debug_frame   0x00000988       0x7c 3_Device\MM32F103xCxE_o\Source\system_MM32F103xCxE_o.o
 .debug_frame   0x00000a04       0x5c c:/software/arm_gcc/set/9 2019-q4-major/bin/../lib/gcc/arm-none-eabi/9.2.1/../../../../arm-none-eabi/lib/thumb/v7-m/nofp\libg.a(lib_a-__call_atexit.o)
 .debug_frame   0x00000a60       0x20 c:/software/arm_gcc/set/9 2019-q4-major/bin/../lib/gcc/arm-none-eabi/9.2.1/../../../../arm-none-eabi/lib/thumb/v7-m/nofp\libg.a(lib_a-atexit.o)
 .debug_frame   0x00000a80       0x34 c:/software/arm_gcc/set/9 2019-q4-major/bin/../lib/gcc/arm-none-eabi/9.2.1/../../../../arm-none-eabi/lib/thumb/v7-m/nofp\libg.a(lib_a-fini.o)
 .debug_frame   0x00000ab4       0xb0 c:/software/arm_gcc/set/9 2019-q4-major/bin/../lib/gcc/arm-none-eabi/9.2.1/../../../../arm-none-eabi/lib/thumb/v7-m/nofp\libg.a(lib_a-lock.o)
 .debug_frame   0x00000b64       0x34 c:/software/arm_gcc/set/9 2019-q4-major/bin/../lib/gcc/arm-none-eabi/9.2.1/../../../../arm-none-eabi/lib/thumb/v7-m/nofp\libg.a(lib_a-__atexit.o)
