Component: ARM Compiler 5.06 update 6 (build 750) Tool: armlink [4d35ed]

==============================================================================

Section Cross References

    system_mm32l0xx.o(i.SystemInit) refers to system_mm32l0xx.o(i.SetSysClockTo48_HSI) for SetSysClockTo48_HSI
    startup_mm32l0xx.o(STACK) refers (Special) to heapauxi.o(.text) for __use_two_region_memory
    startup_mm32l0xx.o(HEAP) refers (Special) to heapauxi.o(.text) for __use_two_region_memory
    startup_mm32l0xx.o(RESET) refers (Special) to heapauxi.o(.text) for __use_two_region_memory
    startup_mm32l0xx.o(RESET) refers to startup_mm32l0xx.o(STACK) for __initial_sp
    startup_mm32l0xx.o(RESET) refers to startup_mm32l0xx.o(.text) for Reset_Handler
    startup_mm32l0xx.o(RESET) refers to mm32l073_it.o(i.NMI_Handler) for NMI_Handler
    startup_mm32l0xx.o(RESET) refers to mm32l073_it.o(i.HardFault_Handler) for HardFault_Handler
    startup_mm32l0xx.o(RESET) refers to mm32l073_it.o(i.SVC_Handler) for SVC_Handler
    startup_mm32l0xx.o(RESET) refers to mm32l073_it.o(i.PendSV_Handler) for PendSV_Handler
    startup_mm32l0xx.o(RESET) refers to mm32l073_it.o(i.SysTick_Handler) for SysTick_Handler
    startup_mm32l0xx.o(RESET) refers to mm32l073_it.o(i.WWDG_IRQHandler) for WWDG_IRQHandler
    startup_mm32l0xx.o(RESET) refers to mm32l073_it.o(i.PVD_IRQHandler) for PVD_IRQHandler
    startup_mm32l0xx.o(RESET) refers to mm32l073_it.o(i.RTC_IRQHandler) for RTC_IRQHandler
    startup_mm32l0xx.o(RESET) refers to mm32l073_it.o(i.FLASH_IRQHandler) for FLASH_IRQHandler
    startup_mm32l0xx.o(RESET) refers to mm32l073_it.o(i.RCC_CRS_IRQHandler) for RCC_CRS_IRQHandler
    startup_mm32l0xx.o(RESET) refers to mm32l073_it.o(i.EXTI0_1_IRQHandler) for EXTI0_1_IRQHandler
    startup_mm32l0xx.o(RESET) refers to mm32l073_it.o(i.EXTI2_3_IRQHandler) for EXTI2_3_IRQHandler
    startup_mm32l0xx.o(RESET) refers to mm32l073_it.o(i.EXTI4_15_IRQHandler) for EXTI4_15_IRQHandler
    startup_mm32l0xx.o(RESET) refers to mm32l073_it.o(i.DMA1_Channel1_IRQHandler) for DMA1_Channel1_IRQHandler
    startup_mm32l0xx.o(RESET) refers to mm32l073_it.o(i.DMA1_Channel2_3_IRQHandler) for DMA1_Channel2_3_IRQHandler
    startup_mm32l0xx.o(RESET) refers to mm32l073_it.o(i.DMA1_Channel4_5_IRQHandler) for DMA1_Channel4_5_IRQHandler
    startup_mm32l0xx.o(RESET) refers to mm32l073_it.o(i.ADC_COMP_IRQHandler) for ADC_COMP_IRQHandler
    startup_mm32l0xx.o(RESET) refers to mm32l073_it.o(i.TIM1_BRK_UP_TRG_COM_IRQHandler) for TIM1_BRK_UP_TRG_COM_IRQHandler
    startup_mm32l0xx.o(RESET) refers to mm32l073_it.o(i.TIM1_CC_IRQHandler) for TIM1_CC_IRQHandler
    startup_mm32l0xx.o(RESET) refers to mm32l073_it.o(i.TIM2_IRQHandler) for TIM2_IRQHandler
    startup_mm32l0xx.o(RESET) refers to mm32l073_it.o(i.TIM3_IRQHandler) for TIM3_IRQHandler
    startup_mm32l0xx.o(RESET) refers to mm32l073_it.o(i.TIM14_IRQHandler) for TIM14_IRQHandler
    startup_mm32l0xx.o(RESET) refers to mm32l073_it.o(i.TIM16_IRQHandler) for TIM16_IRQHandler
    startup_mm32l0xx.o(RESET) refers to mm32l073_it.o(i.TIM17_IRQHandler) for TIM17_IRQHandler
    startup_mm32l0xx.o(RESET) refers to mm32l073_it.o(i.I2C1_IRQHandler) for I2C1_IRQHandler
    startup_mm32l0xx.o(RESET) refers to mm32l073_it.o(i.SPI1_IRQHandler) for SPI1_IRQHandler
    startup_mm32l0xx.o(RESET) refers to mm32l073_it.o(i.SPI2_IRQHandler) for SPI2_IRQHandler
    startup_mm32l0xx.o(RESET) refers to mm32l073_it.o(i.UART1_IRQHandler) for UART1_IRQHandler
    startup_mm32l0xx.o(RESET) refers to mm32l073_it.o(i.UART2_IRQHandler) for UART2_IRQHandler
    startup_mm32l0xx.o(RESET) refers to mm32l073_it.o(i.AES_IRQHandler) for AES_IRQHandler
    startup_mm32l0xx.o(RESET) refers to mm32l073_it.o(i.CAN_IRQHandler) for CAN_IRQHandler
    startup_mm32l0xx.o(.text) refers (Special) to heapauxi.o(.text) for __use_two_region_memory
    startup_mm32l0xx.o(.text) refers to startup_mm32l0xx.o(STACK) for __initial_sp
    startup_mm32l0xx.o(.text) refers to system_mm32l0xx.o(i.SystemInit) for SystemInit
    startup_mm32l0xx.o(.text) refers to __main.o(!!!main) for __main
    startup_mm32l0xx.o(.text) refers to startup_mm32l0xx.o(HEAP) for Heap_Mem
    hal_adc.o(i.ADC_DeInit) refers to hal_rcc.o(i.RCC_APB2PeriphResetCmd) for RCC_APB2PeriphResetCmd
    hal_adc.o(i.ADC_RegularChannelConfig) refers to hal_adc.o(i.__ARM_common_switch8) for __ARM_common_switch8
    hal_aes.o(i.AES_CBC_Decrypt) refers to uread4.o(.text) for __aeabi_uread4
    hal_aes.o(i.AES_CBC_Decrypt) refers to hal_aes.o(i.AES_GetFlagStatus) for AES_GetFlagStatus
    hal_aes.o(i.AES_CBC_Decrypt) refers to hal_aes.o(i.AES_ClearFlag) for AES_ClearFlag
    hal_aes.o(i.AES_CBC_Decrypt) refers to hal_aes.o(i.AES_WriteSubData) for AES_WriteSubData
    hal_aes.o(i.AES_CBC_Encrypt) refers to uread4.o(.text) for __aeabi_uread4
    hal_aes.o(i.AES_CBC_Encrypt) refers to hal_aes.o(i.AES_WriteSubData) for AES_WriteSubData
    hal_aes.o(i.AES_CBC_Encrypt) refers to hal_aes.o(i.AES_GetFlagStatus) for AES_GetFlagStatus
[...]
    hal_memprotect.o(i.FLASH_EraseSysSpace) refers to hal_flash.o(i.FLASH_WaitForLastOperation) for FLASH_WaitForLastOperation
    hal_memprotect.o(i.FLASH_ProgramOptionHalfData) refers to hal_flash.o(i.FLASH_WaitForLastOperation) for FLASH_WaitForLastOperation
    hal_memprotect.o(i.FLASH_ProgramSysSecProByteData) refers to hal_flash.o(i.FLASH_WaitForLastOperation) for FLASH_WaitForLastOperation
    hal_pwr.o(i.PWR_DeInit) refers to hal_rcc.o(i.RCC_APB1PeriphResetCmd) for RCC_APB1PeriphResetCmd
    hal_rcc.o(i.RCC_GetClocksFreq) refers to aeabi_sdiv.o(.text) for __aeabi_uidivmod
    hal_rcc.o(i.RCC_GetClocksFreq) refers to hal_rcc.o(.data) for .data
    hal_rcc.o(i.RCC_PLLConfig) refers to hal_rcc.o(i.RCC_PLLDMDNConfig) for RCC_PLLDMDNConfig
    hal_rcc.o(i.RCC_WaitForHSEStartUp) refers to hal_rcc.o(i.RCC_GetFlagStatus) for RCC_GetFlagStatus
    hal_spi.o(i.SPI_DeInit) refers to hal_rcc.o(i.RCC_APB2PeriphResetCmd) for RCC_APB2PeriphResetCmd
    hal_tim.o(i.TIM_DeInit) refers to hal_rcc.o(i.RCC_APB1PeriphResetCmd) for RCC_APB1PeriphResetCmd
    hal_tim.o(i.TIM_DeInit) refers to hal_rcc.o(i.RCC_APB2PeriphResetCmd) for RCC_APB2PeriphResetCmd
    hal_tim.o(i.TIM_ETRClockMode1Config) refers to hal_tim.o(i.TIM_ETRConfig) for TIM_ETRConfig
    hal_tim.o(i.TIM_ETRClockMode2Config) refers to hal_tim.o(i.TIM_ETRConfig) for TIM_ETRConfig
    hal_tim.o(i.TIM_ICInit) refers to hal_tim.o(i.TIM_SetIC4Prescaler) for TIM_SetIC4Prescaler
    hal_tim.o(i.TIM_ICInit) refers to hal_tim.o(i.TI1_Config) for TI1_Config
    hal_tim.o(i.TIM_ICInit) refers to hal_tim.o(i.TIM_SetIC1Prescaler) for TIM_SetIC1Prescaler
    hal_tim.o(i.TIM_ICInit) refers to hal_tim.o(i.TI2_Config) for TI2_Config
    hal_tim.o(i.TIM_ICInit) refers to hal_tim.o(i.TIM_SetIC2Prescaler) for TIM_SetIC2Prescaler
    hal_tim.o(i.TIM_ICInit) refers to hal_tim.o(i.TIM_SetIC3Prescaler) for TIM_SetIC3Prescaler
    hal_tim.o(i.TIM_ITRxExternalClockConfig) refers to hal_tim.o(i.TIM_SelectInputTrigger) for TIM_SelectInputTrigger
    hal_tim.o(i.TIM_PWMIConfig) refers to hal_tim.o(i.TI2_Config) for TI2_Config
    hal_tim.o(i.TIM_PWMIConfig) refers to hal_tim.o(i.TIM_SetIC2Prescaler) for TIM_SetIC2Prescaler
    hal_tim.o(i.TIM_PWMIConfig) refers to hal_tim.o(i.TI1_Config) for TI1_Config
    hal_tim.o(i.TIM_PWMIConfig) refers to hal_tim.o(i.TIM_SetIC1Prescaler) for TIM_SetIC1Prescaler
    hal_tim.o(i.TIM_TIxExternalClockConfig) refers to hal_tim.o(i.TI1_Config) for TI1_Config
    hal_tim.o(i.TIM_TIxExternalClockConfig) refers to hal_tim.o(i.TIM_SelectInputTrigger) for TIM_SelectInputTrigger
    hal_tim.o(i.TIM_TIxExternalClockConfig) refers to hal_tim.o(i.TI2_Config) for TI2_Config
    hal_uart.o(i.UART_DeInit) refers to hal_rcc.o(i.RCC_APB2PeriphResetCmd) for RCC_APB2PeriphResetCmd
    hal_uart.o(i.UART_DeInit) refers to hal_rcc.o(i.RCC_APB1PeriphResetCmd) for RCC_APB1PeriphResetCmd
    hal_uart.o(i.UART_Init) refers to hal_rcc.o(i.RCC_GetClocksFreq) for RCC_GetClocksFreq
    hal_uart.o(i.UART_Init) refers to aeabi_sdiv.o(.text) for __aeabi_uidivmod
    hal_wwdg.o(i.WWDG_DeInit) refers to hal_rcc.o(i.RCC_APB1PeriphResetCmd) for RCC_APB1PeriphResetCmd
    main.o(i.CRC16) refers to main.o(.constdata) for .constdata
    main.o(i.CheckCodeBank) refers to main.o(i.CRC16) for CRC16
    main.o(i.ClearBank) refers to hal_flash.o(i.FLASH_Unlock) for FLASH_Unlock
    main.o(i.ClearBank) refers to hal_flash.o(i.FLASH_ErasePage) for FLASH_ErasePage
    main.o(i.ClearBank) refers to hal_flash.o(i.FLASH_Lock) for FLASH_Lock
    main.o(i.CopyB2A) refers to main.o(i.ClearBank) for ClearBank
    main.o(i.CopyB2A) refers to hal_flash.o(i.FLASH_Unlock) for FLASH_Unlock
    main.o(i.CopyB2A) refers to hal_flash.o(i.FLASH_ProgramWord) for FLASH_ProgramWord
    main.o(i.CopyB2A) refers to hal_flash.o(i.FLASH_Lock) for FLASH_Lock
    main.o(i.CopyB2A) refers to main.o(i.CheckCodeBank) for CheckCodeBank
    main.o(i.Jump2App) refers to main.o(.data) for .data
    main.o(i.main) refers to hal_rcc.o(i.RCC_APB2PeriphClockCmd) for RCC_APB2PeriphClockCmd
    main.o(i.main) refers to main.o(i.CheckCodeBank) for CheckCodeBank
    main.o(i.main) refers to main.o(i.CopyB2A) for CopyB2A
    main.o(i.main) refers to main.o(i.ClearBank) for ClearBank
    main.o(i.main) refers to main.o(i.Jump2App) for Jump2App
    __main.o(!!!main) refers to __rtentry.o(.ARM.Collect$$rtentry$$00000000) for __rt_entry
    __rtentry.o(.ARM.Collect$$rtentry$$00000000) refers (Special) to __rtentry2.o(.ARM.Collect$$rtentry$$0000000A) for __rt_entry_li
    __rtentry.o(.ARM.Collect$$rtentry$$00000000) refers (Special) to __rtentry2.o(.ARM.Collect$$rtentry$$0000000D) for __rt_entry_main
    __rtentry.o(.ARM.Collect$$rtentry$$00000000) refers (Special) to __rtentry2.o(.ARM.Collect$$rtentry$$0000000C) for __rt_entry_postli_1
    __rtentry.o(.ARM.Collect$$rtentry$$00000000) refers (Special) to __rtentry2.o(.ARM.Collect$$rtentry$$00000009) for __rt_entry_postsh_1
    __rtentry.o(.ARM.Collect$$rtentry$$00000000) refers (Special) to __rtentry2.o(.ARM.Collect$$rtentry$$00000002) for __rt_entry_presh_1
    __rtentry.o(.ARM.Collect$$rtentry$$00000000) refers (Special) to __rtentry4.o(.ARM.Collect$$rtentry$$00000004) for __rt_entry_sh
    aeabi_idiv0_sigfpe.o(.text) refers to rt_div0.o(.text) for __rt_div0
    __rtentry2.o(.ARM.Collect$$rtentry$$00000008) refers to boardinit2.o(.text) for _platform_post_stackheap_init
    __rtentry2.o(.ARM.Collect$$rtentry$$0000000A) refers to libinit.o(.ARM.Collect$$libinit$$00000000) for __rt_lib_init
    __rtentry2.o(.ARM.Collect$$rtentry$$0000000B) refers to boardinit3.o(.text) for _platform_post_lib_init
    __rtentry2.o(.ARM.Collect$$rtentry$$0000000D) refers to main.o(i.main) for main
    __rtentry2.o(.ARM.Collect$$rtentry$$0000000D) refers to exit.o(.text) for exit
    __rtentry2.o(.ARM.exidx) refers to __rtentry2.o(.ARM.Collect$$rtentry$$00000001) for .ARM.Collect$$rtentry$$00000001
    __rtentry2.o(.ARM.exidx) refers to __rtentry2.o(.ARM.Collect$$rtentry$$00000008) for .ARM.Collect$$rtentry$$00000008
    __rtentry2.o(.ARM.exidx) refers to __rtentry2.o(.ARM.Collect$$rtentry$$0000000A) for .ARM.Collect$$rtentry$$0000000A
    __rtentry2.o(.ARM.exidx) refers to __rtentry2.o(.ARM.Collect$$rtentry$$0000000B) for .ARM.Collect$$rtentry$$0000000B
    __rtentry2.o(.ARM.exidx) refers to __rtentry2.o(.ARM.Collect$$rtentry$$0000000D) for .ARM.Collect$$rtentry$$0000000D
    __rtentry4.o(.ARM.Collect$$rtentry$$00000004) refers to sys_stackheap_outer.o(.text) for __user_setup_stackheap
    __rtentry4.o(.ARM.exidx) refers to __rtentry4.o(.ARM.Collect$$rtentry$$00000004) for .ARM.Collect$$rtentry$$00000004
    rt_div0.o(.text) refers to defsig_fpe_outer.o(.text) for __rt_SIGFPE
    sys_stackheap_outer.o(.text) refers to libspace.o(.text) for __user_perproc_libspace
    sys_stackheap_outer.o(.text) refers to startup_mm32l0xx.o(.text) for __user_initial_stackheap
    sys_stackheap_outer.o(__vectab_stack_and_reset_area) refers to tempstk.o(.text) for __temporary_stack_top
    sys_stackheap_outer.o(__vectab_stack_and_reset_area) refers to __main.o(!!!main) for __main
    exit.o(.text) refers to rtexit.o(.ARM.Collect$$rtexit$$00000000) for __rt_exit
    defsig_fpe_outer.o(.text) refers to defsig_fpe_inner.o(.text) for __rt_SIGFPE_inner
    defsig_fpe_outer.o(.text) refers to defsig_exit.o(.text) for __sig_exit
    defsig_fpe_formal.o(.text) refers to rt_raise.o(.text) for __rt_raise
    libinit.o(.ARM.Collect$$libinit$$00000000) refers (Special) to libinit2.o(.ARM.Collect$$libinit$$0000002E) for __rt_lib_init_alloca_1
    libinit.o(.ARM.Collect$$libinit$$00000000) refers (Special) to libinit2.o(.ARM.Collect$$libinit$$0000002C) for __rt_lib_init_argv_1
    libinit.o(.ARM.Collect$$libinit$$00000000) refers (Special) to libinit2.o(.ARM.Collect$$libinit$$0000001B) for __rt_lib_init_atexit_1
    libinit.o(.ARM.Collect$$libinit$$00000000) refers (Special) to libinit2.o(.ARM.Collect$$libinit$$00000021) for __rt_lib_init_clock_1
    libinit.o(.ARM.Collect$$libinit$$00000000) refers (Special) to libinit2.o(.ARM.Collect$$libinit$$00000032) for __rt_lib_init_cpp_1
    libinit.o(.ARM.Collect$$libinit$$00000000) refers (Special) to libinit2.o(.ARM.Collect$$libinit$$00000030) for __rt_lib_init_exceptions_1
    libinit.o(.ARM.Collect$$libinit$$00000000) refers (Special) to libinit2.o(.ARM.Collect$$libinit$$00000002) for __rt_lib_init_fp_1
    libinit.o(.ARM.Collect$$libinit$$00000000) refers (Special) to libinit2.o(.ARM.Collect$$libinit$$0000001F) for __rt_lib_init_fp_trap_1
    libinit.o(.ARM.Collect$$libinit$$00000000) refers (Special) to libinit2.o(.ARM.Collect$$libinit$$00000023) for __rt_lib_init_getenv_1
    libinit.o(.ARM.Collect$$libinit$$00000000) refers (Special) to libinit2.o(.ARM.Collect$$libinit$$0000000A) for __rt_lib_init_heap_1
    libinit.o(.ARM.Collect$$libinit$$00000000) refers (Special) to libinit2.o(.ARM.Collect$$libinit$$00000011) for __rt_lib_init_lc_collate_1
    libinit.o(.ARM.Collect$$libinit$$00000000) refers (Special) to libinit2.o(.ARM.Collect$$libinit$$00000013) for __rt_lib_init_lc_ctype_1
    libinit.o(.ARM.Collect$$libinit$$00000000) refers (Special) to libinit2.o(.ARM.Collect$$libinit$$00000015) for __rt_lib_init_lc_monetary_1
    libinit.o(.ARM.Collect$$libinit$$00000000) refers (Special) to libinit2.o(.ARM.Collect$$libinit$$00000017) for __rt_lib_init_lc_numeric_1
    libinit.o(.ARM.Collect$$libinit$$00000000) refers (Special) to libinit2.o(.ARM.Collect$$libinit$$00000019) for __rt_lib_init_lc_time_1
    libinit.o(.ARM.Collect$$libinit$$00000000) refers (Special) to libinit2.o(.ARM.Collect$$libinit$$00000004) for __rt_lib_init_preinit_1
    libinit.o(.ARM.Collect$$libinit$$00000000) refers (Special) to libinit2.o(.ARM.Collect$$libinit$$0000000E) for __rt_lib_init_rand_1
    libinit.o(.ARM.Collect$$libinit$$00000000) refers (Special) to libinit2.o(.ARM.Collect$$libinit$$00000033) for __rt_lib_init_return
    libinit.o(.ARM.Collect$$libinit$$00000000) refers (Special) to libinit2.o(.ARM.Collect$$libinit$$0000001D) for __rt_lib_init_signal_1
    libinit.o(.ARM.Collect$$libinit$$00000000) refers (Special) to libinit2.o(.ARM.Collect$$libinit$$00000025) for __rt_lib_init_stdio_1
    libinit.o(.ARM.Collect$$libinit$$00000000) refers (Special) to libinit2.o(.ARM.Collect$$libinit$$0000000C) for __rt_lib_init_user_alloc_1
    libspace.o(.text) refers to libspace.o(.bss) for __libspace_start
    rtexit.o(.ARM.Collect$$rtexit$$00000000) refers (Special) to rtexit2.o(.ARM.Collect$$rtexit$$00000004) for __rt_exit_exit
    rtexit.o(.ARM.Collect$$rtexit$$00000000) refers (Special) to rtexit2.o(.ARM.Collect$$rtexit$$00000003) for __rt_exit_ls
    rtexit.o(.ARM.Collect$$rtexit$$00000000) refers (Special) to rtexit2.o(.ARM.Collect$$rtexit$$00000002) for __rt_exit_prels_1
    rtexit.o(.ARM.exidx) refers (Special) to rtexit2.o(.ARM.Collect$$rtexit$$00000004) for __rt_exit_exit
    rtexit.o(.ARM.exidx) refers (Special) to rtexit2.o(.ARM.Collect$$rtexit$$00000003) for __rt_exit_ls
    rtexit.o(.ARM.exidx) refers (Special) to rtexit2.o(.ARM.Collect$$rtexit$$00000002) for __rt_exit_prels_1
    rtexit.o(.ARM.exidx) refers to rtexit.o(.ARM.Collect$$rtexit$$00000000) for .ARM.Collect$$rtexit$$00000000
    rt_raise.o(.text) refers to __raise.o(.text) for __raise
    rt_raise.o(.text) refers to sys_exit.o(.text) for _sys_exit
    defsig_exit.o(.text) refers to sys_exit.o(.text) for _sys_exit
    defsig_fpe_inner.o(.text) refers to defsig_general.o(.text) for __default_signal_display
    libinit2.o(.ARM.Collect$$libinit$$00000010) refers to libinit2.o(.ARM.Collect$$libinit$$0000000F) for .ARM.Collect$$libinit$$0000000F
    libinit2.o(.ARM.Collect$$libinit$$00000012) refers to libinit2.o(.ARM.Collect$$libinit$$0000000F) for .ARM.Collect$$libinit$$0000000F
    libinit2.o(.ARM.Collect$$libinit$$00000014) refers to libinit2.o(.ARM.Collect$$libinit$$0000000F) for .ARM.Collect$$libinit$$0000000F
    libinit2.o(.ARM.Collect$$libinit$$00000016) refers to libinit2.o(.ARM.Collect$$libinit$$0000000F) for .ARM.Collect$$libinit$$0000000F
    libinit2.o(.ARM.Collect$$libinit$$00000018) refers to libinit2.o(.ARM.Collect$$libinit$$0000000F) for .ARM.Collect$$libinit$$0000000F
    libinit2.o(.ARM.Collect$$libinit$$00000026) refers to argv_veneer.o(.text) for __ARM_argv_veneer
    libinit2.o(.ARM.Collect$$libinit$$00000027) refers to argv_veneer.o(.text) for __ARM_argv_veneer
    sys_exit.o(.text) refers (Special) to use_no_semi.o(.text) for __I$use$semihosting
    sys_exit.o(.text) refers (Special) to indicate_semi.o(.text) for __semihosting_library_function
    rtexit2.o(.ARM.Collect$$rtexit$$00000003) refers to libshutdown.o(.ARM.Collect$$libshutdown$$00000000) for __rt_lib_shutdown
    rtexit2.o(.ARM.Collect$$rtexit$$00000004) refers to sys_exit.o(.text) for _sys_exit
    rtexit2.o(.ARM.exidx) refers to rtexit2.o(.ARM.Collect$$rtexit$$00000001) for .ARM.Collect$$rtexit$$00000001
    rtexit2.o(.ARM.exidx) refers to rtexit2.o(.ARM.Collect$$rtexit$$00000003) for .ARM.Collect$$rtexit$$00000003
    rtexit2.o(.ARM.exidx) refers to rtexit2.o(.ARM.Collect$$rtexit$$00000004) for .ARM.Collect$$rtexit$$00000004
    __raise.o(.text) refers to defsig.o(CL$$defsig) for __default_signal_handler
    defsig_general.o(.text) refers to sys_wrch.o(.text) for _ttywrch
    sys_wrch.o(.text) refers (Special) to use_no_semi.o(.text) for __I$use$semihosting
    sys_wrch.o(.text) refers (Special) to indicate_semi.o(.text) for __semihosting_library_function
    defsig.o(CL$$defsig) refers to defsig_fpe_inner.o(.text) for __rt_SIGFPE_inner
    defsig.o(CL$$defsig) refers to defsig_rtmem_inner.o(.text) for __rt_SIGRTMEM_inner
    _get_argv_nomalloc.o(.text) refers (Special) to hrguard.o(.text) for __heap_region$guard
    _get_argv_nomalloc.o(.text) refers to defsig_rtmem_outer.o(.text) for __rt_SIGRTMEM
    _get_argv_nomalloc.o(.text) refers to sys_command.o(.text) for _sys_command_string
    libshutdown.o(.ARM.Collect$$libshutdown$$00000000) refers (Special) to libshutdown2.o(.ARM.Collect$$libshutdown$$00000002) for __rt_lib_shutdown_cpp_1
    libshutdown.o(.ARM.Collect$$libshutdown$$00000000) refers (Special) to libshutdown2.o(.ARM.Collect$$libshutdown$$00000007) for __rt_lib_shutdown_fp_trap_1
    libshutdown.o(.ARM.Collect$$libshutdown$$00000000) refers (Special) to libshutdown2.o(.ARM.Collect$$libshutdown$$0000000F) for __rt_lib_shutdown_heap_1
    libshutdown.o(.ARM.Collect$$libshutdown$$00000000) refers (Special) to libshutdown2.o(.ARM.Collect$$libshutdown$$00000010) for __rt_lib_shutdown_return
    libshutdown.o(.ARM.Collect$$libshutdown$$00000000) refers (Special) to libshutdown2.o(.ARM.Collect$$libshutdown$$0000000A) for __rt_lib_shutdown_signal_1
    libshutdown.o(.ARM.Collect$$libshutdown$$00000000) refers (Special) to libshutdown2.o(.ARM.Collect$$libshutdown$$00000004) for __rt_lib_shutdown_stdio_1
    libshutdown.o(.ARM.Collect$$libshutdown$$00000000) refers (Special) to libshutdown2.o(.ARM.Collect$$libshutdown$$0000000C) for __rt_lib_shutdown_user_alloc_1
    sys_command.o(.text) refers (Special) to use_no_semi.o(.text) for __I$use$semihosting
    sys_command.o(.text) refers (Special) to indicate_semi.o(.text) for __semihosting_library_function
    defsig_abrt_inner.o(.text) refers to defsig_general.o(.text) for __default_signal_display
    defsig_rtred_inner.o(.text) refers to defsig_general.o(.text) for __default_signal_display
    defsig_rtmem_inner.o(.text) refers to defsig_general.o(.text) for __default_signal_display
    defsig_rtmem_outer.o(.text) refers to defsig_rtmem_inner.o(.text) for __rt_SIGRTMEM_inner
    defsig_rtmem_outer.o(.text) refers to defsig_exit.o(.text) for __sig_exit
    defsig_rtmem_formal.o(.text) refers to rt_raise.o(.text) for __rt_raise
    defsig_stak_inner.o(.text) refers to defsig_general.o(.text) for __default_signal_display
    defsig_pvfn_inner.o(.text) refers to defsig_general.o(.text) for __default_signal_display
    defsig_cppl_inner.o(.text) refers to defsig_general.o(.text) for __default_signal_display
    defsig_segv_inner.o(.text) refers to defsig_general.o(.text) for __default_signal_display
    defsig_other.o(.text) refers to defsig_general.o(.text) for __default_signal_display


==============================================================================

Removing Unused input sections from the image.

    Removing system_mm32l0xx.o(.rev16_text), (4 bytes).
    Removing system_mm32l0xx.o(.revsh_text), (4 bytes).
    Removing system_mm32l0xx.o(.data), (4 bytes).
    Removing system_mm32l0xx.o(.data), (16 bytes).
    Removing hal_adc.o(.rev16_text), (4 bytes).
    Removing hal_adc.o(.revsh_text), (4 bytes).
    Removing hal_adc.o(i.ADC_AnalogWatchdogCmd), (12 bytes).
    Removing hal_adc.o(i.ADC_AnalogWatchdogSingleChannelConfig), (16 bytes).
    Removing hal_adc.o(i.ADC_AnalogWatchdogThresholdsConfig), (8 bytes).
    Removing hal_adc.o(i.ADC_ClearFlag), (8 bytes).
    Removing hal_adc.o(i.ADC_ClearITPendingBit), (4 bytes).
    Removing hal_adc.o(i.ADC_Cmd), (20 bytes).
    Removing hal_adc.o(i.ADC_DMACmd), (18 bytes).
    Removing hal_adc.o(i.ADC_DeInit), (32 bytes).
    Removing hal_adc.o(i.ADC_ExternalTrigConvCmd), (18 bytes).
    Removing hal_adc.o(i.ADC_ExternalTrigInjectedConvCmd), (18 bytes).
    Removing hal_adc.o(i.ADC_ExternalTrigInjectedConvConfig), (12 bytes).
    Removing hal_adc.o(i.ADC_GetConversionValue), (80 bytes).
    Removing hal_adc.o(i.ADC_GetFlagStatus), (14 bytes).
    Removing hal_adc.o(i.ADC_GetITStatus), (14 bytes).
    Removing hal_adc.o(i.ADC_GetSoftwareStartConvStatus), (14 bytes).
    Removing hal_adc.o(i.ADC_ITConfig), (16 bytes).
    Removing hal_adc.o(i.ADC_Init), (40 bytes).
    Removing hal_adc.o(i.ADC_RegularChannelConfig), (148 bytes).
    Removing hal_adc.o(i.ADC_SoftwareStartConvCmd), (20 bytes).
    Removing hal_adc.o(i.ADC_StructInit), (14 bytes).
    Removing hal_adc.o(i.ADC_TempSensorVrefintCmd), (32 bytes).
    Removing hal_aes.o(.rev16_text), (4 bytes).
    Removing hal_aes.o(.revsh_text), (4 bytes).
    Removing hal_aes.o(i.AES_CBC_Decrypt), (532 bytes).
    Removing hal_aes.o(i.AES_CBC_Encrypt), (452 bytes).
    Removing hal_aes.o(i.AES_CFB_Decrypt), (544 bytes).
    Removing hal_aes.o(i.AES_CFB_Encrypt), (456 bytes).
    Removing hal_aes.o(i.AES_CTR_Decrypt), (540 bytes).
    Removing hal_aes.o(i.AES_CTR_Encrypt), (452 bytes).
    Removing hal_aes.o(i.AES_ClearFlag), (24 bytes).
    Removing hal_aes.o(i.AES_ClearITPendingBit), (16 bytes).
    Removing hal_aes.o(i.AES_Cmd), (28 bytes).
    Removing hal_aes.o(i.AES_DMAConfig), (24 bytes).
    Removing hal_aes.o(i.AES_DeInit), (20 bytes).
    Removing hal_aes.o(i.AES_ECB_Decrypt), (456 bytes).
    Removing hal_aes.o(i.AES_ECB_Encrypt), (368 bytes).
    Removing hal_aes.o(i.AES_GetFlagStatus), (20 bytes).
    Removing hal_aes.o(i.AES_GetITStatus), (56 bytes).
    Removing hal_aes.o(i.AES_ITConfig), (24 bytes).
    Removing hal_aes.o(i.AES_IVInit), (24 bytes).
    Removing hal_aes.o(i.AES_IVStructInit), (12 bytes).
    Removing hal_aes.o(i.AES_Init), (32 bytes).
    Removing hal_aes.o(i.AES_KeyInit), (40 bytes).
    Removing hal_aes.o(i.AES_KeySize), (20 bytes).
    Removing hal_aes.o(i.AES_KeyStructInit), (20 bytes).
    Removing hal_aes.o(i.AES_OFB_Decrypt), (700 bytes).
    Removing hal_aes.o(i.AES_OFB_Encrypt), (456 bytes).
    Removing hal_aes.o(i.AES_ReadIV), (24 bytes).
    Removing hal_aes.o(i.AES_ReadKey), (40 bytes).
    Removing hal_aes.o(i.AES_ReadSubData), (12 bytes).
    Removing hal_aes.o(i.AES_StructInit), (10 bytes).
    Removing hal_aes.o(i.AES_WriteSubData), (12 bytes).
    Removing hal_bkp.o(.rev16_text), (4 bytes).
    Removing hal_bkp.o(.revsh_text), (4 bytes).
    Removing hal_bkp.o(i.BKP_ClearFlag), (16 bytes).
    Removing hal_bkp.o(i.BKP_ClearITPendingBit), (16 bytes).
    Removing hal_bkp.o(i.BKP_DeInit), (16 bytes).
    Removing hal_bkp.o(i.BKP_GetFlagStatus), (12 bytes).
    Removing hal_bkp.o(i.BKP_GetITStatus), (12 bytes).
    Removing hal_bkp.o(i.BKP_ITConfig), (12 bytes).
    Removing hal_bkp.o(i.BKP_RTCOutputConfig), (24 bytes).
    Removing hal_bkp.o(i.BKP_ReadBackupRegister), (12 bytes).
    Removing hal_bkp.o(i.BKP_SetRTCCalibrationValue), (20 bytes).
    Removing hal_bkp.o(i.BKP_TamperPinCmd), (12 bytes).
    Removing hal_bkp.o(i.BKP_TamperPinLevelConfig), (12 bytes).
    Removing hal_bkp.o(i.BKP_WriteBackupRegister), (12 bytes).
    Removing hal_can.o(.rev16_text), (4 bytes).
    Removing hal_can.o(.revsh_text), (4 bytes).
    Removing hal_can.o(i.CAN_AutoCfg_BaudParam), (98 bytes).
    Removing hal_can.o(i.CAN_CancelTransmit), (6 bytes).
    Removing hal_can.o(i.CAN_ClearDataOverflow), (10 bytes).
    Removing hal_can.o(i.CAN_ClearITPendingBit), (4 bytes).
    Removing hal_can.o(i.CAN_DeInit), (32 bytes).
    Removing hal_can.o(i.CAN_FIFORelease), (10 bytes).
    Removing hal_can.o(i.CAN_FilterInit), (16 bytes).
    Removing hal_can.o(i.CAN_GetFlagStatus), (14 bytes).
    Removing hal_can.o(i.CAN_GetITStatus), (14 bytes).
    Removing hal_can.o(i.CAN_ITConfig), (16 bytes).
    Removing hal_can.o(i.CAN_Init), (74 bytes).
    Removing hal_can.o(i.CAN_Mode_Cmd), (8 bytes).
    Removing hal_can.o(i.CAN_Peli_FilterInit), (64 bytes).
    Removing hal_can.o(i.CAN_Peli_FilterStructInit), (20 bytes).
    Removing hal_can.o(i.CAN_Peli_GetITStatus), (20 bytes).
    Removing hal_can.o(i.CAN_Peli_GetLSBTransmitErrorCounter), (12 bytes).
    Removing hal_can.o(i.CAN_Peli_GetLastErrorCode), (12 bytes).
    Removing hal_can.o(i.CAN_Peli_GetReceiveErrorCounter), (12 bytes).
    Removing hal_can.o(i.CAN_Peli_GetRxFIFOInfo), (12 bytes).
    Removing hal_can.o(i.CAN_Peli_ITConfig), (24 bytes).
    Removing hal_can.o(i.CAN_Peli_Init), (92 bytes).
    Removing hal_can.o(i.CAN_Peli_Receive), (152 bytes).
    Removing hal_can.o(i.CAN_Peli_SleepMode_Cmd), (24 bytes).
    Removing hal_can.o(i.CAN_Peli_StructInit), (26 bytes).
    Removing hal_can.o(i.CAN_Peli_Transmit), (148 bytes).
    Removing hal_can.o(i.CAN_Peli_TransmitRepeat), (148 bytes).
    Removing hal_can.o(i.CAN_Receive), (80 bytes).
    Removing hal_can.o(i.CAN_ResetMode_Cmd), (20 bytes).
    Removing hal_can.o(i.CAN_Sleep), (22 bytes).
    Removing hal_can.o(i.CAN_StructInit), (24 bytes).
    Removing hal_can.o(i.CAN_Transmit), (70 bytes).
    Removing hal_can.o(i.CAN_WakeUp), (22 bytes).
    Removing hal_comp.o(.rev16_text), (4 bytes).
    Removing hal_comp.o(.revsh_text), (4 bytes).
    Removing hal_comp.o(i.COMP_Cmd), (28 bytes).
    Removing hal_comp.o(i.COMP_DeInit), (16 bytes).
    Removing hal_comp.o(i.COMP_GetOutputLevel), (24 bytes).
    Removing hal_comp.o(i.COMP_Init), (48 bytes).
    Removing hal_comp.o(i.COMP_LockConfig), (20 bytes).
    Removing hal_comp.o(i.COMP_StructInit), (18 bytes).
    Removing hal_comp.o(i.COMP_SwitchCmd), (28 bytes).
    Removing hal_dma.o(.rev16_text), (4 bytes).
    Removing hal_dma.o(.revsh_text), (4 bytes).
    Removing hal_dma.o(i.DMA_ClearFlag), (12 bytes).
    Removing hal_dma.o(i.DMA_ClearITPendingBit), (12 bytes).
    Removing hal_dma.o(i.DMA_Cmd), (20 bytes).
    Removing hal_dma.o(i.DMA_DeInit), (100 bytes).
    Removing hal_dma.o(i.DMA_GetCurrDataCounter), (6 bytes).
    Removing hal_dma.o(i.DMA_GetFlagStatus), (20 bytes).
    Removing hal_dma.o(i.DMA_GetITStatus), (20 bytes).
    Removing hal_dma.o(i.DMA_ITConfig), (16 bytes).
    Removing hal_dma.o(i.DMA_Init), (60 bytes).
    Removing hal_dma.o(i.DMA_StructInit), (26 bytes).
    Removing hal_exti.o(.rev16_text), (4 bytes).
    Removing hal_exti.o(.revsh_text), (4 bytes).
    Removing hal_exti.o(i.EXTI_ClearFlag), (12 bytes).
    Removing hal_exti.o(i.EXTI_ClearITPendingBit), (12 bytes).
    Removing hal_exti.o(i.EXTI_DeInit), (28 bytes).
    Removing hal_exti.o(i.EXTI_GenerateSWInterrupt), (16 bytes).
    Removing hal_exti.o(i.EXTI_GetFlagStatus), (20 bytes).
    Removing hal_exti.o(i.EXTI_GetITStatus), (28 bytes).
    Removing hal_exti.o(i.EXTI_Init), (108 bytes).
    Removing hal_exti.o(i.EXTI_StructInit), (14 bytes).
    Removing hal_flash.o(.rev16_text), (4 bytes).
    Removing hal_flash.o(.revsh_text), (4 bytes).
    Removing hal_flash.o(i.FLASH_ClearFlag), (12 bytes).
    Removing hal_flash.o(i.FLASH_EnableWriteProtection), (148 bytes).
    Removing hal_flash.o(i.FLASH_EraseAllPages), (64 bytes).
    Removing hal_flash.o(i.FLASH_EraseOptionBytes), (116 bytes).
    Removing hal_flash.o(i.FLASH_EraseSystem), (100 bytes).
    Removing hal_flash.o(i.FLASH_GetFlagStatus), (32 bytes).
    Removing hal_flash.o(i.FLASH_GetPrefetchBufferStatus), (20 bytes).
    Removing hal_flash.o(i.FLASH_GetReadOutProtectionStatus), (20 bytes).
    Removing hal_flash.o(i.FLASH_GetUserOptionByte), (12 bytes).
    Removing hal_flash.o(i.FLASH_GetWriteProtectionOptionByte), (12 bytes).
    Removing hal_flash.o(i.FLASH_HalfCycleAccessCmd), (24 bytes).
    Removing hal_flash.o(i.FLASH_ITConfig), (24 bytes).
    Removing hal_flash.o(i.FLASH_PrefetchBufferCmd), (24 bytes).
    Removing hal_flash.o(i.FLASH_ProgramHalfWord), (56 bytes).
    Removing hal_flash.o(i.FLASH_ProgramOptionByteData), (72 bytes).
    Removing hal_flash.o(i.FLASH_ReadOutProtection), (140 bytes).
    Removing hal_flash.o(i.FLASH_SetLatency), (20 bytes).
    Removing hal_flash.o(i.FLASH_UserOptionByteConfig), (88 bytes).
    Removing hal_gpio.o(.rev16_text), (4 bytes).
    Removing hal_gpio.o(.revsh_text), (4 bytes).
    Removing hal_gpio.o(i.GPIO_DeInit), (64 bytes).
    Removing hal_gpio.o(i.GPIO_Init), (146 bytes).
    Removing hal_gpio.o(i.GPIO_PinAFConfig), (46 bytes).
    Removing hal_gpio.o(i.GPIO_PinLockConfig), (18 bytes).
    Removing hal_gpio.o(i.GPIO_ReadInputData), (6 bytes).
    Removing hal_gpio.o(i.GPIO_ReadInputDataBit), (14 bytes).
    Removing hal_gpio.o(i.GPIO_ReadOutputData), (6 bytes).
    Removing hal_gpio.o(i.GPIO_ReadOutputDataBit), (14 bytes).
    Removing hal_gpio.o(i.GPIO_ResetBits), (4 bytes).
    Removing hal_gpio.o(i.GPIO_SetBits), (4 bytes).
    Removing hal_gpio.o(i.GPIO_StructInit), (16 bytes).
    Removing hal_gpio.o(i.GPIO_Write), (4 bytes).
    Removing hal_gpio.o(i.GPIO_WriteBit), (12 bytes).
    Removing hal_i2c.o(.rev16_text), (4 bytes).
    Removing hal_i2c.o(.revsh_text), (4 bytes).
    Removing hal_i2c.o(i.I2C_CheckEvent), (44 bytes).
    Removing hal_i2c.o(i.I2C_ClearFlag), (66 bytes).
    Removing hal_i2c.o(i.I2C_ClearITPendingBit), (66 bytes).
    Removing hal_i2c.o(i.I2C_Cmd), (22 bytes).
    Removing hal_i2c.o(i.I2C_DMACmd), (52 bytes).
    Removing hal_i2c.o(i.I2C_DeInit), (32 bytes).
    Removing hal_i2c.o(i.I2C_DualAddressCmd), (28 bytes).
    Removing hal_i2c.o(i.I2C_GeneralCallCmd), (28 bytes).
    Removing hal_i2c.o(i.I2C_GenerateSTART), (18 bytes).
    Removing hal_i2c.o(i.I2C_GenerateSTOP), (20 bytes).
    Removing hal_i2c.o(i.I2C_GetFlagStatus), (56 bytes).
    Removing hal_i2c.o(i.I2C_GetITStatus), (14 bytes).
    Removing hal_i2c.o(i.I2C_GetLastEvent), (12 bytes).
    Removing hal_i2c.o(i.I2C_ITConfig), (24 bytes).
    Removing hal_i2c.o(i.I2C_Init), (156 bytes).
    Removing hal_i2c.o(i.I2C_OwnAddress2Config), (14 bytes).
    Removing hal_i2c.o(i.I2C_ReadCmd), (8 bytes).
    Removing hal_i2c.o(i.I2C_ReadLastDataOrStop), (10 bytes).
    Removing hal_i2c.o(i.I2C_ReadRegister), (4 bytes).
    Removing hal_i2c.o(i.I2C_ReceiveData), (16 bytes).
    Removing hal_i2c.o(i.I2C_Send7bitAddress), (6 bytes).
    Removing hal_i2c.o(i.I2C_SendData), (4 bytes).
    Removing hal_i2c.o(i.I2C_SendLastDataOrStop), (10 bytes).
    Removing hal_i2c.o(i.I2C_StructInit), (24 bytes).
    Removing hal_i2c.o(.data), (4 bytes).
    Removing hal_iwdg.o(.rev16_text), (4 bytes).
    Removing hal_iwdg.o(.revsh_text), (4 bytes).
    Removing hal_iwdg.o(i.IWDG_Enable), (16 bytes).
    Removing hal_iwdg.o(i.IWDG_GetFlagStatus), (20 bytes).
    Removing hal_iwdg.o(i.IWDG_ReloadCounter), (16 bytes).
    Removing hal_iwdg.o(i.IWDG_SetPrescaler), (12 bytes).
    Removing hal_iwdg.o(i.IWDG_SetReload), (12 bytes).
    Removing hal_iwdg.o(i.IWDG_WriteAccessCmd), (12 bytes).
    Removing hal_memprotect.o(.rev16_text), (4 bytes).
    Removing hal_memprotect.o(.revsh_text), (4 bytes).
    Removing hal_memprotect.o(i.FLASH_EraseProSpaceSramMdoe), (24 bytes).
    Removing hal_memprotect.o(i.FLASH_EraseSecSpace), (96 bytes).
    Removing hal_memprotect.o(i.FLASH_EraseSysSpace), (140 bytes).
    Removing hal_memprotect.o(i.FLASH_ProgramOptionHalfData), (76 bytes).
    Removing hal_memprotect.o(i.FLASH_ProgramSysSecProByteData), (72 bytes).
    Removing hal_misc.o(.rev16_text), (4 bytes).
    Removing hal_misc.o(.revsh_text), (4 bytes).
    Removing hal_misc.o(i.NVIC_Init), (80 bytes).
    Removing hal_misc.o(i.NVIC_SetVectorTable), (2 bytes).
    Removing hal_misc.o(i.NVIC_SystemLPConfig), (24 bytes).
    Removing hal_misc.o(i.SysTick_CLKSourceConfig), (24 bytes).
    Removing hal_pwr.o(.rev16_text), (4 bytes).
    Removing hal_pwr.o(.revsh_text), (4 bytes).
    Removing hal_pwr.o(i.PWR_BackupAccessCmd), (24 bytes).
    Removing hal_pwr.o(i.PWR_ClearFlag), (16 bytes).
    Removing hal_pwr.o(i.PWR_DeInit), (22 bytes).
    Removing hal_pwr.o(i.PWR_EnterSTANDBYMode), (40 bytes).
    Removing hal_pwr.o(i.PWR_EnterSTOPMode), (44 bytes).
    Removing hal_pwr.o(i.PWR_GetFlagStatus), (20 bytes).
    Removing hal_pwr.o(i.PWR_PVDCmd), (24 bytes).
    Removing hal_pwr.o(i.PWR_PVDLevelConfig), (20 bytes).
    Removing hal_pwr.o(i.PWR_WakeUpPinCmd), (24 bytes).
    Removing hal_rcc.o(.rev16_text), (4 bytes).
    Removing hal_rcc.o(.revsh_text), (4 bytes).
    Removing hal_rcc.o(i.RCC_ADCCLKConfig), (20 bytes).
    Removing hal_rcc.o(i.RCC_AHBPeriphClockCmd), (24 bytes).
    Removing hal_rcc.o(i.RCC_APB1PeriphClockCmd), (24 bytes).
    Removing hal_rcc.o(i.RCC_APB1PeriphResetCmd), (24 bytes).
    Removing hal_rcc.o(i.RCC_APB2PeriphResetCmd), (24 bytes).
    Removing hal_rcc.o(i.RCC_AdjustHSICalibrationValue), (20 bytes).
    Removing hal_rcc.o(i.RCC_BackupResetCmd), (28 bytes).
    Removing hal_rcc.o(i.RCC_ClearFlag), (20 bytes).
    Removing hal_rcc.o(i.RCC_ClearITPendingBit), (16 bytes).
    Removing hal_rcc.o(i.RCC_ClockSecuritySystemCmd), (28 bytes).
    Removing hal_rcc.o(i.RCC_DeInit), (64 bytes).
    Removing hal_rcc.o(i.RCC_GetClocksFreq), (156 bytes).
    Removing hal_rcc.o(i.RCC_GetFlagStatus), (48 bytes).
    Removing hal_rcc.o(i.RCC_GetITStatus), (20 bytes).
    Removing hal_rcc.o(i.RCC_GetSYSCLKSource), (16 bytes).
    Removing hal_rcc.o(i.RCC_HCLKConfig), (20 bytes).
    Removing hal_rcc.o(i.RCC_HSEConfig), (56 bytes).
    Removing hal_rcc.o(i.RCC_HSICmd), (28 bytes).
    Removing hal_rcc.o(i.RCC_ITConfig), (24 bytes).
    Removing hal_rcc.o(i.RCC_LSEConfig), (48 bytes).
    Removing hal_rcc.o(i.RCC_LSICmd), (28 bytes).
    Removing hal_rcc.o(i.RCC_MCOConfig), (28 bytes).
    Removing hal_rcc.o(i.RCC_PCLK1Config), (20 bytes).
    Removing hal_rcc.o(i.RCC_PCLK2Config), (24 bytes).
    Removing hal_rcc.o(i.RCC_PLLCmd), (28 bytes).
    Removing hal_rcc.o(i.RCC_PLLConfig), (348 bytes).
    Removing hal_rcc.o(i.RCC_PLLDMDNConfig), (32 bytes).
    Removing hal_rcc.o(i.RCC_RTCCLKCmd), (28 bytes).
    Removing hal_rcc.o(i.RCC_RTCCLKConfig), (16 bytes).
    Removing hal_rcc.o(i.RCC_SYSCLKConfig), (20 bytes).
    Removing hal_rcc.o(i.RCC_USBCLKConfig), (16 bytes).
    Removing hal_rcc.o(i.RCC_WaitForHSEStartUp), (44 bytes).
    Removing hal_rcc.o(.data), (20 bytes).
    Removing hal_spi.o(.rev16_text), (4 bytes).
    Removing hal_spi.o(.revsh_text), (4 bytes).
    Removing hal_spi.o(i.SPI_BiDirectionalLineConfig), (60 bytes).
    Removing hal_spi.o(i.SPI_CSInternalSelected), (18 bytes).
    Removing hal_spi.o(i.SPI_ClearITPendingBit), (8 bytes).
    Removing hal_spi.o(i.SPI_Cmd), (20 bytes).
    Removing hal_spi.o(i.SPI_DMACmd), (16 bytes).
    Removing hal_spi.o(i.SPI_DataSizeConfig), (20 bytes).
    Removing hal_spi.o(i.SPI_DeInit), (48 bytes).
    Removing hal_spi.o(i.SPI_FifoTrigger), (16 bytes).
    Removing hal_spi.o(i.SPI_GetFlagStatus), (88 bytes).
    Removing hal_spi.o(i.SPI_GetITStatus), (14 bytes).
    Removing hal_spi.o(i.SPI_ITConfig), (34 bytes).
    Removing hal_spi.o(i.SPI_Init), (84 bytes).
    Removing hal_spi.o(i.SPI_NSSInternalSoftwareConfig), (28 bytes).
    Removing hal_spi.o(i.SPI_ReceiveData), (62 bytes).
    Removing hal_spi.o(i.SPI_RxBytes), (4 bytes).
    Removing hal_spi.o(i.SPI_SendData), (44 bytes).
    Removing hal_spi.o(i.SPI_SlaveAdjust), (8 bytes).
    Removing hal_spi.o(i.SPI_StructInit), (26 bytes).
    Removing hal_syscfg.o(.rev16_text), (4 bytes).
    Removing hal_syscfg.o(.revsh_text), (4 bytes).
    Removing hal_syscfg.o(i.SYSCFG_DMAChannelRemapConfig), (24 bytes).
    Removing hal_syscfg.o(i.SYSCFG_DeInit), (28 bytes).
    Removing hal_syscfg.o(i.SYSCFG_EXTILineConfig), (40 bytes).
    Removing hal_syscfg.o(i.SYSCFG_MemoryRemapConfig), (20 bytes).
    Removing hal_tim.o(.rev16_text), (4 bytes).
    Removing hal_tim.o(.revsh_text), (4 bytes).
    Removing hal_tim.o(i.TI1_Config), (52 bytes).
    Removing hal_tim.o(i.TI2_Config), (64 bytes).
    Removing hal_tim.o(i.TIM_ARRPreloadConfig), (24 bytes).
    Removing hal_tim.o(i.TIM_BDTRConfig), (32 bytes).
    Removing hal_tim.o(i.TIM_BDTRStructInit), (18 bytes).
    Removing hal_tim.o(i.TIM_CCPreloadControl), (24 bytes).
    Removing hal_tim.o(i.TIM_CCxCmd), (28 bytes).
    Removing hal_tim.o(i.TIM_CCxNCmd), (28 bytes).
    Removing hal_tim.o(i.TIM_ClearFlag), (8 bytes).
    Removing hal_tim.o(i.TIM_ClearITPendingBit), (8 bytes).
    Removing hal_tim.o(i.TIM_ClearOC1Ref), (14 bytes).
    Removing hal_tim.o(i.TIM_ClearOC2Ref), (16 bytes).
    Removing hal_tim.o(i.TIM_ClearOC3Ref), (14 bytes).
    Removing hal_tim.o(i.TIM_ClearOC4Ref), (16 bytes).
    Removing hal_tim.o(i.TIM_Cmd), (24 bytes).
    Removing hal_tim.o(i.TIM_CounterModeConfig), (14 bytes).
    Removing hal_tim.o(i.TIM_CtrlPWMOutputs), (22 bytes).
    Removing hal_tim.o(i.TIM_DMACmd), (20 bytes).
    Removing hal_tim.o(i.TIM_DMAConfig), (6 bytes).
    Removing hal_tim.o(i.TIM_DeInit), (140 bytes).
    Removing hal_tim.o(i.TIM_ETRClockMode1Config), (30 bytes).
    Removing hal_tim.o(i.TIM_ETRClockMode2Config), (20 bytes).
    Removing hal_tim.o(i.TIM_ETRConfig), (20 bytes).
    Removing hal_tim.o(i.TIM_EncoderInterfaceConfig), (56 bytes).
    Removing hal_tim.o(i.TIM_ForcedOC1Config), (14 bytes).
    Removing hal_tim.o(i.TIM_ForcedOC2Config), (24 bytes).
    Removing hal_tim.o(i.TIM_ForcedOC3Config), (14 bytes).
    Removing hal_tim.o(i.TIM_ForcedOC4Config), (24 bytes).
    Removing hal_tim.o(i.TIM_GenerateEvent), (4 bytes).
    Removing hal_tim.o(i.TIM_GetCapture1), (4 bytes).
    Removing hal_tim.o(i.TIM_GetCapture2), (4 bytes).
    Removing hal_tim.o(i.TIM_GetCapture3), (4 bytes).
    Removing hal_tim.o(i.TIM_GetCapture4), (4 bytes).
    Removing hal_tim.o(i.TIM_GetCounter), (4 bytes).
    Removing hal_tim.o(i.TIM_GetFlagStatus), (14 bytes).
    Removing hal_tim.o(i.TIM_GetITStatus), (24 bytes).
    Removing hal_tim.o(i.TIM_GetPrescaler), (6 bytes).
    Removing hal_tim.o(i.TIM_ICInit), (196 bytes).
    Removing hal_tim.o(i.TIM_ICStructInit), (16 bytes).
    Removing hal_tim.o(i.TIM_ITConfig), (20 bytes).
    Removing hal_tim.o(i.TIM_ITRxExternalClockConfig), (18 bytes).
    Removing hal_tim.o(i.TIM_InternalClockConfig), (16 bytes).
    Removing hal_tim.o(i.TIM_OC1FastConfig), (14 bytes).
    Removing hal_tim.o(i.TIM_OC1Init), (124 bytes).
    Removing hal_tim.o(i.TIM_OC1NPolarityConfig), (14 bytes).
    Removing hal_tim.o(i.TIM_OC1PolarityConfig), (14 bytes).
    Removing hal_tim.o(i.TIM_OC1PreloadConfig), (14 bytes).
    Removing hal_tim.o(i.TIM_OC2FastConfig), (24 bytes).
    Removing hal_tim.o(i.TIM_OC2Init), (140 bytes).
    Removing hal_tim.o(i.TIM_OC2NPolarityConfig), (18 bytes).
    Removing hal_tim.o(i.TIM_OC2PolarityConfig), (18 bytes).
    Removing hal_tim.o(i.TIM_OC2PreloadConfig), (24 bytes).
    Removing hal_tim.o(i.TIM_OC3FastConfig), (14 bytes).
    Removing hal_tim.o(i.TIM_OC3Init), (140 bytes).
    Removing hal_tim.o(i.TIM_OC3NPolarityConfig), (24 bytes).
    Removing hal_tim.o(i.TIM_OC3PolarityConfig), (24 bytes).
    Removing hal_tim.o(i.TIM_OC3PreloadConfig), (14 bytes).
    Removing hal_tim.o(i.TIM_OC4FastConfig), (24 bytes).
    Removing hal_tim.o(i.TIM_OC4Init), (104 bytes).
    Removing hal_tim.o(i.TIM_OC4PolarityConfig), (24 bytes).
    Removing hal_tim.o(i.TIM_OC4PreloadConfig), (24 bytes).
    Removing hal_tim.o(i.TIM_OCStructInit), (20 bytes).
    Removing hal_tim.o(i.TIM_PWMIConfig), (104 bytes).
    Removing hal_tim.o(i.TIM_PrescalerConfig), (6 bytes).
    Removing hal_tim.o(i.TIM_RemapConfig), (4 bytes).
    Removing hal_tim.o(i.TIM_SelectCCDMA), (24 bytes).
    Removing hal_tim.o(i.TIM_SelectCOM), (24 bytes).
    Removing hal_tim.o(i.TIM_SelectHallSensor), (24 bytes).
    Removing hal_tim.o(i.TIM_SelectInputTrigger), (14 bytes).
    Removing hal_tim.o(i.TIM_SelectMasterSlaveMode), (20 bytes).
    Removing hal_tim.o(i.TIM_SelectOCREFClear), (8 bytes).
    Removing hal_tim.o(i.TIM_SelectOCxM), (74 bytes).
    Removing hal_tim.o(i.TIM_SelectOnePulseMode), (20 bytes).
    Removing hal_tim.o(i.TIM_SelectOutputTrigger), (20 bytes).
    Removing hal_tim.o(i.TIM_SelectSlaveMode), (20 bytes).
    Removing hal_tim.o(i.TIM_SetAutoreload), (4 bytes).
    Removing hal_tim.o(i.TIM_SetClockDivision), (20 bytes).
    Removing hal_tim.o(i.TIM_SetCompare1), (4 bytes).
    Removing hal_tim.o(i.TIM_SetCompare2), (4 bytes).
    Removing hal_tim.o(i.TIM_SetCompare3), (4 bytes).
    Removing hal_tim.o(i.TIM_SetCompare4), (4 bytes).
    Removing hal_tim.o(i.TIM_SetCounter), (4 bytes).
    Removing hal_tim.o(i.TIM_SetIC1Prescaler), (20 bytes).
    Removing hal_tim.o(i.TIM_SetIC2Prescaler), (24 bytes).
    Removing hal_tim.o(i.TIM_SetIC3Prescaler), (20 bytes).
    Removing hal_tim.o(i.TIM_SetIC4Prescaler), (24 bytes).
    Removing hal_tim.o(i.TIM_TIxExternalClockConfig), (48 bytes).
    Removing hal_tim.o(i.TIM_TimeBaseInit), (88 bytes).
    Removing hal_tim.o(i.TIM_TimeBaseStructInit), (20 bytes).
    Removing hal_tim.o(i.TIM_UpdateDisableConfig), (24 bytes).
    Removing hal_tim.o(i.TIM_UpdateRequestConfig), (24 bytes).
    Removing hal_uart.o(.rev16_text), (4 bytes).
    Removing hal_uart.o(.revsh_text), (4 bytes).
    Removing hal_uart.o(i.UART_ClearFlag), (2 bytes).
    Removing hal_uart.o(i.UART_ClearITPendingBit), (4 bytes).
    Removing hal_uart.o(i.UART_Cmd), (24 bytes).
    Removing hal_uart.o(i.UART_DMACmd), (16 bytes).
    Removing hal_uart.o(i.UART_DeInit), (60 bytes).
    Removing hal_uart.o(i.UART_GetFlagStatus), (14 bytes).
    Removing hal_uart.o(i.UART_GetITStatus), (14 bytes).
    Removing hal_uart.o(i.UART_ITConfig), (16 bytes).
    Removing hal_uart.o(i.UART_Init), (88 bytes).
    Removing hal_uart.o(i.UART_ReceiveData), (6 bytes).
    Removing hal_uart.o(i.UART_SendData), (6 bytes).
    Removing hal_uart.o(i.UART_StructInit), (24 bytes).
    Removing hal_wwdg.o(.rev16_text), (4 bytes).
    Removing hal_wwdg.o(.revsh_text), (4 bytes).
    Removing hal_wwdg.o(i.WWDG_ClearFlag), (12 bytes).
    Removing hal_wwdg.o(i.WWDG_DeInit), (22 bytes).
    Removing hal_wwdg.o(i.WWDG_Enable), (16 bytes).
    Removing hal_wwdg.o(i.WWDG_EnableIT), (16 bytes).
    Removing hal_wwdg.o(i.WWDG_GetFlagStatus), (12 bytes).
    Removing hal_wwdg.o(i.WWDG_SetCounter), (16 bytes).
    Removing hal_wwdg.o(i.WWDG_SetPrescaler), (20 bytes).
    Removing hal_wwdg.o(i.WWDG_SetWindowValue), (24 bytes).
    Removing main.o(.rev16_text), (4 bytes).
    Removing main.o(.revsh_text), (4 bytes).
    Removing mm32l073_it.o(.rev16_text), (4 bytes).
    Removing mm32l073_it.o(.revsh_text), (4 bytes).
    Removing hal_adc.o(i.__ARM_common_switch8), (26 bytes).

414 unused section(s) (total 16436 bytes) removed from the image.

==============================================================================

Image Symbol Table

    Local Symbols

    Symbol Name                              Value     Ov Type        Size  Object(Section)

    ../clib/angel/boardlib.s                 0x00000000   Number         0  boardinit1.o ABSOLUTE
    ../clib/angel/boardlib.s                 0x00000000   Number         0  boardinit3.o ABSOLUTE
    ../clib/angel/boardlib.s                 0x00000000   Number         0  boardinit2.o ABSOLUTE
    ../clib/angel/boardlib.s                 0x00000000   Number         0  boardshut.o ABSOLUTE
    ../clib/angel/handlers.s                 0x00000000   Number         0  __scatter_zi.o ABSOLUTE
    ../clib/angel/handlers.s                 0x00000000   Number         0  __scatter_copy.o ABSOLUTE
    ../clib/angel/kernel.s                   0x00000000   Number         0  __rtentry4.o ABSOLUTE
    ../clib/angel/kernel.s                   0x00000000   Number         0  rtexit2.o ABSOLUTE
    ../clib/angel/kernel.s                   0x00000000   Number         0  __rtentry2.o ABSOLUTE
    ../clib/angel/kernel.s                   0x00000000   Number         0  rtexit.o ABSOLUTE
    ../clib/angel/kernel.s                   0x00000000   Number         0  __rtentry.o ABSOLUTE
    ../clib/angel/rt.s                       0x00000000   Number         0  rt_raise.o ABSOLUTE
    ../clib/angel/rt.s                       0x00000000   Number         0  rt_div0.o ABSOLUTE
    ../clib/angel/rt.s                       0x00000000   Number         0  aeabi_idiv0_sigfpe.o ABSOLUTE
    ../clib/angel/rt.s                       0x00000000   Number         0  aeabi_idiv0.o ABSOLUTE
    ../clib/angel/scatterp.s                 0x00000000   Number         0  __scatter.o ABSOLUTE
    ../clib/angel/startup.s                  0x00000000   Number         0  __main.o ABSOLUTE
    ../clib/angel/sys.s                      0x00000000   Number         0  sys_stackheap_outer.o ABSOLUTE
    ../clib/angel/sys.s                      0x00000000   Number         0  use_no_semi.o ABSOLUTE
    ../clib/angel/sys.s                      0x00000000   Number         0  indicate_semi.o ABSOLUTE
    ../clib/angel/sys.s                      0x00000000   Number         0  tempstk.o ABSOLUTE
    ../clib/angel/sys.s                      0x00000000   Number         0  libspace.o ABSOLUTE
    ../clib/angel/sysapp.c                   0x00000000   Number         0  sys_wrch.o ABSOLUTE
    ../clib/angel/sysapp.c                   0x00000000   Number         0  sys_exit.o ABSOLUTE
    ../clib/angel/sysapp.c                   0x00000000   Number         0  sys_command.o ABSOLUTE
    ../clib/armsys.c                         0x00000000   Number         0  argv_veneer.o ABSOLUTE
    ../clib/armsys.c                         0x00000000   Number         0  _get_argv_nomalloc.o ABSOLUTE
    ../clib/armsys.c                         0x00000000   Number         0  no_argv.o ABSOLUTE
    ../clib/division.s                       0x00000000   Number         0  aeabi_sdiv_div0.o ABSOLUTE
    ../clib/division.s                       0x00000000   Number         0  aeabi_sdiv.o ABSOLUTE
    ../clib/heapalloc.c                      0x00000000   Number         0  hrguard.o ABSOLUTE
    ../clib/heapaux.c                        0x00000000   Number         0  heapauxi.o ABSOLUTE
    ../clib/libinit.s                        0x00000000   Number         0  libshutdown.o ABSOLUTE
    ../clib/libinit.s                        0x00000000   Number         0  libinit2.o ABSOLUTE
    ../clib/libinit.s                        0x00000000   Number         0  libshutdown2.o ABSOLUTE
    ../clib/libinit.s                        0x00000000   Number         0  libinit.o ABSOLUTE
    ../clib/signal.c                         0x00000000   Number         0  defsig_rtmem_formal.o ABSOLUTE
    ../clib/signal.c                         0x00000000   Number         0  defsig_stak_inner.o ABSOLUTE
    ../clib/signal.c                         0x00000000   Number         0  defsig_pvfn_inner.o ABSOLUTE
    ../clib/signal.c                         0x00000000   Number         0  __raise.o ABSOLUTE
    ../clib/signal.c                         0x00000000   Number         0  defsig_segv_inner.o ABSOLUTE
    ../clib/signal.c                         0x00000000   Number         0  defsig_general.o ABSOLUTE
    ../clib/signal.c                         0x00000000   Number         0  defsig_fpe_inner.o ABSOLUTE
    ../clib/signal.c                         0x00000000   Number         0  defsig_exit.o ABSOLUTE
    ../clib/signal.c                         0x00000000   Number         0  defsig_cppl_inner.o ABSOLUTE
    ../clib/signal.c                         0x00000000   Number         0  defsig_other.o ABSOLUTE
    ../clib/signal.c                         0x00000000   Number         0  defsig_rtmem_outer.o ABSOLUTE
    ../clib/signal.c                         0x00000000   Number         0  defsig_abrt_inner.o ABSOLUTE
    ../clib/signal.c                         0x00000000   Number         0  defsig_rtred_inner.o ABSOLUTE
    ../clib/signal.c                         0x00000000   Number         0  defsig_rtmem_inner.o ABSOLUTE
    ../clib/signal.c                         0x00000000   Number         0  defsig_fpe_formal.o ABSOLUTE
    ../clib/signal.c                         0x00000000   Number         0  defsig_fpe_outer.o ABSOLUTE
    ../clib/signal.s                         0x00000000   Number         0  defsig.o ABSOLUTE
    ../clib/stdlib.c                         0x00000000   Number         0  exit.o ABSOLUTE
    ../clib/unhosted.c                       0x00000000   Number         0  uread4.o ABSOLUTE
    ../fplib/cfplib/fpinit.c                 0x00000000   Number         0  fpinit.o ABSOLUTE
    ..\..\Device\MM32L0xx\HAL_lib\src\HAL_adc.c 0x00000000   Number         0  hal_adc.o ABSOLUTE
    ..\..\Device\MM32L0xx\HAL_lib\src\HAL_aes.c 0x00000000   Number         0  hal_aes.o ABSOLUTE
    ..\..\Device\MM32L0xx\HAL_lib\src\HAL_bkp.c 0x00000000   Number         0  hal_bkp.o ABSOLUTE
    ..\..\Device\MM32L0xx\HAL_lib\src\HAL_can.c 0x00000000   Number         0  hal_can.o ABSOLUTE
    ..\..\Device\MM32L0xx\HAL_lib\src\HAL_comp.c 0x00000000   Number         0  hal_comp.o ABSOLUTE
    ..\..\Device\MM32L0xx\HAL_lib\src\HAL_dma.c 0x00000000   Number         0  hal_dma.o ABSOLUTE
    ..\..\Device\MM32L0xx\HAL_lib\src\HAL_exti.c 0x00000000   Number         0  hal_exti.o ABSOLUTE
    ..\..\Device\MM32L0xx\HAL_lib\src\HAL_flash.c 0x00000000   Number         0  hal_flash.o ABSOLUTE
    ..\..\Device\MM32L0xx\HAL_lib\src\HAL_gpio.c 0x00000000   Number         0  hal_gpio.o ABSOLUTE
    ..\..\Device\MM32L0xx\HAL_lib\src\HAL_i2c.c 0x00000000   Number         0  hal_i2c.o ABSOLUTE
    ..\..\Device\MM32L0xx\HAL_lib\src\HAL_iwdg.c 0x00000000   Number         0  hal_iwdg.o ABSOLUTE
    ..\..\Device\MM32L0xx\HAL_lib\src\HAL_memprotect.c 0x00000000   Number         0  hal_memprotect.o ABSOLUTE
    ..\..\Device\MM32L0xx\HAL_lib\src\HAL_misc.c 0x00000000   Number         0  hal_misc.o ABSOLUTE
    ..\..\Device\MM32L0xx\HAL_lib\src\HAL_pwr.c 0x00000000   Number         0  hal_pwr.o ABSOLUTE
    ..\..\Device\MM32L0xx\HAL_lib\src\HAL_rcc.c 0x00000000   Number         0  hal_rcc.o ABSOLUTE
    ..\..\Device\MM32L0xx\HAL_lib\src\HAL_spi.c 0x00000000   Number         0  hal_spi.o ABSOLUTE
    ..\..\Device\MM32L0xx\HAL_lib\src\HAL_syscfg.c 0x00000000   Number         0  hal_syscfg.o ABSOLUTE
    ..\..\Device\MM32L0xx\HAL_lib\src\HAL_tim.c 0x00000000   Number         0  hal_tim.o ABSOLUTE
    ..\..\Device\MM32L0xx\HAL_lib\src\HAL_uart.c 0x00000000   Number         0  hal_uart.o ABSOLUTE
    ..\..\Device\MM32L0xx\HAL_lib\src\HAL_wwdg.c 0x00000000   Number         0  hal_wwdg.o ABSOLUTE
    ..\..\Device\MM32L0xx\Source\KEIL_StartAsm\startup_MM32L0xx.s 0x00000000   Number         0  startup_mm32l0xx.o ABSOLUTE
    ..\..\Device\MM32L0xx\Source\system_MM32L0xx.c 0x00000000   Number         0  system_mm32l0xx.o ABSOLUTE
    ..\HARDWARE\MM32L073_it.c                0x00000000   Number         0  mm32l073_it.o ABSOLUTE
    ..\USER\main.c                           0x00000000   Number         0  main.o ABSOLUTE
    ..\\..\\Device\\MM32L0xx\\HAL_lib\\src\\HAL_adc.c 0x00000000   Number         0  hal_adc.o ABSOLUTE
    ..\\..\\Device\\MM32L0xx\\HAL_lib\\src\\HAL_aes.c 0x00000000   Number         0  hal_aes.o ABSOLUTE
    ..\\..\\Device\\MM32L0xx\\HAL_lib\\src\\HAL_bkp.c 0x00000000   Number         0  hal_bkp.o ABSOLUTE
    ..\\..\\Device\\MM32L0xx\\HAL_lib\\src\\HAL_can.c 0x00000000   Number         0  hal_can.o ABSOLUTE
    ..\\..\\Device\\MM32L0xx\\HAL_lib\\src\\HAL_comp.c 0x00000000   Number         0  hal_comp.o ABSOLUTE
    ..\\..\\Device\\MM32L0xx\\HAL_lib\\src\\HAL_dma.c 0x00000000   Number         0  hal_dma.o ABSOLUTE
    ..\\..\\Device\\MM32L0xx\\HAL_lib\\src\\HAL_exti.c 0x00000000   Number         0  hal_exti.o ABSOLUTE
    ..\\..\\Device\\MM32L0xx\\HAL_lib\\src\\HAL_flash.c 0x00000000   Number         0  hal_flash.o ABSOLUTE
    ..\\..\\Device\\MM32L0xx\\HAL_lib\\src\\HAL_gpio.c 0x00000000   Number         0  hal_gpio.o ABSOLUTE
    ..\\..\\Device\\MM32L0xx\\HAL_lib\\src\\HAL_i2c.c 0x00000000   Number         0  hal_i2c.o ABSOLUTE
    ..\\..\\Device\\MM32L0xx\\HAL_lib\\src\\HAL_iwdg.c 0x00000000   Number         0  hal_iwdg.o ABSOLUTE
    ..\\..\\Device\\MM32L0xx\\HAL_lib\\src\\HAL_memprotect.c 0x00000000   Number         0  hal_memprotect.o ABSOLUTE
    ..\\..\\Device\\MM32L0xx\\HAL_lib\\src\\HAL_misc.c 0x00000000   Number         0  hal_misc.o ABSOLUTE
    ..\\..\\Device\\MM32L0xx\\HAL_lib\\src\\HAL_pwr.c 0x00000000   Number         0  hal_pwr.o ABSOLUTE
    ..\\..\\Device\\MM32L0xx\\HAL_lib\\src\\HAL_rcc.c 0x00000000   Number         0  hal_rcc.o ABSOLUTE
    ..\\..\\Device\\MM32L0xx\\HAL_lib\\src\\HAL_spi.c 0x00000000   Number         0  hal_spi.o ABSOLUTE
    ..\\..\\Device\\MM32L0xx\\HAL_lib\\src\\HAL_syscfg.c 0x00000000   Number         0  hal_syscfg.o ABSOLUTE
    ..\\..\\Device\\MM32L0xx\\HAL_lib\\src\\HAL_tim.c 0x00000000   Number         0  hal_tim.o ABSOLUTE
    ..\\..\\Device\\MM32L0xx\\HAL_lib\\src\\HAL_uart.c 0x00000000   Number         0  hal_uart.o ABSOLUTE
    ..\\..\\Device\\MM32L0xx\\HAL_lib\\src\\HAL_wwdg.c 0x00000000   Number         0  hal_wwdg.o ABSOLUTE
    ..\\..\\Device\\MM32L0xx\\Source\\system_MM32L0xx.c 0x00000000   Number         0  system_mm32l0xx.o ABSOLUTE
    ..\\HARDWARE\\MM32L073_it.c              0x00000000   Number         0  mm32l073_it.o ABSOLUTE
    ..\\USER\\main.c                         0x00000000   Number         0  main.o ABSOLUTE
    dc.s                                     0x00000000   Number         0  dc.o ABSOLUTE
    RESET                                    0x08000000   Section      192  startup_mm32l0xx.o(RESET)
    !!!main                                  0x080000c0   Section        8  __main.o(!!!main)
    !!!scatter                               0x080000c8   Section       60  __scatter.o(!!!scatter)
    !!handler_copy                           0x08000104   Section       26  __scatter_copy.o(!!handler_copy)
    !!handler_zi                             0x08000120   Section       28  __scatter_zi.o(!!handler_zi)
    .ARM.Collect$$libinit$$00000000          0x0800013c   Section        2  libinit.o(.ARM.Collect$$libinit$$00000000)
    .ARM.Collect$$libinit$$00000002          0x0800013e   Section        0  libinit2.o(.ARM.Collect$$libinit$$00000002)
    .ARM.Collect$$libinit$$00000004          0x0800013e   Section        0  libinit2.o(.ARM.Collect$$libinit$$00000004)
    .ARM.Collect$$libinit$$0000000A          0x0800013e   Section        0  libinit2.o(.ARM.Collect$$libinit$$0000000A)
    .ARM.Collect$$libinit$$0000000C          0x0800013e   Section        0  libinit2.o(.ARM.Collect$$libinit$$0000000C)
    .ARM.Collect$$libinit$$0000000E          0x0800013e   Section        0  libinit2.o(.ARM.Collect$$libinit$$0000000E)
    .ARM.Collect$$libinit$$00000011          0x0800013e   Section        0  libinit2.o(.ARM.Collect$$libinit$$00000011)
    .ARM.Collect$$libinit$$00000013          0x0800013e   Section        0  libinit2.o(.ARM.Collect$$libinit$$00000013)
    .ARM.Collect$$libinit$$00000015          0x0800013e   Section        0  libinit2.o(.ARM.Collect$$libinit$$00000015)
    .ARM.Collect$$libinit$$00000017          0x0800013e   Section        0  libinit2.o(.ARM.Collect$$libinit$$00000017)
    .ARM.Collect$$libinit$$00000019          0x0800013e   Section        0  libinit2.o(.ARM.Collect$$libinit$$00000019)
    .ARM.Collect$$libinit$$0000001B          0x0800013e   Section        0  libinit2.o(.ARM.Collect$$libinit$$0000001B)
    .ARM.Collect$$libinit$$0000001D          0x0800013e   Section        0  libinit2.o(.ARM.Collect$$libinit$$0000001D)
    .ARM.Collect$$libinit$$0000001F          0x0800013e   Section        0  libinit2.o(.ARM.Collect$$libinit$$0000001F)
    .ARM.Collect$$libinit$$00000021          0x0800013e   Section        0  libinit2.o(.ARM.Collect$$libinit$$00000021)
    .ARM.Collect$$libinit$$00000023          0x0800013e   Section        0  libinit2.o(.ARM.Collect$$libinit$$00000023)
    .ARM.Collect$$libinit$$00000025          0x0800013e   Section        0  libinit2.o(.ARM.Collect$$libinit$$00000025)
    .ARM.Collect$$libinit$$0000002C          0x0800013e   Section        0  libinit2.o(.ARM.Collect$$libinit$$0000002C)
    .ARM.Collect$$libinit$$0000002E          0x0800013e   Section        0  libinit2.o(.ARM.Collect$$libinit$$0000002E)
    .ARM.Collect$$libinit$$00000030          0x0800013e   Section        0  libinit2.o(.ARM.Collect$$libinit$$00000030)
    .ARM.Collect$$libinit$$00000032          0x0800013e   Section        0  libinit2.o(.ARM.Collect$$libinit$$00000032)
    .ARM.Collect$$libinit$$00000033          0x0800013e   Section        2  libinit2.o(.ARM.Collect$$libinit$$00000033)
    .ARM.Collect$$libshutdown$$00000000      0x08000140   Section        2  libshutdown.o(.ARM.Collect$$libshutdown$$00000000)
    .ARM.Collect$$libshutdown$$00000002      0x08000142   Section        0  libshutdown2.o(.ARM.Collect$$libshutdown$$00000002)
    .ARM.Collect$$libshutdown$$00000004      0x08000142   Section        0  libshutdown2.o(.ARM.Collect$$libshutdown$$00000004)
    .ARM.Collect$$libshutdown$$00000007      0x08000142   Section        0  libshutdown2.o(.ARM.Collect$$libshutdown$$00000007)
    .ARM.Collect$$libshutdown$$0000000A      0x08000142   Section        0  libshutdown2.o(.ARM.Collect$$libshutdown$$0000000A)
    .ARM.Collect$$libshutdown$$0000000C      0x08000142   Section        0  libshutdown2.o(.ARM.Collect$$libshutdown$$0000000C)
    .ARM.Collect$$libshutdown$$0000000F      0x08000142   Section        0  libshutdown2.o(.ARM.Collect$$libshutdown$$0000000F)
    .ARM.Collect$$libshutdown$$00000010      0x08000142   Section        2  libshutdown2.o(.ARM.Collect$$libshutdown$$00000010)
    .ARM.Collect$$rtentry$$00000000          0x08000144   Section        0  __rtentry.o(.ARM.Collect$$rtentry$$00000000)
    .ARM.Collect$$rtentry$$00000002          0x08000144   Section        0  __rtentry2.o(.ARM.Collect$$rtentry$$00000002)
    .ARM.Collect$$rtentry$$00000004          0x08000144   Section        6  __rtentry4.o(.ARM.Collect$$rtentry$$00000004)
    .ARM.Collect$$rtentry$$00000009          0x0800014a   Section        0  __rtentry2.o(.ARM.Collect$$rtentry$$00000009)
    .ARM.Collect$$rtentry$$0000000A          0x0800014a   Section        4  __rtentry2.o(.ARM.Collect$$rtentry$$0000000A)
    .ARM.Collect$$rtentry$$0000000C          0x0800014e   Section        0  __rtentry2.o(.ARM.Collect$$rtentry$$0000000C)
    .ARM.Collect$$rtentry$$0000000D          0x0800014e   Section        8  __rtentry2.o(.ARM.Collect$$rtentry$$0000000D)
    .ARM.Collect$$rtexit$$00000000           0x08000156   Section        2  rtexit.o(.ARM.Collect$$rtexit$$00000000)
    .ARM.Collect$$rtexit$$00000002           0x08000158   Section        0  rtexit2.o(.ARM.Collect$$rtexit$$00000002)
    .ARM.Collect$$rtexit$$00000003           0x08000158   Section        4  rtexit2.o(.ARM.Collect$$rtexit$$00000003)
    .ARM.Collect$$rtexit$$00000004           0x0800015c   Section        6  rtexit2.o(.ARM.Collect$$rtexit$$00000004)
    .text                                    0x08000164   Section      116  startup_mm32l0xx.o(.text)
    .text                                    0x080001d8   Section        0  heapauxi.o(.text)
    .text                                    0x080001de   Section       62  sys_stackheap_outer.o(.text)
    .text                                    0x0800021c   Section        0  exit.o(.text)
    .text                                    0x0800022c   Section        8  libspace.o(.text)
    .text                                    0x08000234   Section        0  sys_exit.o(.text)
    .text                                    0x08000240   Section        2  use_no_semi.o(.text)
    .text                                    0x08000242   Section        0  indicate_semi.o(.text)
    i.ADC_COMP_IRQHandler                    0x08000244   Section        0  mm32l073_it.o(i.ADC_COMP_IRQHandler)
    i.AES_IRQHandler                         0x08000250   Section        0  mm32l073_it.o(i.AES_IRQHandler)
    i.CAN_IRQHandler                         0x0800025c   Section        0  mm32l073_it.o(i.CAN_IRQHandler)
    i.CRC16                                  0x08000268   Section        0  main.o(i.CRC16)
    i.CheckCodeBank                          0x08000294   Section        0  main.o(i.CheckCodeBank)
    i.ClearBank                              0x080002dc   Section        0  main.o(i.ClearBank)
    i.CopyB2A                                0x08000324   Section        0  main.o(i.CopyB2A)
    i.DMA1_Channel1_IRQHandler               0x08000388   Section        0  mm32l073_it.o(i.DMA1_Channel1_IRQHandler)
    i.DMA1_Channel2_3_IRQHandler             0x08000394   Section        0  mm32l073_it.o(i.DMA1_Channel2_3_IRQHandler)
    i.DMA1_Channel4_5_IRQHandler             0x080003a0   Section        0  mm32l073_it.o(i.DMA1_Channel4_5_IRQHandler)
    i.EXTI0_1_IRQHandler                     0x080003ac   Section        0  mm32l073_it.o(i.EXTI0_1_IRQHandler)
    i.EXTI2_3_IRQHandler                     0x080003b8   Section        0  mm32l073_it.o(i.EXTI2_3_IRQHandler)
    i.EXTI4_15_IRQHandler                    0x080003c4   Section        0  mm32l073_it.o(i.EXTI4_15_IRQHandler)
    i.FLASH_ErasePage                        0x080003d0   Section        0  hal_flash.o(i.FLASH_ErasePage)
    i.FLASH_GetStatus                        0x08000414   Section        0  hal_flash.o(i.FLASH_GetStatus)
    i.FLASH_IRQHandler                       0x0800043c   Section        0  mm32l073_it.o(i.FLASH_IRQHandler)
    i.FLASH_Lock                             0x08000448   Section        0  hal_flash.o(i.FLASH_Lock)
    i.FLASH_ProgramWord                      0x08000458   Section        0  hal_flash.o(i.FLASH_ProgramWord)
    i.FLASH_Unlock                           0x080004a0   Section        0  hal_flash.o(i.FLASH_Unlock)
    i.FLASH_WaitForLastOperation             0x080004b8   Section        0  hal_flash.o(i.FLASH_WaitForLastOperation)
    i.HardFault_Handler                      0x080004e8   Section        0  mm32l073_it.o(i.HardFault_Handler)
    i.I2C1_IRQHandler                        0x080004f4   Section        0  mm32l073_it.o(i.I2C1_IRQHandler)
    i.Jump2App                               0x08000500   Section        0  main.o(i.Jump2App)
    i.NMI_Handler                            0x0800051c   Section        0  mm32l073_it.o(i.NMI_Handler)
    i.PVD_IRQHandler                         0x08000528   Section        0  mm32l073_it.o(i.PVD_IRQHandler)
    i.PendSV_Handler                         0x08000534   Section        0  mm32l073_it.o(i.PendSV_Handler)
    i.RCC_APB2PeriphClockCmd                 0x08000540   Section        0  hal_rcc.o(i.RCC_APB2PeriphClockCmd)
    i.RCC_CRS_IRQHandler                     0x08000558   Section        0  mm32l073_it.o(i.RCC_CRS_IRQHandler)
    i.RTC_IRQHandler                         0x08000564   Section        0  mm32l073_it.o(i.RTC_IRQHandler)
    i.SPI1_IRQHandler                        0x08000570   Section        0  mm32l073_it.o(i.SPI1_IRQHandler)
    i.SPI2_IRQHandler                        0x0800057c   Section        0  mm32l073_it.o(i.SPI2_IRQHandler)
    i.SVC_Handler                            0x08000588   Section        0  mm32l073_it.o(i.SVC_Handler)
    i.SetSysClockTo48_HSI                    0x08000594   Section        0  system_mm32l0xx.o(i.SetSysClockTo48_HSI)
    SetSysClockTo48_HSI                      0x08000595   Thumb Code   108  system_mm32l0xx.o(i.SetSysClockTo48_HSI)
    i.SysTick_Handler                        0x08000608   Section        0  mm32l073_it.o(i.SysTick_Handler)
    i.SystemInit                             0x08000614   Section        0  system_mm32l0xx.o(i.SystemInit)
    i.TIM14_IRQHandler                       0x08000670   Section        0  mm32l073_it.o(i.TIM14_IRQHandler)
    i.TIM16_IRQHandler                       0x0800067c   Section        0  mm32l073_it.o(i.TIM16_IRQHandler)
    i.TIM17_IRQHandler                       0x08000688   Section        0  mm32l073_it.o(i.TIM17_IRQHandler)
    i.TIM1_BRK_UP_TRG_COM_IRQHandler         0x08000694   Section        0  mm32l073_it.o(i.TIM1_BRK_UP_TRG_COM_IRQHandler)
    i.TIM1_CC_IRQHandler                     0x080006a0   Section        0  mm32l073_it.o(i.TIM1_CC_IRQHandler)
    i.TIM2_IRQHandler                        0x080006ac   Section        0  mm32l073_it.o(i.TIM2_IRQHandler)
    i.TIM3_IRQHandler                        0x080006b8   Section        0  mm32l073_it.o(i.TIM3_IRQHandler)
    i.UART1_IRQHandler                       0x080006c4   Section        0  mm32l073_it.o(i.UART1_IRQHandler)
    i.UART2_IRQHandler                       0x080006d0   Section        0  mm32l073_it.o(i.UART2_IRQHandler)
    i.WWDG_IRQHandler                        0x080006dc   Section        0  mm32l073_it.o(i.WWDG_IRQHandler)
    i.main                                   0x080006e8   Section        0  main.o(i.main)
    .constdata                               0x0800070a   Section      512  main.o(.constdata)
    CrcCCITTTable                            0x0800070a   Data         512  main.o(.constdata)
    .data                                    0x20000000   Section        8  main.o(.data)
    .bss                                     0x20000008   Section       96  libspace.o(.bss)
    HEAP                                     0x20000068   Section      512  startup_mm32l0xx.o(HEAP)
    Heap_Mem                                 0x20000068   Data         512  startup_mm32l0xx.o(HEAP)
    STACK                                    0x20000268   Section     1024  startup_mm32l0xx.o(STACK)
    Stack_Mem                                0x20000268   Data        1024  startup_mm32l0xx.o(STACK)
    __initial_sp                             0x20000668   Data           0  startup_mm32l0xx.o(STACK)

    Global Symbols

    Symbol Name                              Value     Ov Type        Size  Object(Section)

    BuildAttributes$$THM_ISAv3M$S$PE$A:L22$X:L11$S22$IEEE1$IW$USESV6$~STKCKD$USESV7$~SHL$OSPACE$ROPI$EBA8$UX$STANDARDLIB$REQ8$PRES8$EABIv2 0x00000000   Number         0  anon$$obj.o ABSOLUTE
    __ARM_use_no_argv                        0x00000000   Number         0  main.o ABSOLUTE
    __ARM_exceptions_init                     - Undefined Weak Reference
    __alloca_initialize                       - Undefined Weak Reference
    __arm_preinit_                            - Undefined Weak Reference
    __cpp_initialize__aeabi_                  - Undefined Weak Reference
    __cxa_finalize                            - Undefined Weak Reference
    __rt_locale                               - Undefined Weak Reference
    __sigvec_lookup                           - Undefined Weak Reference
    _atexit_init                              - Undefined Weak Reference
    _call_atexit_fns                          - Undefined Weak Reference
    _clock_init                               - Undefined Weak Reference
    _fp_trap_init                             - Undefined Weak Reference
    _fp_trap_shutdown                         - Undefined Weak Reference
    _get_lc_collate                           - Undefined Weak Reference
    _get_lc_ctype                             - Undefined Weak Reference
    _get_lc_monetary                          - Undefined Weak Reference
    _get_lc_numeric                           - Undefined Weak Reference
    _get_lc_time                              - Undefined Weak Reference
    _getenv_init                              - Undefined Weak Reference
    _handle_redirection                       - Undefined Weak Reference
    _init_alloc                               - Undefined Weak Reference
    _init_user_alloc                          - Undefined Weak Reference
    _initio                                   - Undefined Weak Reference
    _rand_init                                - Undefined Weak Reference
    _signal_finish                            - Undefined Weak Reference
    _signal_init                              - Undefined Weak Reference
    _terminate_alloc                          - Undefined Weak Reference
    _terminate_user_alloc                     - Undefined Weak Reference
    _terminateio                              - Undefined Weak Reference
    __Vectors_Size                           0x000000c0   Number         0  startup_mm32l0xx.o ABSOLUTE
    __Vectors                                0x08000000   Data           4  startup_mm32l0xx.o(RESET)
    __Vectors_End                            0x080000c0   Data           0  startup_mm32l0xx.o(RESET)
    __main                                   0x080000c1   Thumb Code     8  __main.o(!!!main)
    __scatterload                            0x080000c9   Thumb Code     0  __scatter.o(!!!scatter)
    __scatterload_rt2                        0x080000c9   Thumb Code    52  __scatter.o(!!!scatter)
    __scatterload_rt2_thumb_only             0x080000c9   Thumb Code     0  __scatter.o(!!!scatter)
    __scatterload_null                       0x080000d9   Thumb Code     0  __scatter.o(!!!scatter)
    __scatterload_copy                       0x08000105   Thumb Code    26  __scatter_copy.o(!!handler_copy)
    __scatterload_zeroinit                   0x08000121   Thumb Code    28  __scatter_zi.o(!!handler_zi)
    __rt_lib_init                            0x0800013d   Thumb Code     0  libinit.o(.ARM.Collect$$libinit$$00000000)
    __rt_lib_init_alloca_1                   0x0800013f   Thumb Code     0  libinit2.o(.ARM.Collect$$libinit$$0000002E)
    __rt_lib_init_argv_1                     0x0800013f   Thumb Code     0  libinit2.o(.ARM.Collect$$libinit$$0000002C)
    __rt_lib_init_atexit_1                   0x0800013f   Thumb Code     0  libinit2.o(.ARM.Collect$$libinit$$0000001B)
    __rt_lib_init_clock_1                    0x0800013f   Thumb Code     0  libinit2.o(.ARM.Collect$$libinit$$00000021)
    __rt_lib_init_cpp_1                      0x0800013f   Thumb Code     0  libinit2.o(.ARM.Collect$$libinit$$00000032)
    __rt_lib_init_exceptions_1               0x0800013f   Thumb Code     0  libinit2.o(.ARM.Collect$$libinit$$00000030)
    __rt_lib_init_fp_1                       0x0800013f   Thumb Code     0  libinit2.o(.ARM.Collect$$libinit$$00000002)
    __rt_lib_init_fp_trap_1                  0x0800013f   Thumb Code     0  libinit2.o(.ARM.Collect$$libinit$$0000001F)
    __rt_lib_init_getenv_1                   0x0800013f   Thumb Code     0  libinit2.o(.ARM.Collect$$libinit$$00000023)
    __rt_lib_init_heap_1                     0x0800013f   Thumb Code     0  libinit2.o(.ARM.Collect$$libinit$$0000000A)
    __rt_lib_init_lc_collate_1               0x0800013f   Thumb Code     0  libinit2.o(.ARM.Collect$$libinit$$00000011)
    __rt_lib_init_lc_ctype_1                 0x0800013f   Thumb Code     0  libinit2.o(.ARM.Collect$$libinit$$00000013)
    __rt_lib_init_lc_monetary_1              0x0800013f   Thumb Code     0  libinit2.o(.ARM.Collect$$libinit$$00000015)
    __rt_lib_init_lc_numeric_1               0x0800013f   Thumb Code     0  libinit2.o(.ARM.Collect$$libinit$$00000017)
    __rt_lib_init_lc_time_1                  0x0800013f   Thumb Code     0  libinit2.o(.ARM.Collect$$libinit$$00000019)
    __rt_lib_init_preinit_1                  0x0800013f   Thumb Code     0  libinit2.o(.ARM.Collect$$libinit$$00000004)
    __rt_lib_init_rand_1                     0x0800013f   Thumb Code     0  libinit2.o(.ARM.Collect$$libinit$$0000000E)
    __rt_lib_init_return                     0x0800013f   Thumb Code     0  libinit2.o(.ARM.Collect$$libinit$$00000033)
    __rt_lib_init_signal_1                   0x0800013f   Thumb Code     0  libinit2.o(.ARM.Collect$$libinit$$0000001D)
    __rt_lib_init_stdio_1                    0x0800013f   Thumb Code     0  libinit2.o(.ARM.Collect$$libinit$$00000025)
    __rt_lib_init_user_alloc_1               0x0800013f   Thumb Code     0  libinit2.o(.ARM.Collect$$libinit$$0000000C)
    __rt_lib_shutdown                        0x08000141   Thumb Code     0  libshutdown.o(.ARM.Collect$$libshutdown$$00000000)
    __rt_lib_shutdown_cpp_1                  0x08000143   Thumb Code     0  libshutdown2.o(.ARM.Collect$$libshutdown$$00000002)
    __rt_lib_shutdown_fp_trap_1              0x08000143   Thumb Code     0  libshutdown2.o(.ARM.Collect$$libshutdown$$00000007)
    __rt_lib_shutdown_heap_1                 0x08000143   Thumb Code     0  libshutdown2.o(.ARM.Collect$$libshutdown$$0000000F)
    __rt_lib_shutdown_return                 0x08000143   Thumb Code     0  libshutdown2.o(.ARM.Collect$$libshutdown$$00000010)
    __rt_lib_shutdown_signal_1               0x08000143   Thumb Code     0  libshutdown2.o(.ARM.Collect$$libshutdown$$0000000A)
    __rt_lib_shutdown_stdio_1                0x08000143   Thumb Code     0  libshutdown2.o(.ARM.Collect$$libshutdown$$00000004)
    __rt_lib_shutdown_user_alloc_1           0x08000143   Thumb Code     0  libshutdown2.o(.ARM.Collect$$libshutdown$$0000000C)
    __rt_entry                               0x08000145   Thumb Code     0  __rtentry.o(.ARM.Collect$$rtentry$$00000000)
    __rt_entry_presh_1                       0x08000145   Thumb Code     0  __rtentry2.o(.ARM.Collect$$rtentry$$00000002)
    __rt_entry_sh                            0x08000145   Thumb Code     0  __rtentry4.o(.ARM.Collect$$rtentry$$00000004)
    __rt_entry_li                            0x0800014b   Thumb Code     0  __rtentry2.o(.ARM.Collect$$rtentry$$0000000A)
    __rt_entry_postsh_1                      0x0800014b   Thumb Code     0  __rtentry2.o(.ARM.Collect$$rtentry$$00000009)
    __rt_entry_main                          0x0800014f   Thumb Code     0  __rtentry2.o(.ARM.Collect$$rtentry$$0000000D)
    __rt_entry_postli_1                      0x0800014f   Thumb Code     0  __rtentry2.o(.ARM.Collect$$rtentry$$0000000C)
    __rt_exit                                0x08000157   Thumb Code     0  rtexit.o(.ARM.Collect$$rtexit$$00000000)
    __rt_exit_ls                             0x08000159   Thumb Code     0  rtexit2.o(.ARM.Collect$$rtexit$$00000003)
    __rt_exit_prels_1                        0x08000159   Thumb Code     0  rtexit2.o(.ARM.Collect$$rtexit$$00000002)
    __rt_exit_exit                           0x0800015d   Thumb Code     0  rtexit2.o(.ARM.Collect$$rtexit$$00000004)
    Reset_Handler                            0x08000165   Thumb Code    38  startup_mm32l0xx.o(.text)
    USB_IRQHandler                           0x08000195   Thumb Code     0  startup_mm32l0xx.o(.text)
    __user_initial_stackheap                 0x08000199   Thumb Code     0  startup_mm32l0xx.o(.text)
    __use_two_region_memory                  0x080001d9   Thumb Code     2  heapauxi.o(.text)
    __rt_heap_escrow$2region                 0x080001db   Thumb Code     2  heapauxi.o(.text)
    __rt_heap_expand$2region                 0x080001dd   Thumb Code     2  heapauxi.o(.text)
    __user_setup_stackheap                   0x080001df   Thumb Code    62  sys_stackheap_outer.o(.text)
    exit                                     0x0800021d   Thumb Code    16  exit.o(.text)
    __user_libspace                          0x0800022d   Thumb Code     8  libspace.o(.text)
    __user_perproc_libspace                  0x0800022d   Thumb Code     0  libspace.o(.text)
    __user_perthread_libspace                0x0800022d   Thumb Code     0  libspace.o(.text)
    _sys_exit                                0x08000235   Thumb Code     8  sys_exit.o(.text)
    __I$use$semihosting                      0x08000241   Thumb Code     0  use_no_semi.o(.text)
    __use_no_semihosting_swi                 0x08000241   Thumb Code     2  use_no_semi.o(.text)
    __semihosting_library_function           0x08000243   Thumb Code     0  indicate_semi.o(.text)
    ADC_COMP_IRQHandler                      0x08000245   Thumb Code     6  mm32l073_it.o(i.ADC_COMP_IRQHandler)
    AES_IRQHandler                           0x08000251   Thumb Code     6  mm32l073_it.o(i.AES_IRQHandler)
    CAN_IRQHandler                           0x0800025d   Thumb Code     6  mm32l073_it.o(i.CAN_IRQHandler)
    CRC16                                    0x08000269   Thumb Code    38  main.o(i.CRC16)
    CheckCodeBank                            0x08000295   Thumb Code    60  main.o(i.CheckCodeBank)
    ClearBank                                0x080002dd   Thumb Code    62  main.o(i.ClearBank)
    CopyB2A                                  0x08000325   Thumb Code    92  main.o(i.CopyB2A)
    DMA1_Channel1_IRQHandler                 0x08000389   Thumb Code     6  mm32l073_it.o(i.DMA1_Channel1_IRQHandler)
    DMA1_Channel2_3_IRQHandler               0x08000395   Thumb Code     6  mm32l073_it.o(i.DMA1_Channel2_3_IRQHandler)
    DMA1_Channel4_5_IRQHandler               0x080003a1   Thumb Code     6  mm32l073_it.o(i.DMA1_Channel4_5_IRQHandler)
    EXTI0_1_IRQHandler                       0x080003ad   Thumb Code     6  mm32l073_it.o(i.EXTI0_1_IRQHandler)
    EXTI2_3_IRQHandler                       0x080003b9   Thumb Code     6  mm32l073_it.o(i.EXTI2_3_IRQHandler)
    EXTI4_15_IRQHandler                      0x080003c5   Thumb Code     6  mm32l073_it.o(i.EXTI4_15_IRQHandler)
    FLASH_ErasePage                          0x080003d1   Thumb Code    56  hal_flash.o(i.FLASH_ErasePage)
    FLASH_GetStatus                          0x08000415   Thumb Code    34  hal_flash.o(i.FLASH_GetStatus)
    FLASH_IRQHandler                         0x0800043d   Thumb Code     6  mm32l073_it.o(i.FLASH_IRQHandler)
    FLASH_Lock                               0x08000449   Thumb Code    12  hal_flash.o(i.FLASH_Lock)
    FLASH_ProgramWord                        0x08000459   Thumb Code    62  hal_flash.o(i.FLASH_ProgramWord)
    FLASH_Unlock                             0x080004a1   Thumb Code    12  hal_flash.o(i.FLASH_Unlock)
    FLASH_WaitForLastOperation               0x080004b9   Thumb Code    46  hal_flash.o(i.FLASH_WaitForLastOperation)
    HardFault_Handler                        0x080004e9   Thumb Code     6  mm32l073_it.o(i.HardFault_Handler)
    I2C1_IRQHandler                          0x080004f5   Thumb Code     6  mm32l073_it.o(i.I2C1_IRQHandler)
    Jump2App                                 0x08000501   Thumb Code    18  main.o(i.Jump2App)
    NMI_Handler                              0x0800051d   Thumb Code     6  mm32l073_it.o(i.NMI_Handler)
    PVD_IRQHandler                           0x08000529   Thumb Code     6  mm32l073_it.o(i.PVD_IRQHandler)
    PendSV_Handler                           0x08000535   Thumb Code     6  mm32l073_it.o(i.PendSV_Handler)
    RCC_APB2PeriphClockCmd                   0x08000541   Thumb Code    18  hal_rcc.o(i.RCC_APB2PeriphClockCmd)
    RCC_CRS_IRQHandler                       0x08000559   Thumb Code     6  mm32l073_it.o(i.RCC_CRS_IRQHandler)
    RTC_IRQHandler                           0x08000565   Thumb Code     6  mm32l073_it.o(i.RTC_IRQHandler)
    SPI1_IRQHandler                          0x08000571   Thumb Code     6  mm32l073_it.o(i.SPI1_IRQHandler)
    SPI2_IRQHandler                          0x0800057d   Thumb Code     6  mm32l073_it.o(i.SPI2_IRQHandler)
    SVC_Handler                              0x08000589   Thumb Code     6  mm32l073_it.o(i.SVC_Handler)
    SysTick_Handler                          0x08000609   Thumb Code     6  mm32l073_it.o(i.SysTick_Handler)
    SystemInit                               0x08000615   Thumb Code    70  system_mm32l0xx.o(i.SystemInit)
    TIM14_IRQHandler                         0x08000671   Thumb Code     6  mm32l073_it.o(i.TIM14_IRQHandler)
    TIM16_IRQHandler                         0x0800067d   Thumb Code     6  mm32l073_it.o(i.TIM16_IRQHandler)
    TIM17_IRQHandler                         0x08000689   Thumb Code     6  mm32l073_it.o(i.TIM17_IRQHandler)
    TIM1_BRK_UP_TRG_COM_IRQHandler           0x08000695   Thumb Code     6  mm32l073_it.o(i.TIM1_BRK_UP_TRG_COM_IRQHandler)
    TIM1_CC_IRQHandler                       0x080006a1   Thumb Code     6  mm32l073_it.o(i.TIM1_CC_IRQHandler)
    TIM2_IRQHandler                          0x080006ad   Thumb Code     6  mm32l073_it.o(i.TIM2_IRQHandler)
    TIM3_IRQHandler                          0x080006b9   Thumb Code     6  mm32l073_it.o(i.TIM3_IRQHandler)
    UART1_IRQHandler                         0x080006c5   Thumb Code     6  mm32l073_it.o(i.UART1_IRQHandler)
    UART2_IRQHandler                         0x080006d1   Thumb Code     6  mm32l073_it.o(i.UART2_IRQHandler)
    WWDG_IRQHandler                          0x080006dd   Thumb Code     6  mm32l073_it.o(i.WWDG_IRQHandler)
    main                                     0x080006e9   Thumb Code    34  main.o(i.main)
    Region$$Table$$Base                      0x0800090c   Number         0  anon$$obj.o(Region$$Table)
    Region$$Table$$Limit                     0x0800092c   Number         0  anon$$obj.o(Region$$Table)
    Jump_To_Application                      0x20000000   Data           4  main.o(.data)
    JumpAddress                              0x20000004   Data           4  main.o(.data)
    __libspace_start                         0x20000008   Data          96  libspace.o(.bss)
    __temporary_stack_top$libspace           0x20000068   Data           0  libspace.o(.bss)



==============================================================================

Memory Map of the image

  Image Entry point : 0x080000c1

  Load Region LR_IROM1 (Base: 0x08000000, Size: 0x00000934, Max: 0x00020000, ABSOLUTE)

    Execution Region ER_IROM1 (Exec base: 0x08000000, Load base: 0x08000000, Size: 0x0000092c, Max: 0x00020000, ABSOLUTE)

    Exec Addr    Load Addr    Size         Type   Attr      Idx    E Section Name        Object

    0x08000000   0x08000000   0x000000c0   Data   RO           53    RESET               startup_mm32l0xx.o
    0x080000c0   0x080000c0   0x00000008   Code   RO         2888  * !!!main             c_p.l(__main.o)
    0x080000c8   0x080000c8   0x0000003c   Code   RO         3057    !!!scatter          c_p.l(__scatter.o)
    0x08000104   0x08000104   0x0000001a   Code   RO         3059    !!handler_copy      c_p.l(__scatter_copy.o)
    0x0800011e   0x0800011e   0x00000002   PAD
    0x08000120   0x08000120   0x0000001c   Code   RO         3061    !!handler_zi        c_p.l(__scatter_zi.o)
    0x0800013c   0x0800013c   0x00000002   Code   RO         2926    .ARM.Collect$$libinit$$00000000  c_p.l(libinit.o)
    0x0800013e   0x0800013e   0x00000000   Code   RO         2940    .ARM.Collect$$libinit$$00000002  c_p.l(libinit2.o)
    0x0800013e   0x0800013e   0x00000000   Code   RO         2942    .ARM.Collect$$libinit$$00000004  c_p.l(libinit2.o)
    0x0800013e   0x0800013e   0x00000000   Code   RO         2945    .ARM.Collect$$libinit$$0000000A  c_p.l(libinit2.o)
    0x0800013e   0x0800013e   0x00000000   Code   RO         2947    .ARM.Collect$$libinit$$0000000C  c_p.l(libinit2.o)
    0x0800013e   0x0800013e   0x00000000   Code   RO         2949    .ARM.Collect$$libinit$$0000000E  c_p.l(libinit2.o)
    0x0800013e   0x0800013e   0x00000000   Code   RO         2952    .ARM.Collect$$libinit$$00000011  c_p.l(libinit2.o)
    0x0800013e   0x0800013e   0x00000000   Code   RO         2954    .ARM.Collect$$libinit$$00000013  c_p.l(libinit2.o)
    0x0800013e   0x0800013e   0x00000000   Code   RO         2956    .ARM.Collect$$libinit$$00000015  c_p.l(libinit2.o)
    0x0800013e   0x0800013e   0x00000000   Code   RO         2958    .ARM.Collect$$libinit$$00000017  c_p.l(libinit2.o)
    0x0800013e   0x0800013e   0x00000000   Code   RO         2960    .ARM.Collect$$libinit$$00000019  c_p.l(libinit2.o)
    0x0800013e   0x0800013e   0x00000000   Code   RO         2962    .ARM.Collect$$libinit$$0000001B  c_p.l(libinit2.o)
    0x0800013e   0x0800013e   0x00000000   Code   RO         2964    .ARM.Collect$$libinit$$0000001D  c_p.l(libinit2.o)
    0x0800013e   0x0800013e   0x00000000   Code   RO         2966    .ARM.Collect$$libinit$$0000001F  c_p.l(libinit2.o)
    0x0800013e   0x0800013e   0x00000000   Code   RO         2968    .ARM.Collect$$libinit$$00000021  c_p.l(libinit2.o)
    0x0800013e   0x0800013e   0x00000000   Code   RO         2970    .ARM.Collect$$libinit$$00000023  c_p.l(libinit2.o)
    0x0800013e   0x0800013e   0x00000000   Code   RO         2972    .ARM.Collect$$libinit$$00000025  c_p.l(libinit2.o)
    0x0800013e   0x0800013e   0x00000000   Code   RO         2976    .ARM.Collect$$libinit$$0000002C  c_p.l(libinit2.o)
    0x0800013e   0x0800013e   0x00000000   Code   RO         2978    .ARM.Collect$$libinit$$0000002E  c_p.l(libinit2.o)
    0x0800013e   0x0800013e   0x00000000   Code   RO         2980    .ARM.Collect$$libinit$$00000030  c_p.l(libinit2.o)
    0x0800013e   0x0800013e   0x00000000   Code   RO         2982    .ARM.Collect$$libinit$$00000032  c_p.l(libinit2.o)
    0x0800013e   0x0800013e   0x00000002   Code   RO         2983    .ARM.Collect$$libinit$$00000033  c_p.l(libinit2.o)
    0x08000140   0x08000140   0x00000002   Code   RO         3014    .ARM.Collect$$libshutdown$$00000000  c_p.l(libshutdown.o)
    0x08000142   0x08000142   0x00000000   Code   RO         3040    .ARM.Collect$$libshutdown$$00000002  c_p.l(libshutdown2.o)
    0x08000142   0x08000142   0x00000000   Code   RO         3042    .ARM.Collect$$libshutdown$$00000004  c_p.l(libshutdown2.o)
    0x08000142   0x08000142   0x00000000   Code   RO         3045    .ARM.Collect$$libshutdown$$00000007  c_p.l(libshutdown2.o)
    0x08000142   0x08000142   0x00000000   Code   RO         3048    .ARM.Collect$$libshutdown$$0000000A  c_p.l(libshutdown2.o)
    0x08000142   0x08000142   0x00000000   Code   RO         3050    .ARM.Collect$$libshutdown$$0000000C  c_p.l(libshutdown2.o)
    0x08000142   0x08000142   0x00000000   Code   RO         3053    .ARM.Collect$$libshutdown$$0000000F  c_p.l(libshutdown2.o)
    0x08000142   0x08000142   0x00000002   Code   RO         3054    .ARM.Collect$$libshutdown$$00000010  c_p.l(libshutdown2.o)
    0x08000144   0x08000144   0x00000000   Code   RO         2890    .ARM.Collect$$rtentry$$00000000  c_p.l(__rtentry.o)
    0x08000144   0x08000144   0x00000000   Code   RO         2896    .ARM.Collect$$rtentry$$00000002  c_p.l(__rtentry2.o)
    0x08000144   0x08000144   0x00000006   Code   RO         2908    .ARM.Collect$$rtentry$$00000004  c_p.l(__rtentry4.o)
    0x0800014a   0x0800014a   0x00000000   Code   RO         2898    .ARM.Collect$$rtentry$$00000009  c_p.l(__rtentry2.o)
    0x0800014a   0x0800014a   0x00000004   Code   RO         2899    .ARM.Collect$$rtentry$$0000000A  c_p.l(__rtentry2.o)
    0x0800014e   0x0800014e   0x00000000   Code   RO         2901    .ARM.Collect$$rtentry$$0000000C  c_p.l(__rtentry2.o)
    0x0800014e   0x0800014e   0x00000008   Code   RO         2902    .ARM.Collect$$rtentry$$0000000D  c_p.l(__rtentry2.o)
    0x08000156   0x08000156   0x00000002   Code   RO         2931    .ARM.Collect$$rtexit$$00000000  c_p.l(rtexit.o)
    0x08000158   0x08000158   0x00000000   Code   RO         2987    .ARM.Collect$$rtexit$$00000002  c_p.l(rtexit2.o)
    0x08000158   0x08000158   0x00000004   Code   RO         2988    .ARM.Collect$$rtexit$$00000003  c_p.l(rtexit2.o)
    0x0800015c   0x0800015c   0x00000006   Code   RO         2989    .ARM.Collect$$rtexit$$00000004  c_p.l(rtexit2.o)
    0x08000162   0x08000162   0x00000002   PAD
    0x08000164   0x08000164   0x00000074   Code   RO           54    .text               startup_mm32l0xx.o
    0x080001d8   0x080001d8   0x00000006   Code   RO         2886    .text               c_p.l(heapauxi.o)
    0x080001de   0x080001de   0x0000003e   Code   RO         2912    .text               c_p.l(sys_stackheap_outer.o)
    0x0800021c   0x0800021c   0x00000010   Code   RO         2915    .text               c_p.l(exit.o)
    0x0800022c   0x0800022c   0x00000008   Code   RO         2927    .text               c_p.l(libspace.o)
    0x08000234   0x08000234   0x0000000c   Code   RO         2984    .text               c_p.l(sys_exit.o)
    0x08000240   0x08000240   0x00000002   Code   RO         3003    .text               c_p.l(use_no_semi.o)
    0x08000242   0x08000242   0x00000000   Code   RO         3005    .text               c_p.l(indicate_semi.o)
    0x08000242   0x08000242   0x00000002   PAD
    0x08000244   0x08000244   0x0000000c   Code   RO         2680    i.ADC_COMP_IRQHandler  mm32l073_it.o
    0x08000250   0x08000250   0x0000000c   Code   RO         2681    i.AES_IRQHandler    mm32l073_it.o
    0x0800025c   0x0800025c   0x0000000c   Code   RO         2682    i.CAN_IRQHandler    mm32l073_it.o
    0x08000268   0x08000268   0x0000002c   Code   RO         2618    i.CRC16             main.o
    0x08000294   0x08000294   0x00000048   Code   RO         2619    i.CheckCodeBank     main.o
    0x080002dc   0x080002dc   0x00000048   Code   RO         2620    i.ClearBank         main.o
    0x08000324   0x08000324   0x00000064   Code   RO         2621    i.CopyB2A           main.o
    0x08000388   0x08000388   0x0000000c   Code   RO         2683    i.DMA1_Channel1_IRQHandler  mm32l073_it.o
    0x08000394   0x08000394   0x0000000c   Code   RO         2684    i.DMA1_Channel2_3_IRQHandler  mm32l073_it.o
    0x080003a0   0x080003a0   0x0000000c   Code   RO         2685    i.DMA1_Channel4_5_IRQHandler  mm32l073_it.o
    0x080003ac   0x080003ac   0x0000000c   Code   RO         2686    i.EXTI0_1_IRQHandler  mm32l073_it.o
    0x080003b8   0x080003b8   0x0000000c   Code   RO         2687    i.EXTI2_3_IRQHandler  mm32l073_it.o
    0x080003c4   0x080003c4   0x0000000c   Code   RO         2688    i.EXTI4_15_IRQHandler  mm32l073_it.o
    0x080003d0   0x080003d0   0x00000044   Code   RO          900    i.FLASH_ErasePage   hal_flash.o
    0x08000414   0x08000414   0x00000028   Code   RO          905    i.FLASH_GetStatus   hal_flash.o
    0x0800043c   0x0800043c   0x0000000c   Code   RO         2689    i.FLASH_IRQHandler  mm32l073_it.o
    0x08000448   0x08000448   0x00000010   Code   RO          910    i.FLASH_Lock        hal_flash.o
    0x08000458   0x08000458   0x00000048   Code   RO          914    i.FLASH_ProgramWord  hal_flash.o
    0x080004a0   0x080004a0   0x00000018   Code   RO          917    i.FLASH_Unlock      hal_flash.o
    0x080004b8   0x080004b8   0x0000002e   Code   RO          919    i.FLASH_WaitForLastOperation  hal_flash.o
    0x080004e6   0x080004e6   0x00000002   PAD
    0x080004e8   0x080004e8   0x0000000c   Code   RO         2690    i.HardFault_Handler  mm32l073_it.o
    0x080004f4   0x080004f4   0x0000000c   Code   RO         2691    i.I2C1_IRQHandler   mm32l073_it.o
    0x08000500   0x08000500   0x0000001c   Code   RO         2622    i.Jump2App          main.o
    0x0800051c   0x0800051c   0x0000000c   Code   RO         2692    i.NMI_Handler       mm32l073_it.o
    0x08000528   0x08000528   0x0000000c   Code   RO         2693    i.PVD_IRQHandler    mm32l073_it.o
    0x08000534   0x08000534   0x0000000c   Code   RO         2694    i.PendSV_Handler    mm32l073_it.o
    0x08000540   0x08000540   0x00000018   Code   RO         1532    i.RCC_APB2PeriphClockCmd  hal_rcc.o
    0x08000558   0x08000558   0x0000000c   Code   RO         2695    i.RCC_CRS_IRQHandler  mm32l073_it.o
    0x08000564   0x08000564   0x0000000c   Code   RO         2696    i.RTC_IRQHandler    mm32l073_it.o
    0x08000570   0x08000570   0x0000000c   Code   RO         2697    i.SPI1_IRQHandler   mm32l073_it.o
    0x0800057c   0x0800057c   0x0000000c   Code   RO         2698    i.SPI2_IRQHandler   mm32l073_it.o
    0x08000588   0x08000588   0x0000000c   Code   RO         2699    i.SVC_Handler       mm32l073_it.o
    0x08000594   0x08000594   0x00000074   Code   RO            3    i.SetSysClockTo48_HSI  system_mm32l0xx.o
    0x08000608   0x08000608   0x0000000c   Code   RO         2700    i.SysTick_Handler   mm32l073_it.o
    0x08000614   0x08000614   0x0000005c   Code   RO            4    i.SystemInit        system_mm32l0xx.o
    0x08000670   0x08000670   0x0000000c   Code   RO         2701    i.TIM14_IRQHandler  mm32l073_it.o
    0x0800067c   0x0800067c   0x0000000c   Code   RO         2702    i.TIM16_IRQHandler  mm32l073_it.o
    0x08000688   0x08000688   0x0000000c   Code   RO         2703    i.TIM17_IRQHandler  mm32l073_it.o
    0x08000694   0x08000694   0x0000000c   Code   RO         2704    i.TIM1_BRK_UP_TRG_COM_IRQHandler  mm32l073_it.o
    0x080006a0   0x080006a0   0x0000000c   Code   RO         2705    i.TIM1_CC_IRQHandler  mm32l073_it.o
    0x080006ac   0x080006ac   0x0000000c   Code   RO         2706    i.TIM2_IRQHandler   mm32l073_it.o
    0x080006b8   0x080006b8   0x0000000c   Code   RO         2707    i.TIM3_IRQHandler   mm32l073_it.o
    0x080006c4   0x080006c4   0x0000000c   Code   RO         2708    i.UART1_IRQHandler  mm32l073_it.o
    0x080006d0   0x080006d0   0x0000000c   Code   RO         2709    i.UART2_IRQHandler  mm32l073_it.o
    0x080006dc   0x080006dc   0x0000000c   Code   RO         2710    i.WWDG_IRQHandler   mm32l073_it.o
    0x080006e8   0x080006e8   0x00000022   Code   RO         2623    i.main              main.o
    0x0800070a   0x0800070a   0x00000200   Data   RO         2624    .constdata          main.o
    0x0800090a   0x0800090a   0x00000002   PAD
    0x0800090c   0x0800090c   0x00000020   Data   RO         3055    Region$$Table       anon$$obj.o


    Execution Region RW_IRAM1 (Exec base: 0x20000000, Load base: 0x0800092c, Size: 0x00000668, Max: 0x00002000, ABSOLUTE)

    Exec Addr    Load Addr    Size         Type   Attr      Idx    E Section Name        Object

    0x20000000   0x0800092c   0x00000008   Data   RW         2625    .data               main.o
    0x20000008        -       0x00000060   Zero   RW         2928    .bss                c_p.l(libspace.o)
    0x20000068        -       0x00000200   Zero   RW           52    HEAP                startup_mm32l0xx.o
    0x20000268        -       0x00000400   Zero   RW           51    STACK               startup_mm32l0xx.o


==============================================================================

Image component sizes


      Code (inc. data)   RO Data    RW Data    ZI Data      Debug   Object Name

       266         44          0          0          0      10997   hal_flash.o
        24          6          0          0          0        577   hal_rcc.o
       350         46        512          8          0       5544   main.o
       372        186          0          0          0      13987   mm32l073_it.o
       116         56        192          0       1536        712   startup_mm32l0xx.o
       208         30          0          0          0     113201   system_mm32l0xx.o

    ----------------------------------------------------------------------
      1338        368        738          8       1536     145018   Object Totals
         0          0         32          0          0          0   (incl. Generated)
         2          0          2          0          0          0   (incl. Padding)

    ----------------------------------------------------------------------

      Code (inc. data)   RO Data    RW Data    ZI Data      Debug   Library Member Name

         8          0          0          0          0         68   __main.o
         0          0          0          0          0          0   __rtentry.o
        12          0          0          0          0          0   __rtentry2.o
         6          0          0          0          0          0   __rtentry4.o
        60          8          0          0          0          0   __scatter.o
        26          0          0          0          0          0   __scatter_copy.o
        28          0          0          0          0          0   __scatter_zi.o
        16          0          0          0          0         68   exit.o
         6          0          0          0          0        136   heapauxi.o
         0          0          0          0          0          0   indicate_semi.o
         2          0          0          0          0          0   libinit.o
         2          0          0          0          0          0   libinit2.o
         2          0          0          0          0          0   libshutdown.o
         2          0          0          0          0          0   libshutdown2.o
         8          4          0          0         96         68   libspace.o
         2          0          0          0          0          0   rtexit.o
        10          0          0          0          0          0   rtexit2.o
        12          4          0          0          0         60   sys_exit.o
        62          0          0          0          0         80   sys_stackheap_outer.o
         2          0          0          0          0         68   use_no_semi.o

    ----------------------------------------------------------------------
       272         16          0          0         96        548   Library Totals
         6          0          0          0          0          0   (incl. Padding)

    ----------------------------------------------------------------------

      Code (inc. data)   RO Data    RW Data    ZI Data      Debug   Library Name

       266         16          0          0         96        548   c_p.l

    ----------------------------------------------------------------------
       272         16          0          0         96        548   Library Totals

    ----------------------------------------------------------------------

==============================================================================


      Code (inc. data)   RO Data    RW Data    ZI Data      Debug   

      1610        384        738          8       1632     143582   Grand Totals
      1610        384        738          8       1632     143582   ELF Image Totals
      1610        384        738          8          0          0   ROM Totals

==============================================================================

    Total RO  Size (Code + RO Data)                 2348 (   2.29kB)
    Total RW  Size (RW Data + ZI Data)              1640 (   1.60kB)
    Total ROM Size (Code + RO Data + RW Data)       2356 (   2.30kB)

==============================================================================

