<html>
<body>
<pre>
<h1>礦ision Build Log</h1>
<h2>Tool Versions:</h2>
IDE-Version: μVision V5.30.0.0
Copyright (C) 2020 ARM Ltd and ARM Germany GmbH. All rights reserved.
License Information: CP CP, CP, LIC=LJWQD-8FB75-HR3XN-Y6X1N-BKKDN-G5BAZ
 
Tool Versions:
Toolchain:       MDK-ARM Professional  Version: 5.30.0.0
Toolchain Path:  C:\Keil_v5\ARM\ARMCC\Bin
C Compiler:      Armcc.exe V5.06 update 6 (build 750)
Assembler:       Armasm.exe V5.06 update 6 (build 750)
Linker/Locator:  ArmLink.exe V5.06 update 6 (build 750)
Library Manager: ArmAr.exe V5.06 update 6 (build 750)
Hex Converter:   FromElf.exe V5.06 update 6 (build 750)
CPU DLL:         SARMCM3.DLL V5.30.0.0
Dialog DLL:      DARMCM1.DLL V1.19.3.0
Target DLL:      MM32LINKCM3.dll V1.0.0.0
Dialog DLL:      TARMCM1.DLL V1.14.2.0
 
<h2>Project:</h2>
D:\MM32\mm32_fw\OTA\N版ota\L0xx_Bootloader\L0xx_Bootloader\RVMDK\L0xx_Bootloader.uvprojx
Project File Date:  06/03/2020

<h2>Output:</h2>
*** Using Compiler 'V5.06 update 6 (build 750)', folder: 'C:\Keil_v5\ARM\ARMCC\Bin'
Rebuild target 'MM32L073'
assembling startup_MM32L0xx.s...
compiling main.c...
..\User\boot.h(23): warning:  #1-D: last line of file ends without a newline
  //extern uint8_t  Boot_value; // RAM 标志位
..\User\main.c: 1 warning, 0 errors
compiling HAL_syscfg.c...
compiling system_MM32L0xx.c...
compiling HAL_misc.c...
compiling HAL_gpio.c...
compiling MM32L073_it.c...
..\User\boot.h(23): warning:  #1-D: last line of file ends without a newline
  //extern uint8_t  Boot_value; // RAM 标志位
..\User\MM32L073_it.c: 1 warning, 0 errors
compiling HAL_flash.c...
compiling HAL_rcc.c...
linking...
Program Size: Code=1640 RO-data=224 RW-data=8 ZI-data=1024  
FromELF: creating hex file...
".\Objects\L0xx_Bootloader.axf" - 0 Error(s), 2 Warning(s).

<h2>Software Packages used:</h2>

Package Vendor: ARM
                http://www.keil.com/pack/ARM.CMSIS.5.7.0.pack
                ARM.CMSIS.5.7.0
                CMSIS (Cortex Microcontroller Software Interface Standard)
   * Component: CORE Version: 5.4.0

Package Vendor: MindMotion
                http://www.mindmotion.com.cn/Download/MDK_KEIL/MindMotion.MM32L0xx_DFP.1.0.8.pack
                MindMotion.MM32L0xx_DFP.1.0.8
                MindMotion MM32L0xx Series Device Support, Drivers and Examples

<h2>Collection of Component include folders:</h2>
  .\RTE\_MM32L073
  C:\Users\24716\AppData\Local\Arm\Packs\ARM\CMSIS\5.7.0\CMSIS\Core\Include
  C:\Users\24716\AppData\Local\Arm\Packs\MindMotion\MM32L0xx_DFP\1.0.8\Device\MM32L0xx\Include

<h2>Collection of Component Files used:</h2>

   * Component: ARM::CMSIS:CORE:5.4.0
Build Time Elapsed:  00:00:01
</pre>
</body>
</html>
