<html>
<body>
<pre>
<h1>µVision Build Log</h1>
<h2>Tool Versions:</h2>
IDE-Version: ¦ÌVision V5.27.1.0
Copyright (C) 2019 ARM Ltd and ARM Germany GmbH. All rights reserved.
License Information: z h, aa, LIC=8MZCX-H3GE3-MR3XP-MAXEF-2BWKF-LBEIW
 
Tool Versions:
Toolchain:       MDK-ARM Professional  Version: 5.27.1.0
Toolchain Path:  C:\Keil_v5\ARM\ARMCLANG\Bin
C Compiler:      ArmClang.exe V6.12
Assembler:       Armasm.exe V6.12
Linker/Locator:  ArmLink.exe V6.12
Library Manager: ArmAr.exe V6.12
Hex Converter:   FromElf.exe V6.12
CPU DLL:         SARMCM3.DLL V5.27.1.0
Dialog DLL:      DARMCM1.DLL V1.19.2.0
Target DLL:      UL2CM3.DLL V1.162.15.0
Dialog DLL:      TARMCM1.DLL V1.14.1.0
 
<h2>Project:</h2>
D:\t\aaRTOS\RT_thread_M0\BootApp\L0xx_Bootloader\L0xx_Bootloader\RVMDK\L0xx_Bootloader.uvprojx
Project File Date:  08/14/2019

<h2>Output:</h2>
*** Using Compiler 'V6.12', folder: 'C:\Keil_v5\ARM\ARMCLANG\Bin'
Build target 'MM32L073'
compiling main.c...
compiling MM32L073_it.c...
compiling HAL_flash.c...
compiling HAL_misc.c...
compiling HAL_syscfg.c...
compiling HAL_rcc.c...
assembling startup_MM32L0xx.s...
compiling system_MM32L0xx.c...
linking...
Program Size: Code=996 RO-data=208 RW-data=0 ZI-data=1032  
FromELF: creating hex file...
After Build - User command #1: C:\Keil_v5\ARM\ARMCC\bin\fromelf.exe  --bin -o  ..\RVMDK\Objects\Bootloader.bin ..\RVMDK\Objects\USB_HID.axf
".\Objects\USB_HID.axf" - 0 Error(s), 0 Warning(s).

<h2>Software Packages used:</h2>

Package Vendor: ARM
                http://www.keil.com/pack/ARM.CMSIS.5.5.1.pack
                ARM.CMSIS.5.5.1
                CMSIS (Cortex Microcontroller Software Interface Standard)
   * Component: CORE Version: 5.2.0

Package Vendor: MindMotion
                http://www.mindmotion.com.cn/Download/MDK_KEIL/MindMotion.MM32L0xx_DFP.1.0.6.pack
                MindMotion.MM32L0xx_DFP.1.0.6
                MindMotion MM32L0xx Series Device Support, Drivers and Examples

<h2>Collection of Component include folders:</h2>
  .\RTE\_MM32L073
  C:\Users\fjhzs\AppData\Local\Arm\Packs\ARM\CMSIS\5.5.1\CMSIS\Core\Include
  C:\Users\fjhzs\AppData\Local\Arm\Packs\MindMotion\MM32L0xx_DFP\1.0.6\Device\MM32L0xx\Include

<h2>Collection of Component Files used:</h2>

   * Component: ARM::CMSIS:CORE:5.2.0
Build Time Elapsed:  00:00:02
</pre>
</body>
</html>
